<html>
<body>
<pre>
<h1>µVision Build Log</h1>
<h2>Tool Versions:</h2>
IDE-Version: ¦ÌVision V5.33.0.0
Copyright (C) 2020 ARM Ltd and ARM Germany GmbH. All rights reserved.
License Information: 1 1, 1, LIC=14HV2-90MWH-45VT5-GD81B-TM53V-KS911
 
Tool Versions:
Toolchain:       MDK-ARM Plus  Version: 5.33.0.0
Toolchain Path:  D:\Keil_v5\ARM\ARMCC\Bin
C Compiler:      Armcc.exe V5.06 update 7 (build 960)
Assembler:       Armasm.exe V5.06 update 7 (build 960)
Linker/Locator:  ArmLink.exe V5.06 update 7 (build 960)
Library Manager: ArmAr.exe V5.06 update 7 (build 960)
Hex Converter:   FromElf.exe V5.06 update 7 (build 960)
CPU DLL:         SARMCM3.DLL V5.33.0.0
Dialog DLL:      DCM.DLL V1.17.3.0
Target DLL:      CMSIS_AGDI.dll V1.32.12.0
Dialog DLL:      TCM.DLL V1.48.0.0
 
<h2>Project:</h2>
E:\F407_CODE\FreeRTOS_PRO\35-FreeRTOS-USB\Project\RVMDK£¨uv5£©\Fire_FreeRTOS.uvprojx
Project File Date:  10/19/2023

<h2>Output:</h2>
*** Using Compiler 'V5.06 update 7 (build 960)', folder: 'D:\Keil_v5\ARM\ARMCC\Bin'
Build target 'Fire_FreeRTOS'
compiling diskio.c...
..\..\User\FatFs\diskio.c(190): warning:  #111-D: statement is unreachable
  		break;   
..\..\User\FatFs\diskio.c(270): warning:  #111-D: statement is unreachable
  		break;
..\..\User\FatFs\diskio.c: 2 warnings, 0 errors
compiling bsp_sdio_sd.c...
..\..\User\sdio\bsp_sdio_sd.c(278): warning:  #177-D: function "NVIC_Configuration"  was declared but never referenced
  static void NVIC_Configuration(void)
..\..\User\sdio\bsp_sdio_sd.c: 1 warning, 0 errors
linking...
Program Size: Code=27600 RO-data=176804 RW-data=324 ZI-data=33364  
FromELF: creating hex file...
"..\..\Output\Fire_FreeRTOS.axf" - 0 Error(s), 3 Warning(s).

<h2>Software Packages used:</h2>

Package Vendor: Keil
                http://www.keil.com/pack/Keil.STM32F4xx_DFP.2.16.0.pack
                Keil.STM32F4xx_DFP.2.16.0
                STMicroelectronics STM32F4 Series Device Support, Drivers and Examples

<h2>Collection of Component include folders:</h2>
  D:\Keil_v5\Local\Arm\Packs\Keil\STM32F4xx_DFP\2.16.0\Drivers\CMSIS\Device\ST\STM32F4xx\Include

<h2>Collection of Component Files used:</h2>
Build Time Elapsed:  00:00:02
</pre>
</body>
</html>
