Component: ARM Compiler 5.06 update 7 (build 960) Tool: armlink [4d3601]

==============================================================================

Section Cross References

    startup_stm32f40xx.o(RESET) refers to startup_stm32f40xx.o(STACK) for __initial_sp
    startup_stm32f40xx.o(RESET) refers to startup_stm32f40xx.o(.text) for Reset_Handler
    startup_stm32f40xx.o(RESET) refers to stm32f4xx_it.o(i.NMI_Handler) for NMI_Handler
    startup_stm32f40xx.o(RESET) refers to stm32f4xx_it.o(i.HardFault_Handler) for HardFault_Handler
    startup_stm32f40xx.o(RESET) refers to stm32f4xx_it.o(i.MemManage_Handler) for MemManage_Handler
    startup_stm32f40xx.o(RESET) refers to stm32f4xx_it.o(i.BusFault_Handler) for BusFault_Handler
    startup_stm32f40xx.o(RESET) refers to stm32f4xx_it.o(i.UsageFault_Handler) for UsageFault_Handler
    startup_stm32f40xx.o(RESET) refers to port.o(.emb_text) for SVC_Handler
    startup_stm32f40xx.o(RESET) refers to stm32f4xx_it.o(i.DebugMon_Handler) for DebugMon_Handler
    startup_stm32f40xx.o(RESET) refers to stm32f4xx_it.o(i.SysTick_Handler) for SysTick_Handler
    startup_stm32f40xx.o(RESET) refers to bsp_sdio_sd.o(i.SDIO_IRQHandler) for SDIO_IRQHandler
    startup_stm32f40xx.o(RESET) refers to bsp_sdio_sd.o(i.DMA2_Stream3_IRQHandler) for DMA2_Stream3_IRQHandler
    startup_stm32f40xx.o(RESET) refers to stm32f4xx_it.o(i.OTG_FS_IRQHandler) for OTG_FS_IRQHandler
    startup_stm32f40xx.o(.text) refers to system_stm32f4xx.o(i.SystemInit) for SystemInit
    startup_stm32f40xx.o(.text) refers to entry.o(.ARM.Collect$$$$00000000) for __main
    system_stm32f4xx.o(i.SystemCoreClockUpdate) refers to system_stm32f4xx.o(.data) for .data
    system_stm32f4xx.o(i.SystemInit) refers to system_stm32f4xx.o(i.SetSysClock) for SetSysClock
    stm32f4xx_adc.o(i.ADC_DeInit) refers to stm32f4xx_rcc.o(i.RCC_APB2PeriphResetCmd) for RCC_APB2PeriphResetCmd
    stm32f4xx_can.o(i.CAN_DeInit) refers to stm32f4xx_rcc.o(i.RCC_APB1PeriphResetCmd) for RCC_APB1PeriphResetCmd
    stm32f4xx_can.o(i.CAN_GetITStatus) refers to stm32f4xx_can.o(i.CheckITStatus) for CheckITStatus
    stm32f4xx_cryp.o(i.CRYP_DeInit) refers to stm32f4xx_rcc.o(i.RCC_AHB2PeriphResetCmd) for RCC_AHB2PeriphResetCmd
    stm32f4xx_cryp_aes.o(i.CRYP_AES_CBC) refers to stm32f4xx_cryp.o(i.CRYP_KeyStructInit) for CRYP_KeyStructInit
    stm32f4xx_cryp_aes.o(i.CRYP_AES_CBC) refers to stm32f4xx_cryp.o(i.CRYP_KeyInit) for CRYP_KeyInit
    stm32f4xx_cryp_aes.o(i.CRYP_AES_CBC) refers to stm32f4xx_cryp.o(i.CRYP_Init) for CRYP_Init
    stm32f4xx_cryp_aes.o(i.CRYP_AES_CBC) refers to stm32f4xx_cryp.o(i.CRYP_IVInit) for CRYP_IVInit
    stm32f4xx_cryp_aes.o(i.CRYP_AES_CBC) refers to stm32f4xx_cryp.o(i.CRYP_FIFOFlush) for CRYP_FIFOFlush
    stm32f4xx_cryp_aes.o(i.CRYP_AES_CBC) refers to stm32f4xx_cryp.o(i.CRYP_Cmd) for CRYP_Cmd
    stm32f4xx_cryp_aes.o(i.CRYP_AES_CBC) refers to stm32f4xx_cryp.o(i.CRYP_GetCmdStatus) for CRYP_GetCmdStatus
    stm32f4xx_cryp_aes.o(i.CRYP_AES_CBC) refers to stm32f4xx_cryp.o(i.CRYP_GetFlagStatus) for CRYP_GetFlagStatus
    stm32f4xx_cryp_aes.o(i.CRYP_AES_CBC) refers to stm32f4xx_cryp.o(i.CRYP_DataIn) for CRYP_DataIn
    stm32f4xx_cryp_aes.o(i.CRYP_AES_CBC) refers to stm32f4xx_cryp.o(i.CRYP_DataOut) for CRYP_DataOut
    stm32f4xx_cryp_aes.o(i.CRYP_AES_CCM) refers to stm32f4xx_cryp.o(i.CRYP_KeyStructInit) for CRYP_KeyStructInit
    stm32f4xx_cryp_aes.o(i.CRYP_AES_CCM) refers to stm32f4xx_cryp.o(i.CRYP_FIFOFlush) for CRYP_FIFOFlush
    stm32f4xx_cryp_aes.o(i.CRYP_AES_CCM) refers to stm32f4xx_cryp.o(i.CRYP_KeyInit) for CRYP_KeyInit
    stm32f4xx_cryp_aes.o(i.CRYP_AES_CCM) refers to stm32f4xx_cryp.o(i.CRYP_IVInit) for CRYP_IVInit
    stm32f4xx_cryp_aes.o(i.CRYP_AES_CCM) refers to stm32f4xx_cryp.o(i.CRYP_Init) for CRYP_Init
    stm32f4xx_cryp_aes.o(i.CRYP_AES_CCM) refers to stm32f4xx_cryp.o(i.CRYP_PhaseConfig) for CRYP_PhaseConfig
    stm32f4xx_cryp_aes.o(i.CRYP_AES_CCM) refers to stm32f4xx_cryp.o(i.CRYP_DataIn) for CRYP_DataIn
    stm32f4xx_cryp_aes.o(i.CRYP_AES_CCM) refers to stm32f4xx_cryp.o(i.CRYP_Cmd) for CRYP_Cmd
    stm32f4xx_cryp_aes.o(i.CRYP_AES_CCM) refers to stm32f4xx_cryp.o(i.CRYP_GetCmdStatus) for CRYP_GetCmdStatus
    stm32f4xx_cryp_aes.o(i.CRYP_AES_CCM) refers to stm32f4xx_cryp.o(i.CRYP_GetFlagStatus) for CRYP_GetFlagStatus
    stm32f4xx_cryp_aes.o(i.CRYP_AES_CCM) refers to stm32f4xx_cryp.o(i.CRYP_DataOut) for CRYP_DataOut
    stm32f4xx_cryp_aes.o(i.CRYP_AES_CTR) refers to stm32f4xx_cryp.o(i.CRYP_KeyStructInit) for CRYP_KeyStructInit
    stm32f4xx_cryp_aes.o(i.CRYP_AES_CTR) refers to stm32f4xx_cryp.o(i.CRYP_KeyInit) for CRYP_KeyInit
    stm32f4xx_cryp_aes.o(i.CRYP_AES_CTR) refers to stm32f4xx_cryp.o(i.CRYP_Init) for CRYP_Init
    stm32f4xx_cryp_aes.o(i.CRYP_AES_CTR) refers to stm32f4xx_cryp.o(i.CRYP_IVInit) for CRYP_IVInit
    stm32f4xx_cryp_aes.o(i.CRYP_AES_CTR) refers to stm32f4xx_cryp.o(i.CRYP_FIFOFlush) for CRYP_FIFOFlush
[...]
    follow_path                              0x080050e9   Thumb Code   102  ff.o(i.follow_path)
    i.fputc                                  0x08005150   Section        0  bsp_debug_usart.o(i.fputc)
    i.gen_numname                            0x08005174   Section        0  ff.o(i.gen_numname)
    gen_numname                              0x08005175   Thumb Code   134  ff.o(i.gen_numname)
    i.get_fat                                0x08005200   Section        0  ff.o(i.get_fat)
    i.get_fattime                            0x080052f4   Section        0  diskio.o(i.get_fattime)
    i.get_ldnumber                           0x080052fc   Section        0  ff.o(i.get_ldnumber)
    get_ldnumber                             0x080052fd   Thumb Code    60  ff.o(i.get_ldnumber)
    i.ld_clust                               0x08005338   Section        0  ff.o(i.ld_clust)
    ld_clust                                 0x08005339   Thumb Code    18  ff.o(i.ld_clust)
    i.lock_fs                                0x0800534a   Section        0  ff.o(i.lock_fs)
    lock_fs                                  0x0800534b   Thumb Code     6  ff.o(i.lock_fs)
    i.main                                   0x08005350   Section        0  main.o(i.main)
    i.mem_cpy                                0x080053e0   Section        0  ff.o(i.mem_cpy)
    mem_cpy                                  0x080053e1   Thumb Code    16  ff.o(i.mem_cpy)
    i.mem_set                                0x080053f0   Section        0  ff.o(i.mem_set)
    mem_set                                  0x080053f1   Thumb Code    14  ff.o(i.mem_set)
    i.move_window                            0x080053fe   Section        0  ff.o(i.move_window)
    move_window                              0x080053ff   Thumb Code    50  ff.o(i.move_window)
    i.prvAddCurrentTaskToDelayedList         0x08005430   Section        0  tasks.o(i.prvAddCurrentTaskToDelayedList)
    prvAddCurrentTaskToDelayedList           0x08005431   Thumb Code   102  tasks.o(i.prvAddCurrentTaskToDelayedList)
    i.prvAddNewTaskToReadyList               0x080054a0   Section        0  tasks.o(i.prvAddNewTaskToReadyList)
    prvAddNewTaskToReadyList                 0x080054a1   Thumb Code   190  tasks.o(i.prvAddNewTaskToReadyList)
    i.prvCheckTasksWaitingTermination        0x08005570   Section        0  tasks.o(i.prvCheckTasksWaitingTermination)
    prvCheckTasksWaitingTermination          0x08005571   Thumb Code    74  tasks.o(i.prvCheckTasksWaitingTermination)
    i.prvCopyDataFromQueue                   0x080055c4   Section        0  queue.o(i.prvCopyDataFromQueue)
    prvCopyDataFromQueue                     0x080055c5   Thumb Code    38  queue.o(i.prvCopyDataFromQueue)
    i.prvCopyDataToQueue                     0x080055ea   Section        0  queue.o(i.prvCopyDataToQueue)
    prvCopyDataToQueue                       0x080055eb   Thumb Code   108  queue.o(i.prvCopyDataToQueue)
    i.prvDeleteTCB                           0x08005656   Section        0  tasks.o(i.prvDeleteTCB)
    prvDeleteTCB                             0x08005657   Thumb Code    20  tasks.o(i.prvDeleteTCB)
    i.prvHeapInit                            0x0800566c   Section        0  heap_4.o(i.prvHeapInit)
    prvHeapInit                              0x0800566d   Thumb Code    66  heap_4.o(i.prvHeapInit)
    i.prvIdleTask                            0x080056b8   Section        0  tasks.o(i.prvIdleTask)
    prvIdleTask                              0x080056b9   Thumb Code    30  tasks.o(i.prvIdleTask)
    i.prvInitialiseNewTask                   0x080056e0   Section        0  tasks.o(i.prvInitialiseNewTask)
    prvInitialiseNewTask                     0x080056e1   Thumb Code   142  tasks.o(i.prvInitialiseNewTask)
    i.prvInsertBlockIntoFreeList             0x0800579c   Section        0  heap_4.o(i.prvInsertBlockIntoFreeList)
    prvInsertBlockIntoFreeList               0x0800579d   Thumb Code    72  heap_4.o(i.prvInsertBlockIntoFreeList)
    i.prvIsQueueEmpty                        0x080057e8   Section        0  queue.o(i.prvIsQueueEmpty)
    prvIsQueueEmpty                          0x080057e9   Thumb Code    26  queue.o(i.prvIsQueueEmpty)
    i.prvResetNextTaskUnblockTime            0x08005804   Section        0  tasks.o(i.prvResetNextTaskUnblockTime)
    prvResetNextTaskUnblockTime              0x08005805   Thumb Code    26  tasks.o(i.prvResetNextTaskUnblockTime)
    i.prvTaskExitError                       0x08005824   Section        0  port.o(i.prvTaskExitError)
    prvTaskExitError                         0x08005825   Thumb Code    36  port.o(i.prvTaskExitError)
    i.prvUnlockQueue                         0x08005888   Section        0  queue.o(i.prvUnlockQueue)
    prvUnlockQueue                           0x08005889   Thumb Code   106  queue.o(i.prvUnlockQueue)
    i.put_fat                                0x080058f2   Section        0  ff.o(i.put_fat)
    i.pvPortMalloc                           0x08005a14   Section        0  heap_4.o(i.pvPortMalloc)
    i.pvTaskIncrementMutexHeldCount          0x08005b28   Section        0  tasks.o(i.pvTaskIncrementMutexHeldCount)
    i.pxPortInitialiseStack                  0x08005b40   Section        0  port.o(i.pxPortInitialiseStack)
    i.remove_chain                           0x08005b6c   Section        0  ff.o(i.remove_chain)
    remove_chain                             0x08005b6d   Thumb Code    98  ff.o(i.remove_chain)
    i.st_clust                               0x08005bce   Section        0  ff.o(i.st_clust)
    st_clust                                 0x08005bcf   Thumb Code    16  ff.o(i.st_clust)
    i.sum_sfn                                0x08005bde   Section        0  ff.o(i.sum_sfn)
    sum_sfn                                  0x08005bdf   Thumb Code    26  ff.o(i.sum_sfn)
    i.sync_fs                                0x08005bf8   Section        0  ff.o(i.sync_fs)
    sync_fs                                  0x08005bf9   Thumb Code   176  ff.o(i.sync_fs)
    i.sync_window                            0x08005ca8   Section        0  ff.o(i.sync_window)
    sync_window                              0x08005ca9   Thumb Code    82  ff.o(i.sync_window)
    i.unlock_fs                              0x08005cfa   Section        0  ff.o(i.unlock_fs)
    unlock_fs                                0x08005cfb   Thumb Code    28  ff.o(i.unlock_fs)
    i.uxListRemove                           0x08005d16   Section        0  list.o(i.uxListRemove)
    i.vListInitialise                        0x08005d3a   Section        0  list.o(i.vListInitialise)
    i.vListInitialiseItem                    0x08005d50   Section        0  list.o(i.vListInitialiseItem)
    i.vListInsert                            0x08005d56   Section        0  list.o(i.vListInsert)
    i.vListInsertEnd                         0x08005d86   Section        0  list.o(i.vListInsertEnd)
    i.vPortEnterCritical                     0x08005da0   Section        0  port.o(i.vPortEnterCritical)
    i.vPortExitCritical                      0x08005e18   Section        0  port.o(i.vPortExitCritical)
    i.vPortFree                              0x08005e7c   Section        0  heap_4.o(i.vPortFree)
    i.vPortSetupTimerInterrupt               0x08005f18   Section        0  port.o(i.vPortSetupTimerInterrupt)
    i.vQueueDelete                           0x08005f38   Section        0  queue.o(i.vQueueDelete)
    i.vQueueUnregisterQueue                  0x08005f88   Section        0  queue.o(i.vQueueUnregisterQueue)
    i.vTaskDelay                             0x08005fb0   Section        0  tasks.o(i.vTaskDelay)
    i.vTaskDelete                            0x08006024   Section        0  tasks.o(i.vTaskDelete)
    i.vTaskMissedYield                       0x080060f8   Section        0  tasks.o(i.vTaskMissedYield)
    i.vTaskPlaceOnEventList                  0x08006104   Section        0  tasks.o(i.vTaskPlaceOnEventList)
    i.vTaskPriorityInherit                   0x08006160   Section        0  tasks.o(i.vTaskPriorityInherit)
    i.vTaskSetTimeOutState                   0x080061e4   Section        0  tasks.o(i.vTaskSetTimeOutState)
    i.vTaskStartScheduler                    0x08006234   Section        0  tasks.o(i.vTaskStartScheduler)
    i.vTaskSuspendAll                        0x080062c8   Section        0  tasks.o(i.vTaskSuspendAll)
    i.vTaskSwitchContext                     0x080062d8   Section        0  tasks.o(i.vTaskSwitchContext)
    i.validate                               0x0800635c   Section        0  ff.o(i.validate)
    validate                                 0x0800635d   Thumb Code    52  ff.o(i.validate)
    i.xPortStartScheduler                    0x08006390   Section        0  port.o(i.xPortStartScheduler)
    i.xPortSysTickHandler                    0x080064a4   Section        0  port.o(i.xPortSysTickHandler)
    i.xQueueCreateMutex                      0x080064d0   Section        0  queue.o(i.xQueueCreateMutex)
    i.xQueueGenericCreate                    0x080064f4   Section        0  queue.o(i.xQueueGenericCreate)
    i.xQueueGenericReceive                   0x08006564   Section        0  queue.o(i.xQueueGenericReceive)
    i.xQueueGenericReset                     0x080066f0   Section        0  queue.o(i.xQueueGenericReset)
    i.xQueueGenericSend                      0x080067a0   Section        0  queue.o(i.xQueueGenericSend)
    i.xTaskCheckForTimeOut                   0x0800691c   Section        0  tasks.o(i.xTaskCheckForTimeOut)
    i.xTaskCreate                            0x080069ac   Section        0  tasks.o(i.xTaskCreate)
    i.xTaskGetSchedulerState                 0x08006a04   Section        0  tasks.o(i.xTaskGetSchedulerState)
    i.xTaskIncrementTick                     0x08006a20   Section        0  tasks.o(i.xTaskIncrementTick)
    i.xTaskPriorityDisinherit                0x08006b10   Section        0  tasks.o(i.xTaskPriorityDisinherit)
    i.xTaskRemoveFromEventList               0x08006bcc   Section        0  tasks.o(i.xTaskRemoveFromEventList)
    i.xTaskResumeAll                         0x08006c6c   Section        0  tasks.o(i.xTaskResumeAll)
    .constdata                               0x08006d58   Section       58  ff.o(.constdata)
    LfnOfs                                   0x08006d58   Data          13  ff.o(.constdata)
    vst                                      0x08006d66   Data          22  ff.o(.constdata)
    cst                                      0x08006d7c   Data          22  ff.o(.constdata)
    .constdata                               0x08006d92   Section    176320  cc936.o(.constdata)
    uni2oem                                  0x08006d92   Data       87172  cc936.o(.constdata)
    oem2uni                                  0x0801c216   Data       87172  cc936.o(.constdata)
    lower                                    0x0803169a   Data         988  cc936.o(.constdata)
    upper                                    0x08031a76   Data         988  cc936.o(.constdata)
    .data                                    0x20000000   Section       20  system_stm32f4xx.o(.data)
    .data                                    0x20000014   Section       16  stm32f4xx_rcc.o(.data)
    APBAHBPrescTable                         0x20000014   Data          16  stm32f4xx_rcc.o(.data)
    .data                                    0x20000024   Section        4  main.o(.data)
    AppTaskCreate_Handle                     0x20000024   Data           4  main.o(.data)
    .data                                    0x20000028   Section       24  bsp_sdio_sd.o(.data)
    CardType                                 0x2000002c   Data           4  bsp_sdio_sd.o(.data)
    RCA                                      0x20000030   Data           4  bsp_sdio_sd.o(.data)
    .data                                    0x20000040   Section       60  tasks.o(.data)
    uxDeletedTasksWaitingCleanUp             0x20000044   Data           4  tasks.o(.data)
    uxCurrentNumberOfTasks                   0x20000048   Data           4  tasks.o(.data)
    xTickCount                               0x2000004c   Data           4  tasks.o(.data)
    uxTopReadyPriority                       0x20000050   Data           4  tasks.o(.data)
    xSchedulerRunning                        0x20000054   Data           4  tasks.o(.data)
    uxPendedTicks                            0x20000058   Data           4  tasks.o(.data)
    xYieldPending                            0x2000005c   Data           4  tasks.o(.data)
    xNumOfOverflows                          0x20000060   Data           4  tasks.o(.data)
    uxTaskNumber                             0x20000064   Data           4  tasks.o(.data)
    xNextTaskUnblockTime                     0x20000068   Data           4  tasks.o(.data)
    xIdleTaskHandle                          0x2000006c   Data           4  tasks.o(.data)
    uxSchedulerSuspended                     0x20000070   Data           4  tasks.o(.data)
    pxDelayedTaskList                        0x20000074   Data           4  tasks.o(.data)
    pxOverflowDelayedTaskList                0x20000078   Data           4  tasks.o(.data)
    .data                                    0x2000007c   Section       24  heap_4.o(.data)
    pxEnd                                    0x2000007c   Data           4  heap_4.o(.data)
    xFreeBytesRemaining                      0x20000080   Data           4  heap_4.o(.data)
    xMinimumEverFreeBytesRemaining           0x20000084   Data           4  heap_4.o(.data)
    xBlockAllocatedBit                       0x20000088   Data           4  heap_4.o(.data)
    xStart                                   0x2000008c   Data           8  heap_4.o(.data)
    .data                                    0x20000094   Section       12  port.o(.data)
    ucMaxSysCallPriority                     0x20000094   Data           1  port.o(.data)
    uxCriticalNesting                        0x20000098   Data           4  port.o(.data)
    ulMaxPRIGROUPValue                       0x2000009c   Data           4  port.o(.data)
    .data                                    0x200000a0   Section       16  usbd_req.o(.data)
    cfgidx                                   0x200000a0   Data           1  usbd_req.o(.data)
    .data                                    0x200000b0   Section       44  usbd_core.o(.data)
    .data                                    0x200000dc   Section        4  usbd_core.o(.data)
    .data                                    0x200000e0   Section        4  usbd_core.o(.data)
    .data                                    0x200000e4   Section       12  ff.o(.data)
    Fsid                                     0x200000e4   Data           2  ff.o(.data)
    FatFs                                    0x200000e8   Data           8  ff.o(.data)
    .data                                    0x200000f0   Section       80  fatfs_demo.o(.data)
    FatFs_Demo_Task_Handle                   0x200000f4   Data           4  fatfs_demo.o(.data)
    .data                                    0x20000140   Section        4  stdout.o(.data)
    .bss                                     0x20000148   Section      204  bsp_sdio_sd.o(.bss)
    CSD_Tab                                  0x20000148   Data          16  bsp_sdio_sd.o(.bss)
    CID_Tab                                  0x20000158   Data          16  bsp_sdio_sd.o(.bss)
    SDSTATUS_Tab                             0x20000168   Data          16  bsp_sdio_sd.o(.bss)
    .bss                                     0x20000214   Section       80  queue.o(.bss)
    .bss                                     0x20000264   Section      740  tasks.o(.bss)
    pxReadyTasksLists                        0x20000264   Data         640  tasks.o(.bss)
    xDelayedTaskList1                        0x200004e4   Data          20  tasks.o(.bss)
    xDelayedTaskList2                        0x200004f8   Data          20  tasks.o(.bss)
    xPendingReadyList                        0x2000050c   Data          20  tasks.o(.bss)
    xTasksWaitingTermination                 0x20000520   Data          20  tasks.o(.bss)
    xSuspendedTaskList                       0x20000534   Data          20  tasks.o(.bss)
    .bss                                     0x20000548   Section    20480  heap_4.o(.bss)
    ucHeap                                   0x20000548   Data       20480  heap_4.o(.bss)
    .bss                                     0x20005548   Section     9304  fatfs_demo.o(.bss)
    .bss                                     0x200079a0   Section     1524  usb_demo.o(.bss)
    STACK                                    0x20007f98   Section     1024  startup_stm32f40xx.o(STACK)

    Global Symbols

    Symbol Name                              Value     Ov Type        Size  Object(Section)

    BuildAttributes$$THM_ISAv4$E$P$D$K$B$S$7EM$VFPi3$EXTD16$VFPS$VFMA$PE$A:L22UL41UL21$X:L11$S22US41US21$IEEE1$IW$USESV6$~STKCKD$USESV7$~SHL$OSPACE$ROPI$EBA8$MICROLIB$REQ8$PRES8$EABIv2 0x00000000   Number         0  anon$$obj.o ABSOLUTE
    __ARM_use_no_argv                        0x00000000   Number         0  main.o ABSOLUTE
    _printf_a                                0x00000000   Number         0  stubs.o ABSOLUTE
    _printf_c                                0x00000000   Number         0  stubs.o ABSOLUTE
    _printf_charcount                        0x00000000   Number         0  stubs.o ABSOLUTE
    _printf_d                                0x00000000   Number         0  stubs.o ABSOLUTE
    _printf_e                                0x00000000   Number         0  stubs.o ABSOLUTE
    _printf_f                                0x00000000   Number         0  stubs.o ABSOLUTE
    _printf_flags                            0x00000000   Number         0  stubs.o ABSOLUTE
    _printf_fp_dec                           0x00000000   Number         0  stubs.o ABSOLUTE
    _printf_fp_hex                           0x00000000   Number         0  stubs.o ABSOLUTE
    _printf_g                                0x00000000   Number         0  stubs.o ABSOLUTE
    _printf_i                                0x00000000   Number         0  stubs.o ABSOLUTE
    _printf_int_dec                          0x00000000   Number         0  stubs.o ABSOLUTE
    _printf_l                                0x00000000   Number         0  stubs.o ABSOLUTE
    _printf_lc                               0x00000000   Number         0  stubs.o ABSOLUTE
    _printf_ll                               0x00000000   Number         0  stubs.o ABSOLUTE
    _printf_lld                              0x00000000   Number         0  stubs.o ABSOLUTE
    _printf_lli                              0x00000000   Number         0  stubs.o ABSOLUTE
    _printf_llo                              0x00000000   Number         0  stubs.o ABSOLUTE
    _printf_llu                              0x00000000   Number         0  stubs.o ABSOLUTE
    _printf_llx                              0x00000000   Number         0  stubs.o ABSOLUTE
    _printf_longlong_dec                     0x00000000   Number         0  stubs.o ABSOLUTE
    _printf_longlong_hex                     0x00000000   Number         0  stubs.o ABSOLUTE
    _printf_longlong_oct                     0x00000000   Number         0  stubs.o ABSOLUTE
    _printf_ls                               0x00000000   Number         0  stubs.o ABSOLUTE
    _printf_mbtowc                           0x00000000   Number         0  stubs.o ABSOLUTE
    _printf_n                                0x00000000   Number         0  stubs.o ABSOLUTE
    _printf_o                                0x00000000   Number         0  stubs.o ABSOLUTE
    _printf_p                                0x00000000   Number         0  stubs.o ABSOLUTE
    _printf_percent                          0x00000000   Number         0  stubs.o ABSOLUTE
    _printf_pre_padding                      0x00000000   Number         0  stubs.o ABSOLUTE
    _printf_return_value                     0x00000000   Number         0  stubs.o ABSOLUTE
    _printf_s                                0x00000000   Number         0  stubs.o ABSOLUTE
    _printf_sizespec                         0x00000000   Number         0  stubs.o ABSOLUTE
    _printf_str                              0x00000000   Number         0  stubs.o ABSOLUTE
    _printf_truncate_signed                  0x00000000   Number         0  stubs.o ABSOLUTE
    _printf_truncate_unsigned                0x00000000   Number         0  stubs.o ABSOLUTE
    _printf_u                                0x00000000   Number         0  stubs.o ABSOLUTE
    _printf_wc                               0x00000000   Number         0  stubs.o ABSOLUTE
    _printf_wctomb                           0x00000000   Number         0  stubs.o ABSOLUTE
    _printf_widthprec                        0x00000000   Number         0  stubs.o ABSOLUTE
    _printf_x                                0x00000000   Number         0  stubs.o ABSOLUTE
    __arm_fini_                               - Undefined Weak Reference
    __cpp_initialize__aeabi_                  - Undefined Weak Reference
    __cxa_finalize                            - Undefined Weak Reference
    _clock_init                               - Undefined Weak Reference
    _microlib_exit                            - Undefined Weak Reference
    __Vectors_Size                           0x00000188   Number         0  startup_stm32f40xx.o ABSOLUTE
    __Vectors                                0x08000000   Data           4  startup_stm32f40xx.o(RESET)
    __Vectors_End                            0x08000188   Data           0  startup_stm32f40xx.o(RESET)
    __main                                   0x08000189   Thumb Code     0  entry.o(.ARM.Collect$$$$00000000)
    _main_stk                                0x08000189   Thumb Code     0  entry2.o(.ARM.Collect$$$$00000001)
    _main_scatterload                        0x0800018d   Thumb Code     0  entry5.o(.ARM.Collect$$$$00000004)
    __main_after_scatterload                 0x08000191   Thumb Code     0  entry5.o(.ARM.Collect$$$$00000004)
    _main_clock                              0x08000191   Thumb Code     0  entry7b.o(.ARM.Collect$$$$00000008)
    _main_cpp_init                           0x08000191   Thumb Code     0  entry8b.o(.ARM.Collect$$$$0000000A)
    _main_init                               0x08000191   Thumb Code     0  entry9a.o(.ARM.Collect$$$$0000000B)
    __rt_lib_shutdown_fini                   0x08000199   Thumb Code     0  entry12b.o(.ARM.Collect$$$$0000000E)
    __rt_final_cpp                           0x0800019d   Thumb Code     0  entry10a.o(.ARM.Collect$$$$0000000F)
    __rt_final_exit                          0x0800019d   Thumb Code     0  entry11a.o(.ARM.Collect$$$$00000011)
    SVC_Handler                              0x080001a1   Thumb Code    28  port.o(.emb_text)
    __asm___6_port_c_39a90d8d__prvStartFirstTask 0x080001c1   Thumb Code    28  port.o(.emb_text)
    __asm___6_port_c_39a90d8d__prvEnableVFP  0x080001e1   Thumb Code    16  port.o(.emb_text)
    PendSV_Handler                           0x080001f5   Thumb Code    88  port.o(.emb_text)
    vPortGetIPSR                             0x08000251   Thumb Code     6  port.o(.emb_text)
    Reset_Handler                            0x08000259   Thumb Code     8  startup_stm32f40xx.o(.text)
    ADC_IRQHandler                           0x08000273   Thumb Code     0  startup_stm32f40xx.o(.text)
    CAN1_RX0_IRQHandler                      0x08000273   Thumb Code     0  startup_stm32f40xx.o(.text)
    CAN1_RX1_IRQHandler                      0x08000273   Thumb Code     0  startup_stm32f40xx.o(.text)
    CAN1_SCE_IRQHandler                      0x08000273   Thumb Code     0  startup_stm32f40xx.o(.text)
    CAN1_TX_IRQHandler                       0x08000273   Thumb Code     0  startup_stm32f40xx.o(.text)
    CAN2_RX0_IRQHandler                      0x08000273   Thumb Code     0  startup_stm32f40xx.o(.text)
    CAN2_RX1_IRQHandler                      0x08000273   Thumb Code     0  startup_stm32f40xx.o(.text)
    CAN2_SCE_IRQHandler                      0x08000273   Thumb Code     0  startup_stm32f40xx.o(.text)
    CAN2_TX_IRQHandler                       0x08000273   Thumb Code     0  startup_stm32f40xx.o(.text)
    CRYP_IRQHandler                          0x08000273   Thumb Code     0  startup_stm32f40xx.o(.text)
    DCMI_IRQHandler                          0x08000273   Thumb Code     0  startup_stm32f40xx.o(.text)
    DMA1_Stream0_IRQHandler                  0x08000273   Thumb Code     0  startup_stm32f40xx.o(.text)
    DMA1_Stream1_IRQHandler                  0x08000273   Thumb Code     0  startup_stm32f40xx.o(.text)
    DMA1_Stream2_IRQHandler                  0x08000273   Thumb Code     0  startup_stm32f40xx.o(.text)
    DMA1_Stream3_IRQHandler                  0x08000273   Thumb Code     0  startup_stm32f40xx.o(.text)
    DMA1_Stream4_IRQHandler                  0x08000273   Thumb Code     0  startup_stm32f40xx.o(.text)
    DMA1_Stream5_IRQHandler                  0x08000273   Thumb Code     0  startup_stm32f40xx.o(.text)
    DMA1_Stream6_IRQHandler                  0x08000273   Thumb Code     0  startup_stm32f40xx.o(.text)
    DMA1_Stream7_IRQHandler                  0x08000273   Thumb Code     0  startup_stm32f40xx.o(.text)
    DMA2_Stream0_IRQHandler                  0x08000273   Thumb Code     0  startup_stm32f40xx.o(.text)
    DMA2_Stream1_IRQHandler                  0x08000273   Thumb Code     0  startup_stm32f40xx.o(.text)
    DMA2_Stream2_IRQHandler                  0x08000273   Thumb Code     0  startup_stm32f40xx.o(.text)
    DMA2_Stream4_IRQHandler                  0x08000273   Thumb Code     0  startup_stm32f40xx.o(.text)
    DMA2_Stream5_IRQHandler                  0x08000273   Thumb Code     0  startup_stm32f40xx.o(.text)
    DMA2_Stream6_IRQHandler                  0x08000273   Thumb Code     0  startup_stm32f40xx.o(.text)
    DMA2_Stream7_IRQHandler                  0x08000273   Thumb Code     0  startup_stm32f40xx.o(.text)
    ETH_IRQHandler                           0x08000273   Thumb Code     0  startup_stm32f40xx.o(.text)
    ETH_WKUP_IRQHandler                      0x08000273   Thumb Code     0  startup_stm32f40xx.o(.text)
    EXTI0_IRQHandler                         0x08000273   Thumb Code     0  startup_stm32f40xx.o(.text)
    EXTI15_10_IRQHandler                     0x08000273   Thumb Code     0  startup_stm32f40xx.o(.text)
    EXTI1_IRQHandler                         0x08000273   Thumb Code     0  startup_stm32f40xx.o(.text)
    EXTI2_IRQHandler                         0x08000273   Thumb Code     0  startup_stm32f40xx.o(.text)
    EXTI3_IRQHandler                         0x08000273   Thumb Code     0  startup_stm32f40xx.o(.text)
    EXTI4_IRQHandler                         0x08000273   Thumb Code     0  startup_stm32f40xx.o(.text)
    EXTI9_5_IRQHandler                       0x08000273   Thumb Code     0  startup_stm32f40xx.o(.text)
    FLASH_IRQHandler                         0x08000273   Thumb Code     0  startup_stm32f40xx.o(.text)
    FPU_IRQHandler                           0x08000273   Thumb Code     0  startup_stm32f40xx.o(.text)
    FSMC_IRQHandler                          0x08000273   Thumb Code     0  startup_stm32f40xx.o(.text)
    HASH_RNG_IRQHandler                      0x08000273   Thumb Code     0  startup_stm32f40xx.o(.text)
    I2C1_ER_IRQHandler                       0x08000273   Thumb Code     0  startup_stm32f40xx.o(.text)
    I2C1_EV_IRQHandler                       0x08000273   Thumb Code     0  startup_stm32f40xx.o(.text)
    I2C2_ER_IRQHandler                       0x08000273   Thumb Code     0  startup_stm32f40xx.o(.text)
    I2C2_EV_IRQHandler                       0x08000273   Thumb Code     0  startup_stm32f40xx.o(.text)
    I2C3_ER_IRQHandler                       0x08000273   Thumb Code     0  startup_stm32f40xx.o(.text)
    I2C3_EV_IRQHandler                       0x08000273   Thumb Code     0  startup_stm32f40xx.o(.text)
    OTG_FS_WKUP_IRQHandler                   0x08000273   Thumb Code     0  startup_stm32f40xx.o(.text)
    OTG_HS_EP1_IN_IRQHandler                 0x08000273   Thumb Code     0  startup_stm32f40xx.o(.text)
    OTG_HS_EP1_OUT_IRQHandler                0x08000273   Thumb Code     0  startup_stm32f40xx.o(.text)
    OTG_HS_IRQHandler                        0x08000273   Thumb Code     0  startup_stm32f40xx.o(.text)
    OTG_HS_WKUP_IRQHandler                   0x08000273   Thumb Code     0  startup_stm32f40xx.o(.text)
    PVD_IRQHandler                           0x08000273   Thumb Code     0  startup_stm32f40xx.o(.text)
    RCC_IRQHandler                           0x08000273   Thumb Code     0  startup_stm32f40xx.o(.text)
    RTC_Alarm_IRQHandler                     0x08000273   Thumb Code     0  startup_stm32f40xx.o(.text)
    RTC_WKUP_IRQHandler                      0x08000273   Thumb Code     0  startup_stm32f40xx.o(.text)
    SPI1_IRQHandler                          0x08000273   Thumb Code     0  startup_stm32f40xx.o(.text)
    SPI2_IRQHandler                          0x08000273   Thumb Code     0  startup_stm32f40xx.o(.text)
    SPI3_IRQHandler                          0x08000273   Thumb Code     0  startup_stm32f40xx.o(.text)
    TAMP_STAMP_IRQHandler                    0x08000273   Thumb Code     0  startup_stm32f40xx.o(.text)
    TIM1_BRK_TIM9_IRQHandler                 0x08000273   Thumb Code     0  startup_stm32f40xx.o(.text)
    TIM1_CC_IRQHandler                       0x08000273   Thumb Code     0  startup_stm32f40xx.o(.text)
    TIM1_TRG_COM_TIM11_IRQHandler            0x08000273   Thumb Code     0  startup_stm32f40xx.o(.text)
    TIM1_UP_TIM10_IRQHandler                 0x08000273   Thumb Code     0  startup_stm32f40xx.o(.text)
    TIM2_IRQHandler                          0x08000273   Thumb Code     0  startup_stm32f40xx.o(.text)
    TIM3_IRQHandler                          0x08000273   Thumb Code     0  startup_stm32f40xx.o(.text)
    TIM4_IRQHandler                          0x08000273   Thumb Code     0  startup_stm32f40xx.o(.text)
    TIM5_IRQHandler                          0x08000273   Thumb Code     0  startup_stm32f40xx.o(.text)
    TIM6_DAC_IRQHandler                      0x08000273   Thumb Code     0  startup_stm32f40xx.o(.text)
    TIM7_IRQHandler                          0x08000273   Thumb Code     0  startup_stm32f40xx.o(.text)
    TIM8_BRK_TIM12_IRQHandler                0x08000273   Thumb Code     0  startup_stm32f40xx.o(.text)
    TIM8_CC_IRQHandler                       0x08000273   Thumb Code     0  startup_stm32f40xx.o(.text)
    TIM8_TRG_COM_TIM14_IRQHandler            0x08000273   Thumb Code     0  startup_stm32f40xx.o(.text)
    TIM8_UP_TIM13_IRQHandler                 0x08000273   Thumb Code     0  startup_stm32f40xx.o(.text)
    UART4_IRQHandler                         0x08000273   Thumb Code     0  startup_stm32f40xx.o(.text)
    UART5_IRQHandler                         0x08000273   Thumb Code     0  startup_stm32f40xx.o(.text)
    USART1_IRQHandler                        0x08000273   Thumb Code     0  startup_stm32f40xx.o(.text)
    USART2_IRQHandler                        0x08000273   Thumb Code     0  startup_stm32f40xx.o(.text)
    USART3_IRQHandler                        0x08000273   Thumb Code     0  startup_stm32f40xx.o(.text)
    USART6_IRQHandler                        0x08000273   Thumb Code     0  startup_stm32f40xx.o(.text)
    WWDG_IRQHandler                          0x08000273   Thumb Code     0  startup_stm32f40xx.o(.text)
    __aeabi_uldivmod                         0x0800027d   Thumb Code    98  uldiv.o(.text)
    __aeabi_memcpy                           0x080002df   Thumb Code    36  memcpya.o(.text)
    __aeabi_memcpy4                          0x080002df   Thumb Code     0  memcpya.o(.text)
    __aeabi_memcpy8                          0x080002df   Thumb Code     0  memcpya.o(.text)
    __aeabi_uidiv                            0x08000303   Thumb Code     0  uidiv.o(.text)
    __aeabi_uidivmod                         0x08000303   Thumb Code    44  uidiv.o(.text)
    __aeabi_llsl                             0x0800032f   Thumb Code    30  llshl.o(.text)
    _ll_shift_l                              0x0800032f   Thumb Code     0  llshl.o(.text)
    __aeabi_llsr                             0x0800034d   Thumb Code    32  llushr.o(.text)
    _ll_ushift_r                             0x0800034d   Thumb Code     0  llushr.o(.text)
    __scatterload                            0x0800036d   Thumb Code    28  init.o(.text)
    __scatterload_rt2                        0x0800036d   Thumb Code     0  init.o(.text)
    __decompress                             0x08000391   Thumb Code     0  __dczerorl2.o(.text)
    __decompress1                            0x08000391   Thumb Code    86  __dczerorl2.o(.text)
    BusFault_Handler                         0x08000431   Thumb Code     2  stm32f4xx_it.o(i.BusFault_Handler)
    DCD_EP_ClrStall                          0x080005c1   Thumb Code    56  usb_dcd.o(i.DCD_EP_ClrStall)
    DCD_EP_Open                              0x080005f9   Thumb Code    60  usb_dcd.o(i.DCD_EP_Open)
    DCD_EP_PrepareRx                         0x08000635   Thumb Code    68  usb_dcd.o(i.DCD_EP_PrepareRx)
    DCD_EP_SetAddress                        0x08000679   Thumb Code    16  usb_dcd.o(i.DCD_EP_SetAddress)
    DCD_EP_Stall                             0x08000689   Thumb Code    56  usb_dcd.o(i.DCD_EP_Stall)
    DCD_EP_Tx                                0x080006c1   Thumb Code    62  usb_dcd.o(i.DCD_EP_Tx)
    DMA2_Stream3_IRQHandler                  0x08000a5b   Thumb Code     4  bsp_sdio_sd.o(i.DMA2_Stream3_IRQHandler)
    DMA_ClearFlag                            0x08000a61   Thumb Code    32  stm32f4xx_dma.o(i.DMA_ClearFlag)
    DMA_Cmd                                  0x08000a8d   Thumb Code    20  stm32f4xx_dma.o(i.DMA_Cmd)
    DMA_DeInit                               0x08000aa1   Thumb Code   272  stm32f4xx_dma.o(i.DMA_DeInit)
    DMA_FlowControllerConfig                 0x08000bc5   Thumb Code    20  stm32f4xx_dma.o(i.DMA_FlowControllerConfig)
    DMA_ITConfig                             0x08000bd9   Thumb Code    44  stm32f4xx_dma.o(i.DMA_ITConfig)
    DMA_Init                                 0x08000c05   Thumb Code    80  stm32f4xx_dma.o(i.DMA_Init)
    DebugMon_Handler                         0x08000c59   Thumb Code     2  stm32f4xx_it.o(i.DebugMon_Handler)
    Debug_USART_Config                       0x08000c5d   Thumb Code   186  bsp_debug_usart.o(i.Debug_USART_Config)
    FatFs_Demo_Task_Init                     0x080010dd   Thumb Code    24  fatfs_demo.o(i.FatFs_Demo_Task_Init)
    GET_SPIFLASH_STATE                       0x08001245   Thumb Code    28  bsp_spi_flash.o(i.GET_SPIFLASH_STATE)
    GPIO_Init                                0x08001285   Thumb Code   120  stm32f4xx_gpio.o(i.GPIO_Init)
    GPIO_PinAFConfig                         0x080012fd   Thumb Code    32  stm32f4xx_gpio.o(i.GPIO_PinAFConfig)
    HardFault_Handler                        0x0800131d   Thumb Code     8  stm32f4xx_it.o(i.HardFault_Handler)
    Key_Bsp_Init                             0x0800133d   Thumb Code     4  key_demo.o(i.Key_Bsp_Init)
    Key_GPIO_Config                          0x08001341   Thumb Code    50  bsp_key.o(i.Key_GPIO_Config)
    LED_GPIO_Config                          0x08001379   Thumb Code    84  bsp_led.o(i.LED_GPIO_Config)
    MemManage_Handler                        0x080013d1   Thumb Code     2  stm32f4xx_it.o(i.MemManage_Handler)
    NMI_Handler                              0x080013d3   Thumb Code     2  stm32f4xx_it.o(i.NMI_Handler)
    NVIC_Init                                0x080013d5   Thumb Code    96  misc.o(i.NVIC_Init)
    NVIC_PriorityGroupConfig                 0x08001439   Thumb Code    10  misc.o(i.NVIC_PriorityGroupConfig)
    OTG_FS_IRQHandler                        0x0800144d   Thumb Code    32  stm32f4xx_it.o(i.OTG_FS_IRQHandler)
    RCC_AHB1PeriphClockCmd                   0x08001471   Thumb Code    18  stm32f4xx_rcc.o(i.RCC_AHB1PeriphClockCmd)
    RCC_APB2PeriphClockCmd                   0x08001489   Thumb Code    18  stm32f4xx_rcc.o(i.RCC_APB2PeriphClockCmd)
    RCC_APB2PeriphResetCmd                   0x080014a1   Thumb Code    18  stm32f4xx_rcc.o(i.RCC_APB2PeriphResetCmd)
    RCC_GetClocksFreq                        0x080014b9   Thumb Code   132  stm32f4xx_rcc.o(i.RCC_GetClocksFreq)
    SDIO_ClearFlag                           0x08001609   Thumb Code     6  stm32f4xx_sdio.o(i.SDIO_ClearFlag)
    SDIO_ClearITPendingBit                   0x08001615   Thumb Code     6  stm32f4xx_sdio.o(i.SDIO_ClearITPendingBit)
    SDIO_ClockCmd                            0x08001621   Thumb Code     8  stm32f4xx_sdio.o(i.SDIO_ClockCmd)
    SDIO_DMACmd                              0x0800162d   Thumb Code     6  stm32f4xx_sdio.o(i.SDIO_DMACmd)
    SDIO_DataConfig                          0x08001639   Thumb Code    42  stm32f4xx_sdio.o(i.SDIO_DataConfig)
    SDIO_DeInit                              0x08001669   Thumb Code    24  stm32f4xx_sdio.o(i.SDIO_DeInit)
    SDIO_GetCommandResponse                  0x08001681   Thumb Code     8  stm32f4xx_sdio.o(i.SDIO_GetCommandResponse)
    SDIO_GetFlagStatus                       0x0800168d   Thumb Code    16  stm32f4xx_sdio.o(i.SDIO_GetFlagStatus)
    SDIO_GetITStatus                         0x080016a1   Thumb Code    16  stm32f4xx_sdio.o(i.SDIO_GetITStatus)
    SDIO_GetPowerState                       0x080016b5   Thumb Code    10  stm32f4xx_sdio.o(i.SDIO_GetPowerState)
    SDIO_GetResponse                         0x080016c5   Thumb Code    12  stm32f4xx_sdio.o(i.SDIO_GetResponse)
    SDIO_IRQHandler                          0x080016d5   Thumb Code     4  bsp_sdio_sd.o(i.SDIO_IRQHandler)
    SDIO_ITConfig                            0x080016d9   Thumb Code    18  stm32f4xx_sdio.o(i.SDIO_ITConfig)
    SDIO_Init                                0x080016f1   Thumb Code    40  stm32f4xx_sdio.o(i.SDIO_Init)
    SDIO_ReadData                            0x0800171d   Thumb Code     6  stm32f4xx_sdio.o(i.SDIO_ReadData)
    SDIO_SendCommand                         0x08001729   Thumb Code    36  stm32f4xx_sdio.o(i.SDIO_SendCommand)
    SDIO_SetPowerState                       0x08001751   Thumb Code     6  stm32f4xx_sdio.o(i.SDIO_SetPowerState)
    SD_EnableWideBusOperation                0x0800175d   Thumb Code   106  bsp_sdio_sd.o(i.SD_EnableWideBusOperation)
    SD_GetCardInfo                           0x080017d1   Thumb Code   604  bsp_sdio_sd.o(i.SD_GetCardInfo)
    SD_GetState                              0x08001a35   Thumb Code    40  bsp_sdio_sd.o(i.SD_GetState)
    SD_GetStatus                             0x08001a5d   Thumb Code    26  bsp_sdio_sd.o(i.SD_GetStatus)
    SD_Init                                  0x08001a79   Thumb Code   174  bsp_sdio_sd.o(i.SD_Init)
    SD_InitializeCards                       0x08001b2d   Thumb Code   244  bsp_sdio_sd.o(i.SD_InitializeCards)
    SD_LowLevel_DMA_RxConfig                 0x08001c29   Thumb Code   128  bsp_sdio_sd.o(i.SD_LowLevel_DMA_RxConfig)
    SD_LowLevel_DMA_TxConfig                 0x08001cb1   Thumb Code   130  bsp_sdio_sd.o(i.SD_LowLevel_DMA_TxConfig)
    SD_LowLevel_Init                         0x08001d3d   Thumb Code   156  bsp_sdio_sd.o(i.SD_LowLevel_Init)
    SD_PowerON                               0x08001de1   Thumb Code   504  bsp_sdio_sd.o(i.SD_PowerON)
    SD_ProcessDMAIRQ                         0x08001fe9   Thumb Code    30  bsp_sdio_sd.o(i.SD_ProcessDMAIRQ)
    SD_ProcessIRQSrc                         0x08002011   Thumb Code   140  bsp_sdio_sd.o(i.SD_ProcessIRQSrc)
    SD_ReadMultiBlocks                       0x080020a1   Thumb Code   188  bsp_sdio_sd.o(i.SD_ReadMultiBlocks)
    SD_SelectDeselect                        0x08002169   Thumb Code    40  bsp_sdio_sd.o(i.SD_SelectDeselect)
    SD_SendStatus                            0x08002195   Thumb Code    62  bsp_sdio_sd.o(i.SD_SendStatus)
    SD_StopTransfer                          0x080021dd   Thumb Code    36  bsp_sdio_sd.o(i.SD_StopTransfer)
    SD_WaitReadOperation                     0x08002205   Thumb Code    94  bsp_sdio_sd.o(i.SD_WaitReadOperation)
    SD_WaitWriteOperation                    0x0800226d   Thumb Code    94  bsp_sdio_sd.o(i.SD_WaitWriteOperation)
    SD_WriteMultiBlocks                      0x080022d5   Thumb Code   258  bsp_sdio_sd.o(i.SD_WriteMultiBlocks)
    SPI_Cmd                                  0x080023e5   Thumb Code    20  stm32f4xx_spi.o(i.SPI_Cmd)
    SPI_FLASH_BufferRead                     0x080023f9   Thumb Code    74  bsp_spi_flash.o(i.SPI_FLASH_BufferRead)
    SPI_FLASH_BufferWrite                    0x08002449   Thumb Code   184  bsp_spi_flash.o(i.SPI_FLASH_BufferWrite)
    SPI_FLASH_Init                           0x08002501   Thumb Code   224  bsp_spi_flash.o(i.SPI_FLASH_Init)
    SPI_FLASH_PageWrite                      0x08002615   Thumb Code    86  bsp_spi_flash.o(i.SPI_FLASH_PageWrite)
    SPI_FLASH_ReadID                         0x08002671   Thumb Code    56  bsp_spi_flash.o(i.SPI_FLASH_ReadID)
    SPI_FLASH_SectorErase                    0x080026ad   Thumb Code    62  bsp_spi_flash.o(i.SPI_FLASH_SectorErase)
    SPI_FLASH_SendByte                       0x080026f1   Thumb Code    48  bsp_spi_flash.o(i.SPI_FLASH_SendByte)
    SPI_FLASH_WaitForWriteEnd                0x08002725   Thumb Code    34  bsp_spi_flash.o(i.SPI_FLASH_WaitForWriteEnd)
    SPI_FLASH_WriteEnable                    0x0800274d   Thumb Code    24  bsp_spi_flash.o(i.SPI_FLASH_WriteEnable)
    SPI_Flash_WAKEUP                         0x08002769   Thumb Code    24  bsp_spi_flash.o(i.SPI_Flash_WAKEUP)
    SPI_I2S_GetFlagStatus                    0x08002785   Thumb Code    14  stm32f4xx_spi.o(i.SPI_I2S_GetFlagStatus)
    SPI_I2S_ReceiveData                      0x08002793   Thumb Code     4  stm32f4xx_spi.o(i.SPI_I2S_ReceiveData)
    SPI_I2S_SendData                         0x08002797   Thumb Code     4  stm32f4xx_spi.o(i.SPI_I2S_SendData)
    SPI_Init                                 0x0800279b   Thumb Code    56  stm32f4xx_spi.o(i.SPI_Init)
    SysTick_Handler                          0x08002889   Thumb Code    20  stm32f4xx_it.o(i.SysTick_Handler)
    SystemInit                               0x0800289d   Thumb Code    74  system_stm32f4xx.o(i.SystemInit)
    USART_Cmd                                0x080028f9   Thumb Code    20  stm32f4xx_usart.o(i.USART_Cmd)
    USART_GetFlagStatus                      0x0800290d   Thumb Code    14  stm32f4xx_usart.o(i.USART_GetFlagStatus)
    USART_ITConfig                           0x0800291b   Thumb Code    48  stm32f4xx_usart.o(i.USART_ITConfig)
    USART_Init                               0x0800294d   Thumb Code   164  stm32f4xx_usart.o(i.USART_Init)
    USART_SendData                           0x080029f9   Thumb Code     8  stm32f4xx_usart.o(i.USART_SendData)
    USBD_ClrCfg                              0x08002a01   Thumb Code    14  usbd_core.o(i.USBD_ClrCfg)
    USBD_CtlContinueRx                       0x08002a0f   Thumb Code    18  usbd_ioreq.o(i.USBD_CtlContinueRx)
    USBD_CtlContinueSendData                 0x08002a21   Thumb Code    18  usbd_ioreq.o(i.USBD_CtlContinueSendData)
    USBD_CtlError                            0x08002a33   Thumb Code    28  usbd_req.o(i.USBD_CtlError)
    USBD_CtlReceiveStatus                    0x08002a4f   Thumb Code    34  usbd_ioreq.o(i.USBD_CtlReceiveStatus)
    USBD_CtlSendData                         0x08002a71   Thumb Code    32  usbd_ioreq.o(i.USBD_CtlSendData)
    USBD_CtlSendStatus                       0x08002a91   Thumb Code    34  usbd_ioreq.o(i.USBD_CtlSendStatus)
    USBD_OTG_ISR_Handler                     0x08002cc5   Thumb Code   326  usb_dcd_int.o(i.USBD_OTG_ISR_Handler)
    USBD_ParseSetupRequest                   0x08002e11   Thumb Code    68  usbd_req.o(i.USBD_ParseSetupRequest)
    USBD_SetCfg                              0x08002ea9   Thumb Code    26  usbd_core.o(i.USBD_SetCfg)
    USBD_StdDevReq                           0x08002ffd   Thumb Code   236  usbd_req.o(i.USBD_StdDevReq)
    USBD_StdEPReq                            0x080030ed   Thumb Code   208  usbd_req.o(i.USBD_StdEPReq)
    USBD_StdItfReq                           0x080031c1   Thumb Code    54  usbd_req.o(i.USBD_StdItfReq)
    USB_OTG_BSP_uDelay                       0x08003213   Thumb Code    16  usb_bsp.o(i.USB_OTG_BSP_uDelay)
    USB_OTG_EP0Activate                      0x08003223   Thumb Code    58  usb_core.o(i.USB_OTG_EP0Activate)
    USB_OTG_EP0StartXfer                     0x0800325d   Thumb Code   184  usb_core.o(i.USB_OTG_EP0StartXfer)
    USB_OTG_EP0_OutStart                     0x08003315   Thumb Code    32  usb_core.o(i.USB_OTG_EP0_OutStart)
    USB_OTG_EPActivate                       0x08003339   Thumb Code    82  usb_core.o(i.USB_OTG_EPActivate)
    USB_OTG_EPClearStall                     0x0800338b   Thumb Code    50  usb_core.o(i.USB_OTG_EPClearStall)
    USB_OTG_EPSetStall                       0x080033bd   Thumb Code    48  usb_core.o(i.USB_OTG_EPSetStall)
    USB_OTG_EPStartXfer                      0x080033ed   Thumb Code   298  usb_core.o(i.USB_OTG_EPStartXfer)
    USB_OTG_FlushTxFifo                      0x08003519   Thumb Code    62  usb_core.o(i.USB_OTG_FlushTxFifo)
    USB_OTG_GetDeviceSpeed                   0x0800355d   Thumb Code    38  usb_core.o(i.USB_OTG_GetDeviceSpeed)
    USB_OTG_IsDeviceMode                     0x08003583   Thumb Code    18  usb_core.o(i.USB_OTG_IsDeviceMode)
    USB_OTG_ReadCoreItr                      0x08003595   Thumb Code    10  usb_core.o(i.USB_OTG_ReadCoreItr)
    USB_OTG_ReadDevAllInEPItr                0x0800359f   Thumb Code    12  usb_core.o(i.USB_OTG_ReadDevAllInEPItr)
    USB_OTG_ReadDevAllOutEp_itr              0x080035ab   Thumb Code    12  usb_core.o(i.USB_OTG_ReadDevAllOutEp_itr)
    USB_OTG_ReadDevOutEP_itr                 0x080035b7   Thumb Code    16  usb_core.o(i.USB_OTG_ReadDevOutEP_itr)
    USB_OTG_ReadPacket                       0x080035c7   Thumb Code    32  usb_core.o(i.USB_OTG_ReadPacket)
    USB_OTG_WritePacket                      0x080035e7   Thumb Code    40  usb_core.o(i.USB_OTG_WritePacket)
    UsageFault_Handler                       0x0800360f   Thumb Code     2  stm32f4xx_it.o(i.UsageFault_Handler)
    __0printf$3                              0x08003611   Thumb Code    22  printf3.o(i.__0printf$3)
    __1printf$3                              0x08003611   Thumb Code     0  printf3.o(i.__0printf$3)
    __2printf                                0x08003611   Thumb Code     0  printf3.o(i.__0printf$3)
    __scatterload_copy                       0x08003631   Thumb Code    14  handlers.o(i.__scatterload_copy)
    __scatterload_null                       0x0800363f   Thumb Code     2  handlers.o(i.__scatterload_null)
    __scatterload_zeroinit                   0x08003641   Thumb Code    14  handlers.o(i.__scatterload_zeroinit)
    clust2sect                               0x0800388d   Thumb Code    24  ff.o(i.clust2sect)
    disk_initialize                          0x08003fc5   Thumb Code    64  diskio.o(i.disk_initialize)
    disk_ioctl                               0x08004005   Thumb Code    88  diskio.o(i.disk_ioctl)
    disk_read                                0x08004061   Thumb Code   146  diskio.o(i.disk_read)
    disk_status                              0x080040f5   Thumb Code    26  diskio.o(i.disk_status)
    disk_write                               0x08004115   Thumb Code   164  diskio.o(i.disk_write)
    f_close                                  0x080041b9   Thumb Code    36  ff.o(i.f_close)
    f_mkfs                                   0x080041dd   Thumb Code  1386  ff.o(i.f_mkfs)
    f_mount                                  0x0800474d   Thumb Code   112  ff.o(i.f_mount)
    f_open                                   0x080047c1   Thumb Code   346  ff.o(i.f_open)
    f_read                                   0x0800491b   Thumb Code   404  ff.o(i.f_read)
    f_sync                                   0x08004aaf   Thumb Code   170  ff.o(i.f_sync)
    f_write                                  0x08004b59   Thumb Code   460  ff.o(i.f_write)
    ff_convert                               0x08004d25   Thumb Code    68  cc936.o(i.ff_convert)
    ff_cre_syncobj                           0x08004d71   Thumb Code    20  syscall.o(i.ff_cre_syncobj)
    ff_del_syncobj                           0x08004d85   Thumb Code    10  syscall.o(i.ff_del_syncobj)
    ff_rel_grant                             0x08004d8f   Thumb Code    10  syscall.o(i.ff_rel_grant)
    ff_req_grant                             0x08004d99   Thumb Code    22  syscall.o(i.ff_req_grant)
    ff_wtoupper                              0x08004db1   Thumb Code    70  cc936.o(i.ff_wtoupper)
    fputc                                    0x08005151   Thumb Code    30  bsp_debug_usart.o(i.fputc)
    get_fat                                  0x08005201   Thumb Code   242  ff.o(i.get_fat)
    get_fattime                              0x080052f5   Thumb Code     4  diskio.o(i.get_fattime)
    main                                     0x08005351   Thumb Code    68  main.o(i.main)
    put_fat                                  0x080058f3   Thumb Code   288  ff.o(i.put_fat)
    pvPortMalloc                             0x08005a15   Thumb Code   214  heap_4.o(i.pvPortMalloc)
    pvTaskIncrementMutexHeldCount            0x08005b29   Thumb Code    18  tasks.o(i.pvTaskIncrementMutexHeldCount)
    pxPortInitialiseStack                    0x08005b41   Thumb Code    40  port.o(i.pxPortInitialiseStack)
    uxListRemove                             0x08005d17   Thumb Code    36  list.o(i.uxListRemove)
    vListInitialise                          0x08005d3b   Thumb Code    22  list.o(i.vListInitialise)
    vListInitialiseItem                      0x08005d51   Thumb Code     6  list.o(i.vListInitialiseItem)
    vListInsert                              0x08005d57   Thumb Code    48  list.o(i.vListInsert)
    vListInsertEnd                           0x08005d87   Thumb Code    24  list.o(i.vListInsertEnd)
    vPortEnterCritical                       0x08005da1   Thumb Code    50  port.o(i.vPortEnterCritical)
    vPortExitCritical                        0x08005e19   Thumb Code    34  port.o(i.vPortExitCritical)
    vPortFree                                0x08005e7d   Thumb Code    94  heap_4.o(i.vPortFree)
    vPortSetupTimerInterrupt                 0x08005f19   Thumb Code    26  port.o(i.vPortSetupTimerInterrupt)
    vQueueDelete                             0x08005f39   Thumb Code    34  queue.o(i.vQueueDelete)
    vQueueUnregisterQueue                    0x08005f89   Thumb Code    36  queue.o(i.vQueueUnregisterQueue)
    vTaskDelay                               0x08005fb1   Thumb Code    62  tasks.o(i.vTaskDelay)
    vTaskDelete                              0x08006025   Thumb Code   152  tasks.o(i.vTaskDelete)
    vTaskMissedYield                         0x080060f9   Thumb Code     8  tasks.o(i.vTaskMissedYield)
    vTaskPlaceOnEventList                    0x08006105   Thumb Code    44  tasks.o(i.vTaskPlaceOnEventList)
    vTaskPriorityInherit                     0x08006161   Thumb Code   124  tasks.o(i.vTaskPriorityInherit)
    vTaskSetTimeOutState                     0x080061e5   Thumb Code    30  tasks.o(i.vTaskSetTimeOutState)
    vTaskStartScheduler                      0x08006235   Thumb Code    88  tasks.o(i.vTaskStartScheduler)
    vTaskSuspendAll                          0x080062c9   Thumb Code    10  tasks.o(i.vTaskSuspendAll)
    vTaskSwitchContext                       0x080062d9   Thumb Code    80  tasks.o(i.vTaskSwitchContext)
    xPortStartScheduler                      0x08006391   Thumb Code   196  port.o(i.xPortStartScheduler)
    xPortSysTickHandler                      0x080064a5   Thumb Code    38  port.o(i.xPortSysTickHandler)
    xQueueCreateMutex                        0x080064d1   Thumb Code    36  queue.o(i.xQueueCreateMutex)
    xQueueGenericCreate                      0x080064f5   Thumb Code    68  queue.o(i.xQueueGenericCreate)
    xQueueGenericReceive                     0x08006565   Thumb Code   348  queue.o(i.xQueueGenericReceive)
    xQueueGenericReset                       0x080066f1   Thumb Code   128  queue.o(i.xQueueGenericReset)
    xQueueGenericSend                        0x080067a1   Thumb Code   332  queue.o(i.xQueueGenericSend)
    xTaskCheckForTimeOut                     0x0800691d   Thumb Code    94  tasks.o(i.xTaskCheckForTimeOut)
    xTaskCreate                              0x080069ad   Thumb Code    86  tasks.o(i.xTaskCreate)
    xTaskGetSchedulerState                   0x08006a05   Thumb Code    22  tasks.o(i.xTaskGetSchedulerState)
    xTaskIncrementTick                       0x08006a21   Thumb Code   188  tasks.o(i.xTaskIncrementTick)
    xTaskPriorityDisinherit                  0x08006b11   Thumb Code   136  tasks.o(i.xTaskPriorityDisinherit)
    xTaskRemoveFromEventList                 0x08006bcd   Thumb Code   102  tasks.o(i.xTaskRemoveFromEventList)
    xTaskResumeAll                           0x08006c6d   Thumb Code   180  tasks.o(i.xTaskResumeAll)
    Region$$Table$$Base                      0x08031e54   Number         0  anon$$obj.o(Region$$Table)
    Region$$Table$$Limit                     0x08031e74   Number         0  anon$$obj.o(Region$$Table)
    SystemCoreClock                          0x20000000   Data           4  system_stm32f4xx.o(.data)
    AHBPrescTable                            0x20000004   Data          16  system_stm32f4xx.o(.data)
    TransferError                            0x20000028   Data           1  bsp_sdio_sd.o(.data)
    StopCondition                            0x20000034   Data           4  bsp_sdio_sd.o(.data)
    TransferEnd                              0x20000038   Data           4  bsp_sdio_sd.o(.data)
    DMAEndOfTransfer                         0x2000003c   Data           4  bsp_sdio_sd.o(.data)
    pxCurrentTCB                             0x20000040   Data           4  tasks.o(.data)
    USBD_ep_status                           0x200000a4   Data           4  usbd_req.o(.data)
    USBD_default_cfg                         0x200000a8   Data           4  usbd_req.o(.data)
    USBD_cfg_status                          0x200000ac   Data           4  usbd_req.o(.data)
    USBD_DCD_INT_cb                          0x200000b0   Data          44  usbd_core.o(.data)
    USBD_DCD_INT_fops                        0x200000dc   Data           4  usbd_core.o(.data)
    SET_TEST_MODE                            0x200000e0   Data           4  usbd_core.o(.data)
    res_sd                                   0x200000f0   Data           1  fatfs_demo.o(.data)
    fnum                                     0x200000f8   Data           4  fatfs_demo.o(.data)
    WriteBuffer                              0x200000fc   Data          68  fatfs_demo.o(.data)
    __stdout                                 0x20000140   Data           4  stdout.o(.data)
    SDCardInfo                               0x20000178   Data          88  bsp_sdio_sd.o(.bss)
    SDIO_InitStructure                       0x200001d0   Data          24  bsp_sdio_sd.o(.bss)
    SDIO_CmdInitStructure                    0x200001e8   Data          20  bsp_sdio_sd.o(.bss)
    SDIO_DataInitStructure                   0x200001fc   Data          24  bsp_sdio_sd.o(.bss)
    xQueueRegistry                           0x20000214   Data          80  queue.o(.bss)
    ReadBuffer                               0x20005548   Data        1024  fatfs_demo.o(.bss)
    fs                                       0x20005948   Data        4148  fatfs_demo.o(.bss)
    fnew                                     0x2000697c   Data        4132  fatfs_demo.o(.bss)
    USB_OTG_dev                              0x200079a0   Data        1524  usb_demo.o(.bss)
    __initial_sp                             0x20008398   Data           0  startup_stm32f40xx.o(STACK)



==============================================================================

Memory Map of the image

  Image Entry point : 0x08000189

  Load Region LR_IROM1 (Base: 0x08000000, Size: 0x00031fb8, Max: 0x00100000, ABSOLUTE, COMPRESSED[0x00031ef8])

    Execution Region ER_IROM1 (Exec base: 0x08000000, Load base: 0x08000000, Size: 0x00031e74, Max: 0x00100000, ABSOLUTE)

    Exec Addr    Load Addr    Size         Type   Attr      Idx    E Section Name        Object

    0x08000000   0x08000000   0x00000188   Data   RO            3    RESET               startup_stm32f40xx.o
    0x08000188   0x08000188   0x00000000   Code   RO         8005  * .ARM.Collect$$$$00000000  mc_w.l(entry.o)
    0x08000188   0x08000188   0x00000004   Code   RO         8277    .ARM.Collect$$$$00000001  mc_w.l(entry2.o)
    0x0800018c   0x0800018c   0x00000004   Code   RO         8280    .ARM.Collect$$$$00000004  mc_w.l(entry5.o)
    0x08000190   0x08000190   0x00000000   Code   RO         8282    .ARM.Collect$$$$00000008  mc_w.l(entry7b.o)
    0x08000190   0x08000190   0x00000000   Code   RO         8284    .ARM.Collect$$$$0000000A  mc_w.l(entry8b.o)
    0x08000190   0x08000190   0x00000008   Code   RO         8285    .ARM.Collect$$$$0000000B  mc_w.l(entry9a.o)
    0x08000198   0x08000198   0x00000004   Code   RO         8292    .ARM.Collect$$$$0000000E  mc_w.l(entry12b.o)
    0x0800019c   0x0800019c   0x00000000   Code   RO         8287    .ARM.Collect$$$$0000000F  mc_w.l(entry10a.o)
    0x0800019c   0x0800019c   0x00000000   Code   RO         8289    .ARM.Collect$$$$00000011  mc_w.l(entry11a.o)
    0x0800019c   0x0800019c   0x00000004   Code   RO         8278    .ARM.Collect$$$$00002712  mc_w.l(entry2.o)
    0x080001a0   0x080001a0   0x000000b6   Code   RO         6168    .emb_text           port.o
    0x08000256   0x08000256   0x00000002   PAD
    0x08000258   0x08000258   0x00000024   Code   RO            4    .text               startup_stm32f40xx.o
    0x0800027c   0x0800027c   0x00000062   Code   RO         8008    .text               mc_w.l(uldiv.o)
    0x080002de   0x080002de   0x00000024   Code   RO         8010    .text               mc_w.l(memcpya.o)
    0x08000302   0x08000302   0x0000002c   Code   RO         8294    .text               mc_w.l(uidiv.o)
    0x0800032e   0x0800032e   0x0000001e   Code   RO         8296    .text               mc_w.l(llshl.o)
    0x0800034c   0x0800034c   0x00000020   Code   RO         8298    .text               mc_w.l(llushr.o)
    0x0800036c   0x0800036c   0x00000024   Code   RO         8311    .text               mc_w.l(init.o)
    0x08000390   0x08000390   0x00000056   Code   RO         8325    .text               mc_w.l(__dczerorl2.o)
    0x080003e6   0x080003e6   0x00000002   PAD
    0x080003e8   0x080003e8   0x00000048   Code   RO         4750    i.AppTaskCreate     main.o
    0x08000430   0x08000430   0x00000002   Code   RO         4845    i.BusFault_Handler  stm32f4xx_it.o
    0x08000432   0x08000432   0x00000002   PAD
    0x08000434   0x08000434   0x000000e8   Code   RO         5204    i.CmdResp1Error     bsp_sdio_sd.o
    0x0800051c   0x0800051c   0x00000034   Code   RO         5205    i.CmdResp2Error     bsp_sdio_sd.o
    0x08000550   0x08000550   0x00000070   Code   RO         5206    i.CmdResp6Error     bsp_sdio_sd.o
    0x080005c0   0x080005c0   0x00000038   Code   RO         6489    i.DCD_EP_ClrStall   usb_dcd.o
    0x080005f8   0x080005f8   0x0000003c   Code   RO         6491    i.DCD_EP_Open       usb_dcd.o
    0x08000634   0x08000634   0x00000044   Code   RO         6492    i.DCD_EP_PrepareRx  usb_dcd.o
    0x08000678   0x08000678   0x00000010   Code   RO         6493    i.DCD_EP_SetAddress  usb_dcd.o
    0x08000688   0x08000688   0x00000038   Code   RO         6494    i.DCD_EP_Stall      usb_dcd.o
    0x080006c0   0x080006c0   0x0000003e   Code   RO         6495    i.DCD_EP_Tx         usb_dcd.o
    0x080006fe   0x080006fe   0x00000002   PAD
    0x08000700   0x08000700   0x000000cc   Code   RO         6582    i.DCD_HandleInEP_ISR  usb_dcd_int.o
    0x080007cc   0x080007cc   0x000000ac   Code   RO         6583    i.DCD_HandleOutEP_ISR  usb_dcd_int.o
    0x08000878   0x08000878   0x0000007c   Code   RO         6584    i.DCD_HandleRxStatusQueueLevel_ISR  usb_dcd_int.o
    0x080008f4   0x080008f4   0x00000070   Code   RO         6585    i.DCD_HandleUSBSuspend_ISR  usb_dcd_int.o
    0x08000964   0x08000964   0x00000084   Code   RO         6586    i.DCD_HandleUsbReset_ISR  usb_dcd_int.o
    0x080009e8   0x080009e8   0x00000072   Code   RO         6587    i.DCD_WriteEmptyTxFifo  usb_dcd_int.o
    0x08000a5a   0x08000a5a   0x00000004   Code   RO         5207    i.DMA2_Stream3_IRQHandler  bsp_sdio_sd.o
    0x08000a5e   0x08000a5e   0x00000002   PAD
    0x08000a60   0x08000a60   0x0000002c   Code   RO         1211    i.DMA_ClearFlag     stm32f4xx_dma.o
    0x08000a8c   0x08000a8c   0x00000014   Code   RO         1213    i.DMA_Cmd           stm32f4xx_dma.o
    0x08000aa0   0x08000aa0   0x00000124   Code   RO         1214    i.DMA_DeInit        stm32f4xx_dma.o
    0x08000bc4   0x08000bc4   0x00000014   Code   RO         1217    i.DMA_FlowControllerConfig  stm32f4xx_dma.o
    0x08000bd8   0x08000bd8   0x0000002c   Code   RO         1224    i.DMA_ITConfig      stm32f4xx_dma.o
    0x08000c04   0x08000c04   0x00000054   Code   RO         1225    i.DMA_Init          stm32f4xx_dma.o
    0x08000c58   0x08000c58   0x00000002   Code   RO         4846    i.DebugMon_Handler  stm32f4xx_it.o
    0x08000c5a   0x08000c5a   0x00000002   PAD
    0x08000c5c   0x08000c5c   0x000000c4   Code   RO         5029    i.Debug_USART_Config  bsp_debug_usart.o
    0x08000d20   0x08000d20   0x000003bc   Code   RO         7829    i.FatFs_Demo_Task   fatfs_demo.o
    0x080010dc   0x080010dc   0x00000030   Code   RO         7830    i.FatFs_Demo_Task_Init  fatfs_demo.o
    0x0800110c   0x0800110c   0x00000138   Code   RO         5208    i.FindSCR           bsp_sdio_sd.o
    0x08001244   0x08001244   0x00000040   Code   RO         5087    i.GET_SPIFLASH_STATE  bsp_spi_flash.o
    0x08001284   0x08001284   0x00000078   Code   RO         1857    i.GPIO_Init         stm32f4xx_gpio.o
    0x080012fc   0x080012fc   0x00000020   Code   RO         1858    i.GPIO_PinAFConfig  stm32f4xx_gpio.o
    0x0800131c   0x0800131c   0x00000020   Code   RO         4847    i.HardFault_Handler  stm32f4xx_it.o
    0x0800133c   0x0800133c   0x00000004   Code   RO         7878    i.Key_Bsp_Init      key_demo.o
    0x08001340   0x08001340   0x00000038   Code   RO         4991    i.Key_GPIO_Config   bsp_key.o
    0x08001378   0x08001378   0x00000058   Code   RO         4966    i.LED_GPIO_Config   bsp_led.o
    0x080013d0   0x080013d0   0x00000002   Code   RO         4848    i.MemManage_Handler  stm32f4xx_it.o
    0x080013d2   0x080013d2   0x00000002   Code   RO         4849    i.NMI_Handler       stm32f4xx_it.o
    0x080013d4   0x080013d4   0x00000064   Code   RO          155    i.NVIC_Init         misc.o
    0x08001438   0x08001438   0x00000014   Code   RO          156    i.NVIC_PriorityGroupConfig  misc.o
    0x0800144c   0x0800144c   0x00000024   Code   RO         4850    i.OTG_FS_IRQHandler  stm32f4xx_it.o
    0x08001470   0x08001470   0x00000018   Code   RO         2561    i.RCC_AHB1PeriphClockCmd  stm32f4xx_rcc.o
    0x08001488   0x08001488   0x00000018   Code   RO         2573    i.RCC_APB2PeriphClockCmd  stm32f4xx_rcc.o
    0x080014a0   0x080014a0   0x00000018   Code   RO         2575    i.RCC_APB2PeriphResetCmd  stm32f4xx_rcc.o
    0x080014b8   0x080014b8   0x00000090   Code   RO         2582    i.RCC_GetClocksFreq  stm32f4xx_rcc.o
    0x08001548   0x08001548   0x000000c0   Code   RO         5210    i.SDEnWideBus       bsp_sdio_sd.o
    0x08001608   0x08001608   0x0000000c   Code   RO         3495    i.SDIO_ClearFlag    stm32f4xx_sdio.o
    0x08001614   0x08001614   0x0000000c   Code   RO         3496    i.SDIO_ClearITPendingBit  stm32f4xx_sdio.o
    0x08001620   0x08001620   0x0000000c   Code   RO         3497    i.SDIO_ClockCmd     stm32f4xx_sdio.o
    0x0800162c   0x0800162c   0x0000000c   Code   RO         3500    i.SDIO_DMACmd       stm32f4xx_sdio.o
    0x08001638   0x08001638   0x00000030   Code   RO         3501    i.SDIO_DataConfig   stm32f4xx_sdio.o
    0x08001668   0x08001668   0x00000018   Code   RO         3503    i.SDIO_DeInit       stm32f4xx_sdio.o
    0x08001680   0x08001680   0x0000000c   Code   RO         3504    i.SDIO_GetCommandResponse  stm32f4xx_sdio.o
    0x0800168c   0x0800168c   0x00000014   Code   RO         3507    i.SDIO_GetFlagStatus  stm32f4xx_sdio.o
    0x080016a0   0x080016a0   0x00000014   Code   RO         3508    i.SDIO_GetITStatus  stm32f4xx_sdio.o
    0x080016b4   0x080016b4   0x00000010   Code   RO         3509    i.SDIO_GetPowerState  stm32f4xx_sdio.o
    0x080016c4   0x080016c4   0x00000010   Code   RO         3510    i.SDIO_GetResponse  stm32f4xx_sdio.o
    0x080016d4   0x080016d4   0x00000004   Code   RO         5211    i.SDIO_IRQHandler   bsp_sdio_sd.o
    0x080016d8   0x080016d8   0x00000018   Code   RO         3511    i.SDIO_ITConfig     stm32f4xx_sdio.o
    0x080016f0   0x080016f0   0x0000002c   Code   RO         3512    i.SDIO_Init         stm32f4xx_sdio.o
    0x0800171c   0x0800171c   0x0000000c   Code   RO         3513    i.SDIO_ReadData     stm32f4xx_sdio.o
    0x08001728   0x08001728   0x00000028   Code   RO         3515    i.SDIO_SendCommand  stm32f4xx_sdio.o
    0x08001750   0x08001750   0x0000000c   Code   RO         3517    i.SDIO_SetPowerState  stm32f4xx_sdio.o
    0x0800175c   0x0800175c   0x00000074   Code   RO         5214    i.SD_EnableWideBusOperation  bsp_sdio_sd.o
    0x080017d0   0x080017d0   0x00000264   Code   RO         5216    i.SD_GetCardInfo    bsp_sdio_sd.o
    0x08001a34   0x08001a34   0x00000028   Code   RO         5218    i.SD_GetState       bsp_sdio_sd.o
    0x08001a5c   0x08001a5c   0x0000001a   Code   RO         5219    i.SD_GetStatus      bsp_sdio_sd.o
    0x08001a76   0x08001a76   0x00000002   PAD
    0x08001a78   0x08001a78   0x000000b4   Code   RO         5222    i.SD_Init           bsp_sdio_sd.o
    0x08001b2c   0x08001b2c   0x000000fc   Code   RO         5223    i.SD_InitializeCards  bsp_sdio_sd.o
    0x08001c28   0x08001c28   0x00000088   Code   RO         5224    i.SD_LowLevel_DMA_RxConfig  bsp_sdio_sd.o
    0x08001cb0   0x08001cb0   0x0000008c   Code   RO         5225    i.SD_LowLevel_DMA_TxConfig  bsp_sdio_sd.o
    0x08001d3c   0x08001d3c   0x000000a4   Code   RO         5227    i.SD_LowLevel_Init  bsp_sdio_sd.o
    0x08001de0   0x08001de0   0x00000208   Code   RO         5229    i.SD_PowerON        bsp_sdio_sd.o
    0x08001fe8   0x08001fe8   0x00000028   Code   RO         5230    i.SD_ProcessDMAIRQ  bsp_sdio_sd.o
    0x08002010   0x08002010   0x00000090   Code   RO         5231    i.SD_ProcessIRQSrc  bsp_sdio_sd.o
    0x080020a0   0x080020a0   0x000000c8   Code   RO         5233    i.SD_ReadMultiBlocks  bsp_sdio_sd.o
    0x08002168   0x08002168   0x0000002c   Code   RO         5234    i.SD_SelectDeselect  bsp_sdio_sd.o
    0x08002194   0x08002194   0x00000048   Code   RO         5236    i.SD_SendStatus     bsp_sdio_sd.o
    0x080021dc   0x080021dc   0x00000028   Code   RO         5237    i.SD_StopTransfer   bsp_sdio_sd.o
    0x08002204   0x08002204   0x00000068   Code   RO         5238    i.SD_WaitReadOperation  bsp_sdio_sd.o
    0x0800226c   0x0800226c   0x00000068   Code   RO         5239    i.SD_WaitWriteOperation  bsp_sdio_sd.o
    0x080022d4   0x080022d4   0x00000110   Code   RO         5241    i.SD_WriteMultiBlocks  bsp_sdio_sd.o
    0x080023e4   0x080023e4   0x00000014   Code   RO         3719    i.SPI_Cmd           stm32f4xx_spi.o
    0x080023f8   0x080023f8   0x00000050   Code   RO         5088    i.SPI_FLASH_BufferRead  bsp_spi_flash.o
    0x08002448   0x08002448   0x000000b8   Code   RO         5089    i.SPI_FLASH_BufferWrite  bsp_spi_flash.o
    0x08002500   0x08002500   0x00000114   Code   RO         5091    i.SPI_FLASH_Init    bsp_spi_flash.o
    0x08002614   0x08002614   0x0000005c   Code   RO         5092    i.SPI_FLASH_PageWrite  bsp_spi_flash.o
    0x08002670   0x08002670   0x0000003c   Code   RO         5095    i.SPI_FLASH_ReadID  bsp_spi_flash.o
    0x080026ac   0x080026ac   0x00000044   Code   RO         5096    i.SPI_FLASH_SectorErase  bsp_spi_flash.o
    0x080026f0   0x080026f0   0x00000034   Code   RO         5097    i.SPI_FLASH_SendByte  bsp_spi_flash.o
    0x08002724   0x08002724   0x00000028   Code   RO         5100    i.SPI_FLASH_WaitForWriteEnd  bsp_spi_flash.o
    0x0800274c   0x0800274c   0x0000001c   Code   RO         5101    i.SPI_FLASH_WriteEnable  bsp_spi_flash.o
    0x08002768   0x08002768   0x0000001c   Code   RO         5103    i.SPI_Flash_WAKEUP  bsp_spi_flash.o
    0x08002784   0x08002784   0x0000000e   Code   RO         3727    i.SPI_I2S_GetFlagStatus  stm32f4xx_spi.o
    0x08002792   0x08002792   0x00000004   Code   RO         3730    i.SPI_I2S_ReceiveData  stm32f4xx_spi.o
    0x08002796   0x08002796   0x00000004   Code   RO         3731    i.SPI_I2S_SendData  stm32f4xx_spi.o
    0x0800279a   0x0800279a   0x00000038   Code   RO         3732    i.SPI_Init          stm32f4xx_spi.o
    0x080027d2   0x080027d2   0x00000002   PAD
    0x080027d4   0x080027d4   0x000000b4   Code   RO           13    i.SetSysClock       system_stm32f4xx.o
    0x08002888   0x08002888   0x00000014   Code   RO         4851    i.SysTick_Handler   stm32f4xx_it.o
    0x0800289c   0x0800289c   0x0000005c   Code   RO           15    i.SystemInit        system_stm32f4xx.o
    0x080028f8   0x080028f8   0x00000014   Code   RO         4496    i.USART_Cmd         stm32f4xx_usart.o
    0x0800290c   0x0800290c   0x0000000e   Code   RO         4499    i.USART_GetFlagStatus  stm32f4xx_usart.o
    0x0800291a   0x0800291a   0x00000030   Code   RO         4502    i.USART_ITConfig    stm32f4xx_usart.o
    0x0800294a   0x0800294a   0x00000002   PAD
    0x0800294c   0x0800294c   0x000000ac   Code   RO         4503    i.USART_Init        stm32f4xx_usart.o
    0x080029f8   0x080029f8   0x00000008   Code   RO         4513    i.USART_SendData    stm32f4xx_usart.o
    0x08002a00   0x08002a00   0x0000000e   Code   RO         6780    i.USBD_ClrCfg       usbd_core.o
    0x08002a0e   0x08002a0e   0x00000012   Code   RO         6720    i.USBD_CtlContinueRx  usbd_ioreq.o
    0x08002a20   0x08002a20   0x00000012   Code   RO         6721    i.USBD_CtlContinueSendData  usbd_ioreq.o
    0x08002a32   0x08002a32   0x0000001c   Code   RO         6640    i.USBD_CtlError     usbd_req.o
    0x08002a4e   0x08002a4e   0x00000022   Code   RO         6723    i.USBD_CtlReceiveStatus  usbd_ioreq.o
    0x08002a70   0x08002a70   0x00000020   Code   RO         6724    i.USBD_CtlSendData  usbd_ioreq.o
    0x08002a90   0x08002a90   0x00000022   Code   RO         6725    i.USBD_CtlSendStatus  usbd_ioreq.o
    0x08002ab2   0x08002ab2   0x00000002   PAD
    0x08002ab4   0x08002ab4   0x000000b0   Code   RO         6781    i.USBD_DataInStage  usbd_core.o
    0x08002b64   0x08002b64   0x00000074   Code   RO         6782    i.USBD_DataOutStage  usbd_core.o
    0x08002bd8   0x08002bd8   0x000000ce   Code   RO         6641    i.USBD_GetDescriptor  usbd_req.o
    0x08002ca6   0x08002ca6   0x0000000e   Code   RO         6785    i.USBD_IsoINIncomplete  usbd_core.o
    0x08002cb4   0x08002cb4   0x0000000e   Code   RO         6786    i.USBD_IsoOUTIncomplete  usbd_core.o
    0x08002cc2   0x08002cc2   0x00000002   PAD
    0x08002cc4   0x08002cc4   0x0000014c   Code   RO         6588    i.USBD_OTG_ISR_Handler  usb_dcd_int.o
    0x08002e10   0x08002e10   0x00000044   Code   RO         6643    i.USBD_ParseSetupRequest  usbd_req.o
    0x08002e54   0x08002e54   0x0000002e   Code   RO         6787    i.USBD_Reset        usbd_core.o
    0x08002e82   0x08002e82   0x00000016   Code   RO         6788    i.USBD_Resume       usbd_core.o
    0x08002e98   0x08002e98   0x00000010   Code   RO         6789    i.USBD_SOF          usbd_core.o
    0x08002ea8   0x08002ea8   0x0000001a   Code   RO         6790    i.USBD_SetCfg       usbd_core.o
    0x08002ec2   0x08002ec2   0x00000002   PAD
    0x08002ec4   0x08002ec4   0x00000074   Code   RO         6644    i.USBD_SetConfig    usbd_req.o
    0x08002f38   0x08002f38   0x0000007c   Code   RO         6645    i.USBD_SetFeature   usbd_req.o
    0x08002fb4   0x08002fb4   0x00000048   Code   RO         6791    i.USBD_SetupStage   usbd_core.o
    0x08002ffc   0x08002ffc   0x000000f0   Code   RO         6646    i.USBD_StdDevReq    usbd_req.o
    0x080030ec   0x080030ec   0x000000d4   Code   RO         6647    i.USBD_StdEPReq     usbd_req.o
    0x080031c0   0x080031c0   0x00000036   Code   RO         6648    i.USBD_StdItfReq    usbd_req.o
    0x080031f6   0x080031f6   0x0000001c   Code   RO         6792    i.USBD_Suspend      usbd_core.o
    0x08003212   0x08003212   0x00000010   Code   RO         7140    i.USB_OTG_BSP_uDelay  usb_bsp.o
    0x08003222   0x08003222   0x0000003a   Code   RO         6262    i.USB_OTG_EP0Activate  usb_core.o
    0x0800325c   0x0800325c   0x000000b8   Code   RO         6263    i.USB_OTG_EP0StartXfer  usb_core.o
    0x08003314   0x08003314   0x00000024   Code   RO         6264    i.USB_OTG_EP0_OutStart  usb_core.o
    0x08003338   0x08003338   0x00000052   Code   RO         6265    i.USB_OTG_EPActivate  usb_core.o
    0x0800338a   0x0800338a   0x00000032   Code   RO         6266    i.USB_OTG_EPClearStall  usb_core.o
    0x080033bc   0x080033bc   0x00000030   Code   RO         6268    i.USB_OTG_EPSetStall  usb_core.o
    0x080033ec   0x080033ec   0x0000012a   Code   RO         6269    i.USB_OTG_EPStartXfer  usb_core.o
    0x08003516   0x08003516   0x00000002   PAD
    0x08003518   0x08003518   0x00000044   Code   RO         6273    i.USB_OTG_FlushTxFifo  usb_core.o
    0x0800355c   0x0800355c   0x00000026   Code   RO         6274    i.USB_OTG_GetDeviceSpeed  usb_core.o
    0x08003582   0x08003582   0x00000012   Code   RO         6278    i.USB_OTG_IsDeviceMode  usb_core.o
    0x08003594   0x08003594   0x0000000a   Code   RO         6280    i.USB_OTG_ReadCoreItr  usb_core.o
    0x0800359e   0x0800359e   0x0000000c   Code   RO         6281    i.USB_OTG_ReadDevAllInEPItr  usb_core.o
    0x080035aa   0x080035aa   0x0000000c   Code   RO         6282    i.USB_OTG_ReadDevAllOutEp_itr  usb_core.o
    0x080035b6   0x080035b6   0x00000010   Code   RO         6283    i.USB_OTG_ReadDevOutEP_itr  usb_core.o
    0x080035c6   0x080035c6   0x00000020   Code   RO         6285    i.USB_OTG_ReadPacket  usb_core.o
    0x080035e6   0x080035e6   0x00000028   Code   RO         6291    i.USB_OTG_WritePacket  usb_core.o
    0x0800360e   0x0800360e   0x00000002   Code   RO         4852    i.UsageFault_Handler  stm32f4xx_it.o
    0x08003610   0x08003610   0x00000020   Code   RO         8105    i.__0printf$3       mc_w.l(printf3.o)
    0x08003630   0x08003630   0x0000000e   Code   RO         8319    i.__scatterload_copy  mc_w.l(handlers.o)
    0x0800363e   0x0800363e   0x00000002   Code   RO         8320    i.__scatterload_null  mc_w.l(handlers.o)
    0x08003640   0x08003640   0x0000000e   Code   RO         8321    i.__scatterload_zeroinit  mc_w.l(handlers.o)
    0x0800364e   0x0800364e   0x00000002   PAD
    0x08003650   0x08003650   0x000001b8   Code   RO         8112    i._printf_core      mc_w.l(printf3.o)
    0x08003808   0x08003808   0x00000074   Code   RO         7387    i.check_fs          ff.o
    0x0800387c   0x0800387c   0x00000010   Code   RO         7388    i.chk_chr           ff.o
    0x0800388c   0x0800388c   0x00000018   Code   RO         7389    i.clust2sect        ff.o
    0x080038a4   0x080038a4   0x0000007c   Code   RO         7390    i.cmp_lfn           ff.o
    0x08003920   0x08003920   0x0000009e   Code   RO         7391    i.create_chain      ff.o
    0x080039be   0x080039be   0x00000002   PAD
    0x080039c0   0x080039c0   0x00000218   Code   RO         7392    i.create_name       ff.o
    0x08003bd8   0x08003bd8   0x000000c4   Code   RO         7393    i.dir_find          ff.o
    0x08003c9c   0x08003c9c   0x000000fa   Code   RO         7394    i.dir_next          ff.o
    0x08003d96   0x08003d96   0x00000002   PAD
    0x08003d98   0x08003d98   0x0000019c   Code   RO         7396    i.dir_register      ff.o
    0x08003f34   0x08003f34   0x00000090   Code   RO         7398    i.dir_sdi           ff.o
    0x08003fc4   0x08003fc4   0x00000040   Code   RO         7692    i.disk_initialize   diskio.o
    0x08004004   0x08004004   0x0000005c   Code   RO         7693    i.disk_ioctl        diskio.o
    0x08004060   0x08004060   0x00000092   Code   RO         7694    i.disk_read         diskio.o
    0x080040f2   0x080040f2   0x00000002   PAD
    0x080040f4   0x080040f4   0x00000020   Code   RO         7695    i.disk_status       diskio.o
    0x08004114   0x08004114   0x000000a4   Code   RO         7696    i.disk_write        diskio.o
    0x080041b8   0x080041b8   0x00000024   Code   RO         7400    i.f_close           ff.o
    0x080041dc   0x080041dc   0x00000570   Code   RO         7405    i.f_mkfs            ff.o
    0x0800474c   0x0800474c   0x00000074   Code   RO         7406    i.f_mount           ff.o
    0x080047c0   0x080047c0   0x0000015a   Code   RO         7407    i.f_open            ff.o
    0x0800491a   0x0800491a   0x00000194   Code   RO         7409    i.f_read            ff.o
    0x08004aae   0x08004aae   0x000000aa   Code   RO         7413    i.f_sync            ff.o
    0x08004b58   0x08004b58   0x000001cc   Code   RO         7417    i.f_write           ff.o
    0x08004d24   0x08004d24   0x0000004c   Code   RO         7797    i.ff_convert        cc936.o
    0x08004d70   0x08004d70   0x00000014   Code   RO         7755    i.ff_cre_syncobj    syscall.o
    0x08004d84   0x08004d84   0x0000000a   Code   RO         7756    i.ff_del_syncobj    syscall.o
    0x08004d8e   0x08004d8e   0x0000000a   Code   RO         7757    i.ff_rel_grant      syscall.o
    0x08004d98   0x08004d98   0x00000016   Code   RO         7758    i.ff_req_grant      syscall.o
    0x08004dae   0x08004dae   0x00000002   PAD
    0x08004db0   0x08004db0   0x00000050   Code   RO         7798    i.ff_wtoupper       cc936.o
    0x08004e00   0x08004e00   0x000002e8   Code   RO         7418    i.find_volume       ff.o
    0x080050e8   0x080050e8   0x00000066   Code   RO         7419    i.follow_path       ff.o
    0x0800514e   0x0800514e   0x00000002   PAD
    0x08005150   0x08005150   0x00000024   Code   RO         5034    i.fputc             bsp_debug_usart.o
    0x08005174   0x08005174   0x0000008c   Code   RO         7420    i.gen_numname       ff.o
    0x08005200   0x08005200   0x000000f2   Code   RO         7421    i.get_fat           ff.o
    0x080052f2   0x080052f2   0x00000002   PAD
    0x080052f4   0x080052f4   0x00000008   Code   RO         7697    i.get_fattime       diskio.o
    0x080052fc   0x080052fc   0x0000003c   Code   RO         7423    i.get_ldnumber      ff.o
    0x08005338   0x08005338   0x00000012   Code   RO         7424    i.ld_clust          ff.o
    0x0800534a   0x0800534a   0x00000006   Code   RO         7425    i.lock_fs           ff.o
    0x08005350   0x08005350   0x00000090   Code   RO         4751    i.main              main.o
    0x080053e0   0x080053e0   0x00000010   Code   RO         7426    i.mem_cpy           ff.o
    0x080053f0   0x080053f0   0x0000000e   Code   RO         7427    i.mem_set           ff.o
    0x080053fe   0x080053fe   0x00000032   Code   RO         7428    i.move_window       ff.o
    0x08005430   0x08005430   0x00000070   Code   RO         5774    i.prvAddCurrentTaskToDelayedList  tasks.o
    0x080054a0   0x080054a0   0x000000d0   Code   RO         5775    i.prvAddNewTaskToReadyList  tasks.o
    0x08005570   0x08005570   0x00000054   Code   RO         5776    i.prvCheckTasksWaitingTermination  tasks.o
    0x080055c4   0x080055c4   0x00000026   Code   RO         5621    i.prvCopyDataFromQueue  queue.o
    0x080055ea   0x080055ea   0x0000006c   Code   RO         5622    i.prvCopyDataToQueue  queue.o
    0x08005656   0x08005656   0x00000014   Code   RO         5777    i.prvDeleteTCB      tasks.o
    0x0800566a   0x0800566a   0x00000002   PAD
    0x0800566c   0x0800566c   0x0000004c   Code   RO         6107    i.prvHeapInit       heap_4.o
    0x080056b8   0x080056b8   0x00000028   Code   RO         5778    i.prvIdleTask       tasks.o
    0x080056e0   0x080056e0   0x000000bc   Code   RO         5779    i.prvInitialiseNewTask  tasks.o
    0x0800579c   0x0800579c   0x0000004c   Code   RO         6108    i.prvInsertBlockIntoFreeList  heap_4.o
    0x080057e8   0x080057e8   0x0000001a   Code   RO         5623    i.prvIsQueueEmpty   queue.o
    0x08005802   0x08005802   0x00000002   PAD
    0x08005804   0x08005804   0x00000020   Code   RO         5780    i.prvResetNextTaskUnblockTime  tasks.o
    0x08005824   0x08005824   0x00000064   Code   RO         6169    i.prvTaskExitError  port.o
    0x08005888   0x08005888   0x0000006a   Code   RO         5624    i.prvUnlockQueue    queue.o
    0x080058f2   0x080058f2   0x00000120   Code   RO         7429    i.put_fat           ff.o
    0x08005a12   0x08005a12   0x00000002   PAD
    0x08005a14   0x08005a14   0x00000114   Code   RO         6109    i.pvPortMalloc      heap_4.o
    0x08005b28   0x08005b28   0x00000018   Code   RO         5782    i.pvTaskIncrementMutexHeldCount  tasks.o
    0x08005b40   0x08005b40   0x0000002c   Code   RO         6170    i.pxPortInitialiseStack  port.o
    0x08005b6c   0x08005b6c   0x00000062   Code   RO         7430    i.remove_chain      ff.o
    0x08005bce   0x08005bce   0x00000010   Code   RO         7431    i.st_clust          ff.o
    0x08005bde   0x08005bde   0x0000001a   Code   RO         7432    i.sum_sfn           ff.o
    0x08005bf8   0x08005bf8   0x000000b0   Code   RO         7433    i.sync_fs           ff.o
    0x08005ca8   0x08005ca8   0x00000052   Code   RO         7434    i.sync_window       ff.o
    0x08005cfa   0x08005cfa   0x0000001c   Code   RO         7435    i.unlock_fs         ff.o
    0x08005d16   0x08005d16   0x00000024   Code   RO         5572    i.uxListRemove      list.o
    0x08005d3a   0x08005d3a   0x00000016   Code   RO         5573    i.vListInitialise   list.o
    0x08005d50   0x08005d50   0x00000006   Code   RO         5574    i.vListInitialiseItem  list.o
    0x08005d56   0x08005d56   0x00000030   Code   RO         5575    i.vListInsert       list.o
    0x08005d86   0x08005d86   0x00000018   Code   RO         5576    i.vListInsertEnd    list.o
    0x08005d9e   0x08005d9e   0x00000002   PAD
    0x08005da0   0x08005da0   0x00000078   Code   RO         6172    i.vPortEnterCritical  port.o
    0x08005e18   0x08005e18   0x00000064   Code   RO         6173    i.vPortExitCritical  port.o
    0x08005e7c   0x08005e7c   0x0000009c   Code   RO         6110    i.vPortFree         heap_4.o
    0x08005f18   0x08005f18   0x00000020   Code   RO         6174    i.vPortSetupTimerInterrupt  port.o
    0x08005f38   0x08005f38   0x00000050   Code   RO         5629    i.vQueueDelete      queue.o
    0x08005f88   0x08005f88   0x00000028   Code   RO         5630    i.vQueueUnregisterQueue  queue.o
    0x08005fb0   0x08005fb0   0x00000074   Code   RO         5788    i.vTaskDelay        tasks.o
    0x08006024   0x08006024   0x000000d4   Code   RO         5790    i.vTaskDelete       tasks.o
    0x080060f8   0x080060f8   0x0000000c   Code   RO         5792    i.vTaskMissedYield  tasks.o
    0x08006104   0x08006104   0x0000005c   Code   RO         5794    i.vTaskPlaceOnEventList  tasks.o
    0x08006160   0x08006160   0x00000084   Code   RO         5796    i.vTaskPriorityInherit  tasks.o
    0x080061e4   0x080061e4   0x00000050   Code   RO         5799    i.vTaskSetTimeOutState  tasks.o
    0x08006234   0x08006234   0x00000094   Code   RO         5800    i.vTaskStartScheduler  tasks.o
    0x080062c8   0x080062c8   0x00000010   Code   RO         5802    i.vTaskSuspendAll   tasks.o
    0x080062d8   0x080062d8   0x00000084   Code   RO         5803    i.vTaskSwitchContext  tasks.o
    0x0800635c   0x0800635c   0x00000034   Code   RO         7436    i.validate          ff.o
    0x08006390   0x08006390   0x00000114   Code   RO         6176    i.xPortStartScheduler  port.o
    0x080064a4   0x080064a4   0x0000002c   Code   RO         6177    i.xPortSysTickHandler  port.o
    0x080064d0   0x080064d0   0x00000024   Code   RO         5631    i.xQueueCreateMutex  queue.o
    0x080064f4   0x080064f4   0x00000070   Code   RO         5632    i.xQueueGenericCreate  queue.o
    0x08006564   0x08006564   0x0000018c   Code   RO         5633    i.xQueueGenericReceive  queue.o
    0x080066f0   0x080066f0   0x000000b0   Code   RO         5634    i.xQueueGenericReset  queue.o
    0x080067a0   0x080067a0   0x0000017c   Code   RO         5635    i.xQueueGenericSend  queue.o
    0x0800691c   0x0800691c   0x00000090   Code   RO         5804    i.xTaskCheckForTimeOut  tasks.o
    0x080069ac   0x080069ac   0x00000056   Code   RO         5805    i.xTaskCreate       tasks.o
    0x08006a02   0x08006a02   0x00000002   PAD
    0x08006a04   0x08006a04   0x0000001c   Code   RO         5809    i.xTaskGetSchedulerState  tasks.o
    0x08006a20   0x08006a20   0x000000f0   Code   RO         5812    i.xTaskIncrementTick  tasks.o
    0x08006b10   0x08006b10   0x000000bc   Code   RO         5815    i.xTaskPriorityDisinherit  tasks.o
    0x08006bcc   0x08006bcc   0x000000a0   Code   RO         5816    i.xTaskRemoveFromEventList  tasks.o
    0x08006c6c   0x08006c6c   0x000000ec   Code   RO         5818    i.xTaskResumeAll    tasks.o
    0x08006d58   0x08006d58   0x0000003a   Data   RO         7437    .constdata          ff.o
    0x08006d92   0x08006d92   0x0002b0c0   Data   RO         7799    .constdata          cc936.o
    0x08031e52   0x08031e52   0x00000002   PAD
    0x08031e54   0x08031e54   0x00000020   Data   RO         8317    Region$$Table       anon$$obj.o


    Execution Region RW_IRAM1 (Exec base: 0x20000000, Load base: 0x08031e74, Size: 0x00008398, Max: 0x00020000, ABSOLUTE, COMPRESSED[0x00000084])

    Exec Addr    Load Addr    Size         Type   Attr      Idx    E Section Name        Object

    0x20000000   COMPRESSED   0x00000014   Data   RW           16    .data               system_stm32f4xx.o
    0x20000014   COMPRESSED   0x00000010   Data   RW         2614    .data               stm32f4xx_rcc.o
    0x20000024   COMPRESSED   0x00000004   Data   RW         4752    .data               main.o
    0x20000028   COMPRESSED   0x00000018   Data   RW         5244    .data               bsp_sdio_sd.o
    0x20000040   COMPRESSED   0x0000003c   Data   RW         5821    .data               tasks.o
    0x2000007c   COMPRESSED   0x00000018   Data   RW         6115    .data               heap_4.o
    0x20000094   COMPRESSED   0x0000000c   Data   RW         6178    .data               port.o
    0x200000a0   COMPRESSED   0x00000010   Data   RW         6650    .data               usbd_req.o
    0x200000b0   COMPRESSED   0x0000002c   Data   RW         6793    .data               usbd_core.o
    0x200000dc   COMPRESSED   0x00000004   Data   RW         6794    .data               usbd_core.o
    0x200000e0   COMPRESSED   0x00000004   Data   RW         6795    .data               usbd_core.o
    0x200000e4   COMPRESSED   0x0000000c   Data   RW         7438    .data               ff.o
    0x200000f0   COMPRESSED   0x00000050   Data   RW         7832    .data               fatfs_demo.o
    0x20000140   COMPRESSED   0x00000004   Data   RW         8293    .data               mc_w.l(stdout.o)
    0x20000144   COMPRESSED   0x00000004   PAD
    0x20000148        -       0x000000cc   Zero   RW         5243    .bss                bsp_sdio_sd.o
    0x20000214        -       0x00000050   Zero   RW         5642    .bss                queue.o
    0x20000264        -       0x000002e4   Zero   RW         5820    .bss                tasks.o
    0x20000548        -       0x00005000   Zero   RW         6114    .bss                heap_4.o
    0x20005548        -       0x00002458   Zero   RW         7831    .bss                fatfs_demo.o
    0x200079a0        -       0x000005f4   Zero   RW         7919    .bss                usb_demo.o
    0x20007f94   COMPRESSED   0x00000004   PAD
    0x20007f98        -       0x00000400   Zero   RW            1    STACK               startup_stm32f40xx.o


==============================================================================

Image component sizes


      Code (inc. data)   RO Data    RW Data    ZI Data      Debug   Object Name

       232         16          0          0          0       3182   bsp_debug_usart.o
        56          6          0          0          0        566   bsp_key.o
        88          4          0          0          0        610   bsp_led.o
      4114        194          0         24        204      30835   bsp_sdio_sd.o
       972        128          0          0          0       7884   bsp_spi_flash.o
       156         18     176320          0          0       2403   cc936.o
       506         14          0          0          0       6783   diskio.o
         0          0          0          0          0       1472   event_groups.o
      1004        686          0         80       9304       5536   fatfs_demo.o
      7058        126         58         12          0      41255   ff.o
       584        138          0         24      20480       4179   heap_4.o
         4          0          0          0          0        499   key_demo.o
       136          0          0          0          0       3346   list.o
       216        112          0          4          0      16343   main.o
       120         14          0          0          0       1811   misc.o
       898        312          0         12          0      10220   port.o
      1498        238          0          0         80      11662   queue.o
        36          8        392          0       1024        980   startup_stm32f40xx.o
       504         36          0          0          0       5792   stm32f4xx_dma.o
       152          0          0          0          0       2035   stm32f4xx_gpio.o
        98         28          0          0          0      31995   stm32f4xx_it.o
       216         30          0         16          0       5235   stm32f4xx_rcc.o
       336         76          0          0          0      12030   stm32f4xx_sdio.o
        98          0          0          0          0       4014   stm32f4xx_spi.o
       262          8          0          0          0       4721   stm32f4xx_usart.o
        62          0          0          0          0       2772   syscall.o
       272         36          0         20          0     304489   system_stm32f4xx.o
      2730        722          0         60        740      28973   tasks.o
        16          0          0          0          0        961   usb_bsp.o
      1002         10          0          0          0      13502   usb_core.o
       318          0          0          0          0       4922   usb_dcd.o
      1190         40          0          0          0       7755   usb_dcd_int.o
         0          0          0          0       1524        282   usb_demo.o
       544          4          0         52          0       9520   usbd_core.o
       136          0          0          0          0       4040   usbd_ioreq.o
      1048         44          0         16          0       8304   usbd_req.o

    ----------------------------------------------------------------------
     26708       3048     176804        320      33360     600908   Object Totals
         0          0         32          0          0          0   (incl. Generated)
        46          0          2          0          4          0   (incl. Padding)

    ----------------------------------------------------------------------

      Code (inc. data)   RO Data    RW Data    ZI Data      Debug   Library Member Name

        86          0          0          0          0          0   __dczerorl2.o
         0          0          0          0          0          0   entry.o
         0          0          0          0          0          0   entry10a.o
         0          0          0          0          0          0   entry11a.o
         4          0          0          0          0          0   entry12b.o
         8          4          0          0          0          0   entry2.o
         4          0          0          0          0          0   entry5.o
         0          0          0          0          0          0   entry7b.o
         0          0          0          0          0          0   entry8b.o
         8          4          0          0          0          0   entry9a.o
        30          0          0          0          0          0   handlers.o
        36          8          0          0          0         68   init.o
        30          0          0          0          0         68   llshl.o
        32          0          0          0          0         68   llushr.o
        36          0          0          0          0         68   memcpya.o
       472         14          0          0          0        184   printf3.o
         0          0          0          4          0          0   stdout.o
        44          0          0          0          0         80   uidiv.o
        98          0          0          0          0         92   uldiv.o

    ----------------------------------------------------------------------
       892         30          0          4          4        628   Library Totals
         4          0          0          0          4          0   (incl. Padding)

    ----------------------------------------------------------------------

      Code (inc. data)   RO Data    RW Data    ZI Data      Debug   Library Name

       888         30          0          4          0        628   mc_w.l

    ----------------------------------------------------------------------
       892         30          0          4          4        628   Library Totals

    ----------------------------------------------------------------------

==============================================================================


      Code (inc. data)   RO Data    RW Data    ZI Data      Debug   

     27600       3078     176804        324      33364     577460   Grand Totals
     27600       3078     176804        132      33364     577460   ELF Image Totals (compressed)
     27600       3078     176804        132          0          0   ROM Totals

==============================================================================

    Total RO  Size (Code + RO Data)               204404 ( 199.61kB)
    Total RW  Size (RW Data + ZI Data)             33688 (  32.90kB)
    Total ROM Size (Code + RO Data + RW Data)     204536 ( 199.74kB)

==============================================================================

