Archive member included to satisfy reference by file (symbol)

c:/gcc-arm-none-eabi-10.3-2021.10-win32/gcc-arm-none-eabi-10.3-2021.10/bin/../lib/gcc/arm-none-eabi/10.3.1/../../../../arm-none-eabi/lib/thumb/v7e-m+fp/hard\libc_nano.a(lib_a-atoi.o)
                              Build/netdb.o (atoi)
c:/gcc-arm-none-eabi-10.3-2021.10-win32/gcc-arm-none-eabi-10.3-2021.10/bin/../lib/gcc/arm-none-eabi/10.3.1/../../../../arm-none-eabi/lib/thumb/v7e-m+fp/hard\libc_nano.a(lib_a-ctime.o)
                              Build/sntp.o (ctime)
c:/gcc-arm-none-eabi-10.3-2021.10-win32/gcc-arm-none-eabi-10.3-2021.10/bin/../lib/gcc/arm-none-eabi/10.3.1/../../../../arm-none-eabi/lib/thumb/v7e-m+fp/hard\libc_nano.a(lib_a-ctype_.o)
                              Build/ip4_addr.o (_ctype_)
c:/gcc-arm-none-eabi-10.3-2021.10-win32/gcc-arm-none-eabi-10.3-2021.10/bin/../lib/gcc/arm-none-eabi/10.3.1/../../../../arm-none-eabi/lib/thumb/v7e-m+fp/hard\libc_nano.a(lib_a-exit.o)
                              c:/gcc-arm-none-eabi-10.3-2021.10-win32/gcc-arm-none-eabi-10.3-2021.10/bin/../lib/gcc/arm-none-eabi/10.3.1/../../../../arm-none-eabi/lib/thumb/v7e-m+fp/hard/crt0.o (exit)
c:/gcc-arm-none-eabi-10.3-2021.10-win32/gcc-arm-none-eabi-10.3-2021.10/bin/../lib/gcc/arm-none-eabi/10.3.1/../../../../arm-none-eabi/lib/thumb/v7e-m+fp/hard\libc_nano.a(lib_a-impure.o)
                              c:/gcc-arm-none-eabi-10.3-2021.10-win32/gcc-arm-none-eabi-10.3-2021.10/bin/../lib/gcc/arm-none-eabi/10.3.1/../../../../arm-none-eabi/lib/thumb/v7e-m+fp/hard\libc_nano.a(lib_a-exit.o) (_global_impure_ptr)
c:/gcc-arm-none-eabi-10.3-2021.10-win32/gcc-arm-none-eabi-10.3-2021.10/bin/../lib/gcc/arm-none-eabi/10.3.1/../../../../arm-none-eabi/lib/thumb/v7e-m+fp/hard\libc_nano.a(lib_a-init.o)
                              c:/gcc-arm-none-eabi-10.3-2021.10-win32/gcc-arm-none-eabi-10.3-2021.10/bin/../lib/gcc/arm-none-eabi/10.3.1/../../../../arm-none-eabi/lib/thumb/v7e-m+fp/hard/crt0.o (__libc_init_array)
c:/gcc-arm-none-eabi-10.3-2021.10-win32/gcc-arm-none-eabi-10.3-2021.10/bin/../lib/gcc/arm-none-eabi/10.3.1/../../../../arm-none-eabi/lib/thumb/v7e-m+fp/hard\libc_nano.a(lib_a-lcltime.o)
                              c:/gcc-arm-none-eabi-10.3-2021.10-win32/gcc-arm-none-eabi-10.3-2021.10/bin/../lib/gcc/arm-none-eabi/10.3.1/../../../../arm-none-eabi/lib/thumb/v7e-m+fp/hard\libc_nano.a(lib_a-ctime.o) (localtime)
c:/gcc-arm-none-eabi-10.3-2021.10-win32/gcc-arm-none-eabi-10.3-2021.10/bin/../lib/gcc/arm-none-eabi/10.3.1/../../../../arm-none-eabi/lib/thumb/v7e-m+fp/hard\libc_nano.a(lib_a-lcltime_r.o)
                              Build/Sntp_demo.o (localtime_r)
c:/gcc-arm-none-eabi-10.3-2021.10-win32/gcc-arm-none-eabi-10.3-2021.10/bin/../lib/gcc/arm-none-eabi/10.3.1/../../../../arm-none-eabi/lib/thumb/v7e-m+fp/hard\libc_nano.a(lib_a-malloc.o)
                              c:/gcc-arm-none-eabi-10.3-2021.10-win32/gcc-arm-none-eabi-10.3-2021.10/bin/../lib/gcc/arm-none-eabi/10.3.1/../../../../arm-none-eabi/lib/thumb/v7e-m+fp/hard\libc_nano.a(lib_a-lcltime.o) (malloc)
c:/gcc-arm-none-eabi-10.3-2021.10-win32/gcc-arm-none-eabi-10.3-2021.10/bin/../lib/gcc/arm-none-eabi/10.3.1/../../../../arm-none-eabi/lib/thumb/v7e-m+fp/hard\libc_nano.a(lib_a-memchr.o)
                              Build/elog.o (memchr)
c:/gcc-arm-none-eabi-10.3-2021.10-win32/gcc-arm-none-eabi-10.3-2021.10/bin/../lib/gcc/arm-none-eabi/10.3.1/../../../../arm-none-eabi/lib/thumb/v7e-m+fp/hard\libc_nano.a(lib_a-memcmp.o)
                              Build/ethernet.o (memcmp)
c:/gcc-arm-none-eabi-10.3-2021.10-win32/gcc-arm-none-eabi-10.3-2021.10/bin/../lib/gcc/arm-none-eabi/10.3.1/../../../../arm-none-eabi/lib/thumb/v7e-m+fp/hard\libc_nano.a(lib_a-memcpy-stub.o)
                              Build/queue.o (memcpy)
c:/gcc-arm-none-eabi-10.3-2021.10-win32/gcc-arm-none-eabi-10.3-2021.10/bin/../lib/gcc/arm-none-eabi/10.3.1/../../../../arm-none-eabi/lib/thumb/v7e-m+fp/hard\libc_nano.a(lib_a-memmove.o)
                              Build/def.o (memmove)
c:/gcc-arm-none-eabi-10.3-2021.10-win32/gcc-arm-none-eabi-10.3-2021.10/bin/../lib/gcc/arm-none-eabi/10.3.1/../../../../arm-none-eabi/lib/thumb/v7e-m+fp/hard\libc_nano.a(lib_a-memset.o)
                              c:/gcc-arm-none-eabi-10.3-2021.10-win32/gcc-arm-none-eabi-10.3-2021.10/bin/../lib/gcc/arm-none-eabi/10.3.1/../../../../arm-none-eabi/lib/thumb/v7e-m+fp/hard/crt0.o (memset)
c:/gcc-arm-none-eabi-10.3-2021.10-win32/gcc-arm-none-eabi-10.3-2021.10/bin/../lib/gcc/arm-none-eabi/10.3.1/../../../../arm-none-eabi/lib/thumb/v7e-m+fp/hard\libc_nano.a(lib_a-mktime.o)
                              Build/Sntp_demo.o (mktime)
c:/gcc-arm-none-eabi-10.3-2021.10-win32/gcc-arm-none-eabi-10.3-2021.10/bin/../lib/gcc/arm-none-eabi/10.3.1/../../../../arm-none-eabi/lib/thumb/v7e-m+fp/hard\libc_nano.a(lib_a-month_lengths.o)
[...]
Memory Configuration

Name             Origin             Length             Attributes
RAM              0x20000000         0x00020000         xrw
CCMRAM           0x10000000         0x00010000         xrw
FLASH            0x08020000         0x000e0000         xr
EXTSRAM          0x68000000         0x00100000         xrw
*default*        0x00000000         0xffffffff

Linker script and memory map

LOAD c:/gcc-arm-none-eabi-10.3-2021.10-win32/gcc-arm-none-eabi-10.3-2021.10/bin/../lib/gcc/arm-none-eabi/10.3.1/thumb/v7e-m+fp/hard/crti.o
LOAD c:/gcc-arm-none-eabi-10.3-2021.10-win32/gcc-arm-none-eabi-10.3-2021.10/bin/../lib/gcc/arm-none-eabi/10.3.1/thumb/v7e-m+fp/hard/crtbegin.o
LOAD c:/gcc-arm-none-eabi-10.3-2021.10-win32/gcc-arm-none-eabi-10.3-2021.10/bin/../lib/gcc/arm-none-eabi/10.3.1/../../../../arm-none-eabi/lib/thumb/v7e-m+fp/hard/crt0.o
LOAD Build/misc.o
LOAD Build/stm32f4xx_adc.o
LOAD Build/stm32f4xx_can.o
LOAD Build/stm32f4xx_crc.o
LOAD Build/stm32f4xx_cryp.o
LOAD Build/stm32f4xx_cryp_aes.o
LOAD Build/stm32f4xx_cryp_des.o
LOAD Build/stm32f4xx_cryp_tdes.o
LOAD Build/stm32f4xx_dac.o
LOAD Build/stm32f4xx_dbgmcu.o
LOAD Build/stm32f4xx_dcmi.o
LOAD Build/stm32f4xx_dfsdm.o
LOAD Build/stm32f4xx_dma.o
LOAD Build/stm32f4xx_dma2d.o
LOAD Build/stm32f4xx_dsi.o
LOAD Build/stm32f4xx_exti.o
LOAD Build/stm32f4xx_flash.o
LOAD Build/stm32f4xx_flash_ramfunc.o
LOAD Build/stm32f4xx_fmpi2c.o
LOAD Build/stm32f4xx_fsmc.o
LOAD Build/stm32f4xx_gpio.o
LOAD Build/stm32f4xx_hash.o
LOAD Build/stm32f4xx_hash_md5.o
LOAD Build/stm32f4xx_hash_sha1.o
LOAD Build/stm32f4xx_i2c.o
LOAD Build/stm32f4xx_iwdg.o
LOAD Build/stm32f4xx_pwr.o
LOAD Build/stm32f4xx_qspi.o
LOAD Build/stm32f4xx_rcc.o
LOAD Build/stm32f4xx_rng.o
LOAD Build/stm32f4xx_rtc.o
LOAD Build/stm32f4xx_sai.o
LOAD Build/stm32f4xx_sdio.o
LOAD Build/stm32f4xx_spdifrx.o
LOAD Build/stm32f4xx_spi.o
LOAD Build/stm32f4xx_syscfg.o
LOAD Build/stm32f4xx_tim.o
LOAD Build/stm32f4xx_usart.o
LOAD Build/stm32f4xx_wwdg.o
LOAD Build/system_stm32f4xx.o
LOAD Build/stm32f4x7_eth.o
LOAD Build/croutine.o
LOAD Build/event_groups.o
LOAD Build/list.o
LOAD Build/queue.o
LOAD Build/tasks.o
LOAD Build/timers.o
LOAD Build/heap_4.o
LOAD Build/port.o
LOAD Build/api_lib.o
LOAD Build/api_msg.o
LOAD Build/err.o
LOAD Build/if_api.o
LOAD Build/netbuf.o
LOAD Build/netdb.o
LOAD Build/sockets.o
LOAD Build/tcpip.o
LOAD Build/autoip.o
LOAD Build/dhcp.o
LOAD Build/etharp.o
LOAD Build/icmp.o
LOAD Build/igmp.o
LOAD Build/ip4.o
LOAD Build/ip4_addr.o
LOAD Build/ip4_frag.o
LOAD Build/altcp.o
LOAD Build/altcp_alloc.o
LOAD Build/altcp_tcp.o
LOAD Build/def.o
LOAD Build/dns.o
LOAD Build/inet_chksum.o
LOAD Build/init.o
LOAD Build/ip.o
LOAD Build/mem.o
LOAD Build/memp.o
LOAD Build/netif.o
LOAD Build/pbuf.o
LOAD Build/raw.o
LOAD Build/stats.o
LOAD Build/sys.o
LOAD Build/tcp.o
LOAD Build/tcp_in.o
LOAD Build/tcp_out.o
LOAD Build/timeouts.o
LOAD Build/udp.o
LOAD Build/ethernet.o
LOAD Build/lowpan6.o
LOAD Build/lowpan6_ble.o
LOAD Build/lowpan6_common.o
LOAD Build/zepif.o
LOAD Build/bridgeif.o
LOAD Build/sntp.o
LOAD Build/tftp_server.o
LOAD Build/diskio.o
LOAD Build/ff.o
LOAD Build/cc936.o
LOAD Build/syscall.o
LOAD Build/shell.o
LOAD Build/shell_cmd_list.o
LOAD Build/shell_companion.o
LOAD Build/shell_ext.o
LOAD Build/shell_port.o
LOAD Build/cm_backtrace.o
LOAD Build/elog.o
LOAD Build/elog_utils.o
LOAD Build/elog_port.o
LOAD Build/sfud.o
LOAD Build/sfud_sfdp.o
LOAD Build/sfud_port.o
LOAD Build/fal.o
LOAD Build/fal_flash.o
LOAD Build/fal_partition.o
LOAD Build/fal_flash_sfud_port.o
LOAD Build/fal_flash_stm32f4_port.o
LOAD Build/main.o
LOAD Build/stm32f4xx_it.o
LOAD Build/bsp_usart3.o
LOAD Build/bsp_usart1.o
LOAD Build/bsp_key.o
LOAD Build/bsp_rtc.o
LOAD Build/bsp_sram.o
LOAD Build/nv.o
LOAD Build/FatFs_demo.o
LOAD Build/stm32f4x7_phy.o
LOAD Build/sys_arch.o
LOAD Build/ethernetif.o
LOAD Build/netconf.o
LOAD Build/Sntp_demo.o
LOAD Build/Tftp_demo.o
LOAD Build/Http_Client_demo.o
LOAD Build/nw.o
LOAD Build/startup_stm32f40xx.o
LOAD Build/cmb_fault.o
LOAD c:/gcc-arm-none-eabi-10.3-2021.10-win32/gcc-arm-none-eabi-10.3-2021.10/bin/../lib/gcc/arm-none-eabi/10.3.1/../../../../arm-none-eabi/lib/thumb/v7e-m+fp/hard\libc_nano.a
LOAD c:/gcc-arm-none-eabi-10.3-2021.10-win32/gcc-arm-none-eabi-10.3-2021.10/bin/../lib/gcc/arm-none-eabi/10.3.1/../../../../arm-none-eabi/lib/thumb/v7e-m+fp/hard\libm.a
LOAD c:/gcc-arm-none-eabi-10.3-2021.10-win32/gcc-arm-none-eabi-10.3-2021.10/bin/../lib/gcc/arm-none-eabi/10.3.1/../../../../arm-none-eabi/lib/thumb/v7e-m+fp/hard\libnosys.a
START GROUP
LOAD c:/gcc-arm-none-eabi-10.3-2021.10-win32/gcc-arm-none-eabi-10.3-2021.10/bin/../lib/gcc/arm-none-eabi/10.3.1/thumb/v7e-m+fp/hard\libgcc.a
LOAD c:/gcc-arm-none-eabi-10.3-2021.10-win32/gcc-arm-none-eabi-10.3-2021.10/bin/../lib/gcc/arm-none-eabi/10.3.1/../../../../arm-none-eabi/lib/thumb/v7e-m+fp/hard\libc_nano.a
END GROUP
START GROUP
LOAD c:/gcc-arm-none-eabi-10.3-2021.10-win32/gcc-arm-none-eabi-10.3-2021.10/bin/../lib/gcc/arm-none-eabi/10.3.1/thumb/v7e-m+fp/hard\libgcc.a
LOAD c:/gcc-arm-none-eabi-10.3-2021.10-win32/gcc-arm-none-eabi-10.3-2021.10/bin/../lib/gcc/arm-none-eabi/10.3.1/../../../../arm-none-eabi/lib/thumb/v7e-m+fp/hard\libc_nano.a
END GROUP
LOAD c:/gcc-arm-none-eabi-10.3-2021.10-win32/gcc-arm-none-eabi-10.3-2021.10/bin/../lib/gcc/arm-none-eabi/10.3.1/thumb/v7e-m+fp/hard/crtend.o
LOAD c:/gcc-arm-none-eabi-10.3-2021.10-win32/gcc-arm-none-eabi-10.3-2021.10/bin/../lib/gcc/arm-none-eabi/10.3.1/thumb/v7e-m+fp/hard/crtn.o
                0x2001fa70                _estack = (ORIGIN (RAM) + LENGTH (RAM))
                0x00000200                _Min_Heap_Size = 0x200
                0x00000400                _Min_Stack_Size = 0x400

.isr_vector     0x08020000      0x188
                0x08020000                . = ALIGN (0x4)
 *(.isr_vector)
 .isr_vector    0x08020000      0x188 Build/startup_stm32f40xx.o
                0x08020000                g_pfnVectors
                0x08020188                . = ALIGN (0x4)

.text           0x08020190    0x2953c
                0x08020190                . = ALIGN (0x4)
                0x08020190                _stext = .
 *(.text)
 .text          0x08020190       0x40 c:/gcc-arm-none-eabi-10.3-2021.10-win32/gcc-arm-none-eabi-10.3-2021.10/bin/../lib/gcc/arm-none-eabi/10.3.1/thumb/v7e-m+fp/hard/crtbegin.o
 .text          0x080201d0        0xc Build/cmb_fault.o
                0x080201d0                HardFault_Handler
 *fill*         0x080201dc        0x4 
 .text          0x080201e0       0xa0 c:/gcc-arm-none-eabi-10.3-2021.10-win32/gcc-arm-none-eabi-10.3-2021.10/bin/../lib/gcc/arm-none-eabi/10.3.1/../../../../arm-none-eabi/lib/thumb/v7e-m+fp/hard\libc_nano.a(lib_a-memchr.o)
                0x080201e0                memchr
 .text          0x08020280       0x14 c:/gcc-arm-none-eabi-10.3-2021.10-win32/gcc-arm-none-eabi-10.3-2021.10/bin/../lib/gcc/arm-none-eabi/10.3.1/../../../../arm-none-eabi/lib/thumb/v7e-m+fp/hard\libc_nano.a(lib_a-strcmp.o)
                0x08020280                strcmp
 .text          0x08020294       0x10 c:/gcc-arm-none-eabi-10.3-2021.10-win32/gcc-arm-none-eabi-10.3-2021.10/bin/../lib/gcc/arm-none-eabi/10.3.1/../../../../arm-none-eabi/lib/thumb/v7e-m+fp/hard\libc_nano.a(lib_a-strlen.o)
                0x08020294                strlen
 .text          0x080202a4       0xa0 c:/gcc-arm-none-eabi-10.3-2021.10-win32/gcc-arm-none-eabi-10.3-2021.10/bin/../lib/gcc/arm-none-eabi/10.3.1/thumb/v7e-m+fp/hard\libgcc.a(_aeabi_ldivmod.o)
                0x080202a4                __aeabi_ldivmod
 .text          0x08020344      0x2d0 c:/gcc-arm-none-eabi-10.3-2021.10-win32/gcc-arm-none-eabi-10.3-2021.10/bin/../lib/gcc/arm-none-eabi/10.3.1/thumb/v7e-m+fp/hard\libgcc.a(_udivmoddi4.o)
                0x08020344                __udivmoddi4
 .text          0x08020614        0x4 c:/gcc-arm-none-eabi-10.3-2021.10-win32/gcc-arm-none-eabi-10.3-2021.10/bin/../lib/gcc/arm-none-eabi/10.3.1/thumb/v7e-m+fp/hard\libgcc.a(_dvmd_tls.o)
                0x08020614                __aeabi_idiv0
                0x08020614                __aeabi_ldiv0
 *(.text*)
 .text.NVIC_PriorityGroupConfig
                0x08020618       0x28 Build/misc.o
                0x08020618                NVIC_PriorityGroupConfig
 .text.NVIC_Init
                0x08020640       0xc4 Build/misc.o
                0x08020640                NVIC_Init
 .text.NVIC_SetVectorTable
                0x08020704       0x2c Build/misc.o
                0x08020704                NVIC_SetVectorTable
 .text.DMA_DeInit
                0x08020730      0x1a8 Build/stm32f4xx_dma.o
                0x08020730                DMA_DeInit
 .text.DMA_Init
                0x080208d8       0xb0 Build/stm32f4xx_dma.o
                0x080208d8                DMA_Init
 .text.DMA_Cmd  0x08020988       0x38 Build/stm32f4xx_dma.o
                0x08020988                DMA_Cmd
 .text.DMA_SetCurrDataCounter
                0x080209c0       0x1e Build/stm32f4xx_dma.o
                0x080209c0                DMA_SetCurrDataCounter
 *fill*         0x080209de        0x2 
 .text.DMA_ClearFlag
                0x080209e0       0x5c Build/stm32f4xx_dma.o
                0x080209e0                DMA_ClearFlag
 .text.DMA_ITConfig
                0x08020a3c       0x74 Build/stm32f4xx_dma.o
                0x08020a3c                DMA_ITConfig
 .text.FLASH_Unlock
                0x08020ab0       0x30 Build/stm32f4xx_flash.o
                0x08020ab0                FLASH_Unlock
 .text.FLASH_Lock
                0x08020ae0       0x20 Build/stm32f4xx_flash.o
                0x08020ae0                FLASH_Lock
 .text.FLASH_EraseSector
                0x08020b00       0xc0 Build/stm32f4xx_flash.o
                0x08020b00                FLASH_EraseSector
 .text.FLASH_ProgramByte
                0x08020bc0       0x68 Build/stm32f4xx_flash.o
                0x08020bc0                FLASH_ProgramByte
 .text.FLASH_ClearFlag
                0x08020c28       0x20 Build/stm32f4xx_flash.o
                0x08020c28                FLASH_ClearFlag
 .text.FLASH_GetStatus
                0x08020c48       0x7c Build/stm32f4xx_flash.o
                0x08020c48                FLASH_GetStatus
 .text.FLASH_WaitForLastOperation
                0x08020cc4       0x30 Build/stm32f4xx_flash.o
                0x08020cc4                FLASH_WaitForLastOperation
 .text.FSMC_NORSRAMInit
                0x08020cf4      0x19c Build/stm32f4xx_fsmc.o
                0x08020cf4                FSMC_NORSRAMInit
 .text.FSMC_NORSRAMCmd
                0x08020e90       0x54 Build/stm32f4xx_fsmc.o
                0x08020e90                FSMC_NORSRAMCmd
 .text.GPIO_Init
                0x08020ee4      0x11e Build/stm32f4xx_gpio.o
                0x08020ee4                GPIO_Init
 .text.GPIO_SetBits
                0x08021002       0x1e Build/stm32f4xx_gpio.o
                0x08021002                GPIO_SetBits
 .text.GPIO_ResetBits
                0x08021020       0x1e Build/stm32f4xx_gpio.o
                0x08021020                GPIO_ResetBits
 .text.GPIO_PinAFConfig
                0x0802103e       0x92 Build/stm32f4xx_gpio.o
                0x0802103e                GPIO_PinAFConfig
 .text.RCC_GetClocksFreq
                0x080210d0      0x15c Build/stm32f4xx_rcc.o
                0x080210d0                RCC_GetClocksFreq
 .text.RCC_AHB1PeriphClockCmd
                0x0802122c       0x40 Build/stm32f4xx_rcc.o
                0x0802122c                RCC_AHB1PeriphClockCmd
 .text.RCC_AHB3PeriphClockCmd
                0x0802126c       0x40 Build/stm32f4xx_rcc.o
                0x0802126c                RCC_AHB3PeriphClockCmd
 .text.RCC_APB1PeriphClockCmd
                0x080212ac       0x40 Build/stm32f4xx_rcc.o
                0x080212ac                RCC_APB1PeriphClockCmd
 .text.RCC_APB2PeriphClockCmd
                0x080212ec       0x40 Build/stm32f4xx_rcc.o
                0x080212ec                RCC_APB2PeriphClockCmd
 .text.RCC_AHB1PeriphResetCmd
                0x0802132c       0x40 Build/stm32f4xx_rcc.o
                0x0802132c                RCC_AHB1PeriphResetCmd
 .text.RCC_APB1PeriphResetCmd
                0x0802136c       0x40 Build/stm32f4xx_rcc.o
                0x0802136c                RCC_APB1PeriphResetCmd
 .text.RCC_APB2PeriphResetCmd
                0x080213ac       0x40 Build/stm32f4xx_rcc.o
                0x080213ac                RCC_APB2PeriphResetCmd
 .text.RTC_GetTime
                0x080213ec       0xa4 Build/stm32f4xx_rtc.o
                0x080213ec                RTC_GetTime
 .text.RTC_GetDate
                0x08021490       0x9c Build/stm32f4xx_rtc.o
                0x08021490                RTC_GetDate
 .text.RTC_Bcd2ToByte
                0x0802152c       0x38 Build/stm32f4xx_rtc.o
 .text.SPI_I2S_DeInit
                0x08021564       0xdc Build/stm32f4xx_spi.o
                0x08021564                SPI_I2S_DeInit
 .text.SPI_Init
                0x08021640       0x88 Build/stm32f4xx_spi.o
                0x08021640                SPI_Init
 .text.SPI_Cmd  0x080216c8       0x40 Build/stm32f4xx_spi.o
                0x080216c8                SPI_Cmd
 .text.SPI_I2S_ReceiveData
                0x08021708       0x1a Build/stm32f4xx_spi.o
                0x08021708                SPI_I2S_ReceiveData
 .text.SPI_I2S_SendData
                0x08021722       0x1e Build/stm32f4xx_spi.o
                0x08021722                SPI_I2S_SendData
 .text.SPI_CalculateCRC
                0x08021740       0x40 Build/stm32f4xx_spi.o
                0x08021740                SPI_CalculateCRC
 .text.SPI_I2S_GetFlagStatus
                0x08021780       0x38 Build/stm32f4xx_spi.o
                0x08021780                SPI_I2S_GetFlagStatus
 .text.SYSCFG_ETH_MediaInterfaceConfig
                0x080217b8       0x20 Build/stm32f4xx_syscfg.o
                0x080217b8                SYSCFG_ETH_MediaInterfaceConfig
 .text.USART_Init
                0x080217d8      0x174 Build/stm32f4xx_usart.o
                0x080217d8                USART_Init
 .text.USART_Cmd
                0x0802194c       0x40 Build/stm32f4xx_usart.o
                0x0802194c                USART_Cmd
 .text.USART_SendData
                0x0802198c       0x24 Build/stm32f4xx_usart.o
                0x0802198c                USART_SendData
 .text.USART_ReceiveData
                0x080219b0       0x20 Build/stm32f4xx_usart.o
                0x080219b0                USART_ReceiveData
 .text.USART_DMACmd
                0x080219d0       0x48 Build/stm32f4xx_usart.o
                0x080219d0                USART_DMACmd
 .text.USART_ITConfig
                0x08021a18       0x90 Build/stm32f4xx_usart.o
                0x08021a18                USART_ITConfig
 .text.USART_GetFlagStatus
                0x08021aa8       0x38 Build/stm32f4xx_usart.o
                0x08021aa8                USART_GetFlagStatus
 .text.USART_GetITStatus
                0x08021ae0       0xb6 Build/stm32f4xx_usart.o
                0x08021ae0                USART_GetITStatus
 *fill*         0x08021b96        0x2 
 .text.SystemInit
                0x08021b98       0x6c Build/system_stm32f4xx.o
                0x08021b98                SystemInit
 .text.SetSysClock
                0x08021c04       0xf8 Build/system_stm32f4xx.o
 .text.ETH_Delay
                0x08021cfc       0x2c Build/stm32f4x7_eth.o
 .text.ETH_DeInit
                0x08021d28       0x1c Build/stm32f4x7_eth.o
                0x08021d28                ETH_DeInit
 .text.ETH_StructInit
                0x08021d44      0x15e Build/stm32f4x7_eth.o
                0x08021d44                ETH_StructInit
 *fill*         0x08021ea2        0x2 
 .text.ETH_Init
                0x08021ea4      0x480 Build/stm32f4x7_eth.o
                0x08021ea4                ETH_Init
 .text.ETH_Start
                0x08022324       0x24 Build/stm32f4x7_eth.o
                0x08022324                ETH_Start
 .text.ETH_MACTransmissionCmd
                0x08022348       0x50 Build/stm32f4x7_eth.o
                0x08022348                ETH_MACTransmissionCmd
 .text.ETH_MACReceptionCmd
                0x08022398       0x50 Build/stm32f4x7_eth.o
                0x08022398                ETH_MACReceptionCmd
 .text.ETH_MACAddressConfig
                0x080223e8       0x6c Build/stm32f4x7_eth.o
                0x080223e8                ETH_MACAddressConfig
 .text.ETH_Get_Received_Frame_interrupt
                0x08022454      0x140 Build/stm32f4x7_eth.o
                0x08022454                ETH_Get_Received_Frame_interrupt
 .text.ETH_Prepare_Transmit_Descriptors
                0x08022594      0x164 Build/stm32f4x7_eth.o
                0x08022594                ETH_Prepare_Transmit_Descriptors
 .text.ETH_DMARxDescChainInit
                0x080226f8       0xa8 Build/stm32f4x7_eth.o
                0x080226f8                ETH_DMARxDescChainInit
 .text.ETH_DMATxDescChainInit
                0x080227a0       0x90 Build/stm32f4x7_eth.o
                0x080227a0                ETH_DMATxDescChainInit
 .text.ETH_DMATxDescChecksumInsertionConfig
                0x08022830       0x22 Build/stm32f4x7_eth.o
                0x08022830                ETH_DMATxDescChecksumInsertionConfig
 .text.ETH_DMARxDescReceiveITConfig
                0x08022852       0x38 Build/stm32f4x7_eth.o
                0x08022852                ETH_DMARxDescReceiveITConfig
 *fill*         0x0802288a        0x2 
 .text.ETH_SoftwareReset
                0x0802288c       0x28 Build/stm32f4x7_eth.o
                0x0802288c                ETH_SoftwareReset
 .text.ETH_GetDMAFlagStatus
                0x080228b4       0x38 Build/stm32f4x7_eth.o
                0x080228b4                ETH_GetDMAFlagStatus
 .text.ETH_DMAITConfig
                0x080228ec       0x50 Build/stm32f4x7_eth.o
                0x080228ec                ETH_DMAITConfig
 .text.ETH_DMAClearITPendingBit
                0x0802293c       0x24 Build/stm32f4x7_eth.o
                0x0802293c                ETH_DMAClearITPendingBit
 .text.ETH_FlushTransmitFIFO
                0x08022960       0x48 Build/stm32f4x7_eth.o
                0x08022960                ETH_FlushTransmitFIFO
 .text.ETH_DMATransmissionCmd
                0x080229a8       0x4c Build/stm32f4x7_eth.o
                0x080229a8                ETH_DMATransmissionCmd
 .text.ETH_DMAReceptionCmd
                0x080229f4       0x4c Build/stm32f4x7_eth.o
                0x080229f4                ETH_DMAReceptionCmd
 .text.ETH_ReadPHYRegister
                0x08022a40       0xa0 Build/stm32f4x7_eth.o
                0x08022a40                ETH_ReadPHYRegister
 .text.ETH_WritePHYRegister
                0x08022ae0       0xa4 Build/stm32f4x7_eth.o
                0x08022ae0                ETH_WritePHYRegister
 .text.vListInitialise
                0x08022b84       0x40 Build/list.o
                0x08022b84                vListInitialise
 .text.vListInitialiseItem
                0x08022bc4       0x1a Build/list.o
                0x08022bc4                vListInitialiseItem
 .text.vListInsertEnd
                0x08022bde       0x48 Build/list.o
                0x08022bde                vListInsertEnd
 .text.vListInsert
                0x08022c26       0x72 Build/list.o
                0x08022c26                vListInsert
 .text.uxListRemove
                0x08022c98       0x54 Build/list.o
                0x08022c98                uxListRemove
 .text.xQueueGenericReset
                0x08022cec       0xd0 Build/queue.o
                0x08022cec                xQueueGenericReset
 .text.xQueueGenericCreate
                0x08022dbc       0x74 Build/queue.o
                0x08022dbc                xQueueGenericCreate
 .text.prvInitialiseNewQueue
                0x08022e30       0x46 Build/queue.o
 .text.prvInitialiseMutex
                0x08022e76       0x34 Build/queue.o
 .text.xQueueCreateMutex
                0x08022eaa       0x30 Build/queue.o
                0x08022eaa                xQueueCreateMutex
 *fill*         0x08022eda        0x2 
 .text.xQueueGiveMutexRecursive
                0x08022edc       0x68 Build/queue.o
                0x08022edc                xQueueGiveMutexRecursive
 .text.xQueueTakeMutexRecursive
                0x08022f44       0x70 Build/queue.o
                0x08022f44                xQueueTakeMutexRecursive
 .text.xQueueCreateCountingSemaphore
                0x08022fb4       0x5c Build/queue.o
                0x08022fb4                xQueueCreateCountingSemaphore
 .text.xQueueGenericSend
                0x08023010      0x1dc Build/queue.o
                0x08023010                xQueueGenericSend
 .text.xQueueGiveFromISR
                0x080231ec      0x100 Build/queue.o
                0x080231ec                xQueueGiveFromISR
 .text.xQueueGenericReceive
                0x080232ec      0x214 Build/queue.o
                0x080232ec                xQueueGenericReceive
 .text.vQueueDelete
                0x08023500       0x3c Build/queue.o
                0x08023500                vQueueDelete
 .text.prvCopyDataToQueue
                0x0802353c       0xd4 Build/queue.o
 .text.prvCopyDataFromQueue
                0x08023610       0x4c Build/queue.o
 .text.prvUnlockQueue
                0x0802365c       0xa4 Build/queue.o
 .text.prvIsQueueEmpty
                0x08023700       0x2c Build/queue.o
 .text.prvIsQueueFull
                0x0802372c       0x30 Build/queue.o
 .text.vQueueUnregisterQueue
                0x0802375c       0x54 Build/queue.o
                0x0802375c                vQueueUnregisterQueue
 .text.xTaskCreate
                0x080237b0       0x82 Build/tasks.o
                0x080237b0                xTaskCreate
 *fill*         0x08023832        0x2 
 .text.prvInitialiseNewTask
                0x08023834      0x114 Build/tasks.o
 .text.prvAddNewTaskToReadyList
                0x08023948       0xdc Build/tasks.o
 .text.vTaskDelete
                0x08023a24      0x11c Build/tasks.o
                0x08023a24                vTaskDelete
 .text.vTaskDelay
                0x08023b40       0x68 Build/tasks.o
                0x08023b40                vTaskDelay
 .text.eTaskGetState
                0x08023ba8       0xb0 Build/tasks.o
                0x08023ba8                eTaskGetState
 .text.vTaskStartScheduler
                0x08023c58       0x8c Build/tasks.o
                0x08023c58                vTaskStartScheduler
 .text.vTaskSuspendAll
                0x08023ce4       0x1c Build/tasks.o
                0x08023ce4                vTaskSuspendAll
 .text.xTaskResumeAll
                0x08023d00      0x138 Build/tasks.o
                0x08023d00                xTaskResumeAll
 .text.xTaskGetTickCount
                0x08023e38       0x20 Build/tasks.o
                0x08023e38                xTaskGetTickCount
 .text.uxTaskGetSystemState
                0x08023e58      0x11c Build/tasks.o
                0x08023e58                uxTaskGetSystemState
 .text.xTaskIncrementTick
                0x08023f74      0x178 Build/tasks.o
                0x08023f74                xTaskIncrementTick
 .text.vTaskSwitchContext
                0x080240ec       0xb0 Build/tasks.o
                0x080240ec                vTaskSwitchContext
 .text.vTaskPlaceOnEventList
                0x0802419c       0x48 Build/tasks.o
                0x0802419c                vTaskPlaceOnEventList
 .text.xTaskRemoveFromEventList
                0x080241e4       0xc4 Build/tasks.o
                0x080241e4                xTaskRemoveFromEventList
 .text.vTaskSetTimeOutState
                0x080242a8       0x44 Build/tasks.o
                0x080242a8                vTaskSetTimeOutState
 .text.xTaskCheckForTimeOut
                0x080242ec       0xb4 Build/tasks.o
                0x080242ec                xTaskCheckForTimeOut
 .text.vTaskMissedYield
                0x080243a0       0x18 Build/tasks.o
                0x080243a0                vTaskMissedYield
 .text.prvIdleTask
                0x080243b8       0x30 Build/tasks.o
 .text.prvInitialiseTaskLists
                0x080243e8       0x80 Build/tasks.o
 .text.prvCheckTasksWaitingTermination
                0x08024468       0x78 Build/tasks.o
 .text.vTaskGetInfo
                0x080244e0       0xbc Build/tasks.o
                0x080244e0                vTaskGetInfo
 .text.prvListTasksWithinSingleList
                0x0802459c       0xa4 Build/tasks.o
 .text.prvTaskCheckFreeStackSpace
                0x08024640       0x38 Build/tasks.o
 .text.prvDeleteTCB
                0x08024678       0x20 Build/tasks.o
 .text.prvResetNextTaskUnblockTime
                0x08024698       0x4c Build/tasks.o
 .text.xTaskGetCurrentTaskHandle
                0x080246e4       0x20 Build/tasks.o
                0x080246e4                xTaskGetCurrentTaskHandle
 .text.xTaskGetSchedulerState
                0x08024704       0x3c Build/tasks.o
                0x08024704                xTaskGetSchedulerState
 .text.vTaskPriorityInherit
                0x08024740       0xec Build/tasks.o
                0x08024740                vTaskPriorityInherit
 .text.xTaskPriorityDisinherit
                0x0802482c      0x100 Build/tasks.o
                0x0802482c                xTaskPriorityDisinherit
 .text.prvWriteNameToBuffer
                0x0802492c       0x4a Build/tasks.o
 *fill*         0x08024976        0x2 
 .text.vTaskList
                0x08024978      0x12c Build/tasks.o
                0x08024978                vTaskList
 .text.pvTaskIncrementMutexHeldCount
                0x08024aa4       0x28 Build/tasks.o
                0x08024aa4                pvTaskIncrementMutexHeldCount
 .text.prvAddCurrentTaskToDelayedList
                0x08024acc       0xcc Build/tasks.o
 .text.vTaskStackAddr
                0x08024b98       0x18 Build/tasks.o
                0x08024b98                vTaskStackAddr
 .text.vTaskStackSize
                0x08024bb0       0x18 Build/tasks.o
                0x08024bb0                vTaskStackSize
 .text.vTaskName
                0x08024bc8       0x18 Build/tasks.o
                0x08024bc8                vTaskName
 .text.pvPortMalloc
                0x08024be0      0x170 Build/heap_4.o
                0x08024be0                pvPortMalloc
 .text.vPortFree
                0x08024d50       0xa8 Build/heap_4.o
                0x08024d50                vPortFree
 .text.xPortGetFreeHeapSize
                0x08024df8       0x18 Build/heap_4.o
                0x08024df8                xPortGetFreeHeapSize
 .text.prvHeapInit
                0x08024e10       0xc4 Build/heap_4.o
 .text.prvInsertBlockIntoFreeList
                0x08024ed4       0xb4 Build/heap_4.o
 .text.pxPortInitialiseStack
                0x08024f88       0x68 Build/port.o
                0x08024f88                pxPortInitialiseStack
 .text.prvTaskExitError
                0x08024ff0       0x40 Build/port.o
 .text.SVC_Handler
                0x08025030       0x28 Build/port.o
                0x08025030                SVC_Handler
 .text.prvPortStartFirstTask
                0x08025058       0x20 Build/port.o
 .text.xPortStartScheduler
                0x08025078      0x110 Build/port.o
                0x08025078                xPortStartScheduler
 .text.vPortEnterCritical
                0x08025188       0x5c Build/port.o
                0x08025188                vPortEnterCritical
 .text.vPortExitCritical
                0x080251e4       0x4c Build/port.o
                0x080251e4                vPortExitCritical
 .text.PendSV_Handler
                0x08025230       0x68 Build/port.o
                0x08025230                PendSV_Handler
 .text.xPortSysTickHandler
                0x08025298       0x44 Build/port.o
                0x08025298                xPortSysTickHandler
 .text.vPortSetupTimerInterrupt
                0x080252dc       0x38 Build/port.o
                0x080252dc                vPortSetupTimerInterrupt
 .text.vPortEnableVFP
                0x08025314       0x14 Build/port.o
 .text.vPortValidateInterruptPriority
                0x08025328       0x70 Build/port.o
                0x08025328                vPortValidateInterruptPriority
 .text.err_to_errno
                0x08025398       0x3c Build/err.o
                0x08025398                err_to_errno
 .text.lwip_netconn_err_to_msg
                0x080253d4       0x5c Build/sockets.o
 .text.lwip_netconn_is_err_msg
                0x08025430       0x68 Build/sockets.o
                0x08025430                lwip_netconn_is_err_msg
 .text.recv_udp
                0x08025498       0xe0 Build/sockets.o
 .text.recv_tcp
                0x08025578       0xe4 Build/sockets.o
 .text.poll_tcp
                0x0802565c       0xc0 Build/sockets.o
 .text.sent_tcp
                0x0802571c       0xa0 Build/sockets.o
 .text.err_tcp  0x080257bc      0x190 Build/sockets.o
 .text.setup_tcp
                0x0802594c       0x50 Build/sockets.o
 .text.pcb_new  0x0802599c       0xc4 Build/sockets.o
 .text.lwip_netconn_do_newconn
                0x08025a60       0x2a Build/sockets.o
                0x08025a60                lwip_netconn_do_newconn
 *fill*         0x08025a8a        0x2 
 .text.netconn_alloc
                0x08025a8c       0xd0 Build/sockets.o
                0x08025a8c                netconn_alloc
 .text.netconn_free
                0x08025b5c       0x70 Build/sockets.o
                0x08025b5c                netconn_free
 .text.netconn_drain
                0x08025bcc       0xf2 Build/sockets.o
 *fill*         0x08025cbe        0x2 
 .text.lwip_netconn_do_close_internal
                0x08025cc0      0x28c Build/sockets.o
 .text.lwip_netconn_do_delconn
                0x08025f4c      0x198 Build/sockets.o
                0x08025f4c                lwip_netconn_do_delconn
 .text.lwip_netconn_do_connected
                0x080260e4      0x108 Build/sockets.o
 .text.lwip_netconn_do_connect
                0x080261ec      0x168 Build/sockets.o
                0x080261ec                lwip_netconn_do_connect
 .text.lwip_netconn_do_disconnect
                0x08026354       0x3c Build/sockets.o
                0x08026354                lwip_netconn_do_disconnect
 .text.lwip_netconn_do_send
                0x08026390       0x9a Build/sockets.o
                0x08026390                lwip_netconn_do_send
 .text.lwip_netconn_do_recv
                0x0802642a       0x6a Build/sockets.o
                0x0802642a                lwip_netconn_do_recv
 .text.lwip_netconn_do_writemore
                0x08026494      0x364 Build/sockets.o
 .text.lwip_netconn_do_write
                0x080267f8       0xf0 Build/sockets.o
                0x080267f8                lwip_netconn_do_write
 .text.lwip_netconn_do_getaddr
                0x080268e8       0xfc Build/sockets.o
                0x080268e8                lwip_netconn_do_getaddr
 .text.lwip_netconn_do_close
                0x080269e4       0xf8 Build/sockets.o
                0x080269e4                lwip_netconn_do_close
 .text.lwip_netconn_do_join_leave_group
                0x08026adc       0x74 Build/sockets.o
                0x08026adc                lwip_netconn_do_join_leave_group
 .text.netconn_apimsg
                0x08026b50       0x40 Build/sockets.o
 .text.netconn_new_with_proto_and_callback
                0x08026b90       0xd4 Build/sockets.o
                0x08026b90                netconn_new_with_proto_and_callback
 .text.netconn_prepare_delete
                0x08026c64       0x48 Build/sockets.o
                0x08026c64                netconn_prepare_delete
 .text.netconn_delete
                0x08026cac       0x36 Build/sockets.o
                0x08026cac                netconn_delete
 *fill*         0x08026ce2        0x2 
 .text.netconn_getaddr
                0x08026ce4       0x84 Build/sockets.o
                0x08026ce4                netconn_getaddr
 .text.netconn_connect
                0x08026d68       0x60 Build/sockets.o
                0x08026d68                netconn_connect
 .text.netconn_disconnect
                0x08026dc8       0x44 Build/sockets.o
                0x08026dc8                netconn_disconnect
 .text.netconn_recv_data
                0x08026e0c      0x188 Build/sockets.o
 .text.netconn_tcp_recvd_msg
                0x08026f94       0x50 Build/sockets.o
 .text.netconn_tcp_recvd
                0x08026fe4       0x4c Build/sockets.o
                0x08026fe4                netconn_tcp_recvd
 .text.netconn_recv_data_tcp
                0x08027030      0x112 Build/sockets.o
 *fill*         0x08027142        0x2 
 .text.netconn_recv_tcp_pbuf_flags
                0x08027144       0x48 Build/sockets.o
                0x08027144                netconn_recv_tcp_pbuf_flags
 .text.netconn_recv_udp_raw_netbuf_flags
                0x0802718c       0x48 Build/sockets.o
                0x0802718c                netconn_recv_udp_raw_netbuf_flags
 .text.netconn_send
                0x080271d4       0x4c Build/sockets.o
                0x080271d4                netconn_send
 .text.netconn_write_partly
                0x08027220       0x34 Build/sockets.o
                0x08027220                netconn_write_partly
 .text.netconn_write_vectors_partly
                0x08027254      0x150 Build/sockets.o
                0x08027254                netconn_write_vectors_partly
 .text.netconn_close_shutdown
                0x080273a4       0x50 Build/sockets.o
 .text.netconn_err
                0x080273f4       0x36 Build/sockets.o
                0x080273f4                netconn_err
 *fill*         0x0802742a        0x2 
 .text.netconn_join_leave_group
                0x0802742c       0x70 Build/sockets.o
                0x0802742c                netconn_join_leave_group
 .text.netbuf_delete
                0x0802749c       0x3e Build/sockets.o
                0x0802749c                netbuf_delete
 *fill*         0x080274da        0x2 
 .text.netbuf_free
                0x080274dc       0x40 Build/sockets.o
                0x080274dc                netbuf_free
 .text.netbuf_ref
                0x0802751c       0x84 Build/sockets.o
                0x0802751c                netbuf_ref
 .text.tryget_socket_unconn_nouse
                0x080275a0       0x34 Build/sockets.o
 .text.tryget_socket_unconn
                0x080275d4       0x1a Build/sockets.o
 .text.tryget_socket
                0x080275ee       0x2c Build/sockets.o
 *fill*         0x0802761a        0x2 
 .text.get_socket
                0x0802761c       0x30 Build/sockets.o
 .text.alloc_socket
                0x0802764c       0xc8 Build/sockets.o
 .text.free_socket_locked
                0x08027714       0x38 Build/sockets.o
 .text.free_socket_free_elements
                0x0802774c       0x44 Build/sockets.o
 .text.free_socket
                0x08027790       0x44 Build/sockets.o
 .text.lwip_close
                0x080277d4       0xa4 Build/sockets.o
                0x080277d4                lwip_close
 .text.lwip_connect
                0x08027878       0xf0 Build/sockets.o
                0x08027878                lwip_connect
 .text.lwip_recv_tcp
                0x08027968      0x1f0 Build/sockets.o
 .text.lwip_sock_make_addr
                0x08027b58       0xbc Build/sockets.o
 .text.lwip_recv_tcp_from
                0x08027c14       0x64 Build/sockets.o
 .text.lwip_recvfrom_udp_raw
                0x08027c78      0x190 Build/sockets.o
 .text.lwip_recvfrom
                0x08027e08      0x124 Build/sockets.o
                0x08027e08                lwip_recvfrom
 .text.lwip_recv
                0x08027f2c       0x2c Build/sockets.o
                0x08027f2c                lwip_recv
 .text.lwip_send
                0x08027f58       0xbc Build/sockets.o
                0x08027f58                lwip_send
 .text.lwip_sendto
                0x08028014      0x154 Build/sockets.o
                0x08028014                lwip_sendto
 .text.lwip_socket
                0x08028168       0xbc Build/sockets.o
                0x08028168                lwip_socket
 .text.lwip_write
                0x08028224       0x22 Build/sockets.o
                0x08028224                lwip_write
 .text.lwip_poll_should_wake
                0x08028246       0x86 Build/sockets.o
 .text.event_callback
                0x080282cc      0x168 Build/sockets.o
 .text.select_check_waiters
                0x08028434      0x140 Build/sockets.o
 .text.lwip_socket_drop_registered_memberships
                0x08028574       0xc0 Build/sockets.o
 .text.tcpip_timeouts_mbox_fetch
                0x08028634       0x6c Build/tcpip.o
 .text.tcpip_thread
                0x080286a0       0x5c Build/tcpip.o
 .text.tcpip_thread_handle_msg
                0x080286fc       0x80 Build/tcpip.o
 .text.tcpip_send_msg_wait_sem
                0x0802877c       0x2c Build/tcpip.o
                0x0802877c                tcpip_send_msg_wait_sem
 .text.tcpip_init
                0x080287a8       0x7c Build/tcpip.o
                0x080287a8                tcpip_init
 .text.dhcp_inc_pcb_refcount
                0x08028824       0x94 Build/dhcp.o
 .text.dhcp_dec_pcb_refcount
                0x080288b8       0x48 Build/dhcp.o
 .text.dhcp_handle_nak
                0x08028900       0x34 Build/dhcp.o
 .text.dhcp_check
                0x08028934       0x68 Build/dhcp.o
 .text.dhcp_handle_offer
                0x0802899c       0x4c Build/dhcp.o
 .text.dhcp_select
                0x080289e8      0x1e0 Build/dhcp.o
 .text.dhcp_coarse_tmr
                0x08028bc8       0xa8 Build/dhcp.o
                0x08028bc8                dhcp_coarse_tmr
 .text.dhcp_fine_tmr
                0x08028c70       0x64 Build/dhcp.o
                0x08028c70                dhcp_fine_tmr
 .text.dhcp_timeout
                0x08028cd4       0x92 Build/dhcp.o
 .text.dhcp_t1_timeout
                0x08028d66       0x5c Build/dhcp.o
 .text.dhcp_t2_timeout
                0x08028dc2       0x64 Build/dhcp.o
 *fill*         0x08028e26        0x2 
 .text.dhcp_handle_ack
                0x08028e28      0x100 Build/dhcp.o
 .text.dhcp_start
                0x08028f28       0xe4 Build/dhcp.o
                0x08028f28                dhcp_start
 .text.dhcp_network_changed
                0x0802900c       0x68 Build/dhcp.o
                0x0802900c                dhcp_network_changed
 .text.dhcp_arp_reply
                0x08029074       0x48 Build/dhcp.o
                0x08029074                dhcp_arp_reply
 .text.dhcp_decline
                0x080290bc       0xec Build/dhcp.o
 .text.dhcp_discover
                0x080291a8      0x144 Build/dhcp.o
 .text.dhcp_bind
                0x080292ec      0x19c Build/dhcp.o
 .text.dhcp_renew
                0x08029488      0x138 Build/dhcp.o
                0x08029488                dhcp_renew
 .text.dhcp_rebind
                0x080295c0      0x138 Build/dhcp.o
 .text.dhcp_reboot
                0x080296f8      0x16c Build/dhcp.o
 .text.dhcp_release_and_stop
                0x08029864      0x134 Build/dhcp.o
                0x08029864                dhcp_release_and_stop
 .text.dhcp_set_state
                0x08029998       0x34 Build/dhcp.o
 .text.dhcp_option
                0x080299cc       0x58 Build/dhcp.o
 .text.dhcp_option_byte
                0x08029a24       0x3c Build/dhcp.o
 .text.dhcp_option_short
                0x08029a60       0x54 Build/dhcp.o
 .text.dhcp_option_long
                0x08029ab4       0x78 Build/dhcp.o
 .text.dhcp_parse_reply
                0x08029b2c      0x59c Build/dhcp.o
 .text.dhcp_recv
                0x0802a0c8      0x194 Build/dhcp.o
 .text.dhcp_create_msg
                0x0802a25c      0x18c Build/dhcp.o
 .text.dhcp_option_trailer
                0x0802a3e8       0x5c Build/dhcp.o
 .text.dhcp_supplied_address
                0x0802a444       0x4c Build/dhcp.o
                0x0802a444                dhcp_supplied_address
 .text.etharp_free_entry
                0x0802a490       0xc0 Build/etharp.o
 .text.etharp_tmr
                0x0802a550      0x150 Build/etharp.o
                0x0802a550                etharp_tmr
 .text.etharp_find_entry
                0x0802a6a0      0x2c0 Build/etharp.o
 .text.etharp_update_arp_entry
                0x0802a960      0x13c Build/etharp.o
 .text.etharp_input
                0x0802aa9c      0x10c Build/etharp.o
                0x0802aa9c                etharp_input
 .text.etharp_output_to_arp_index
                0x0802aba8      0x124 Build/etharp.o
 .text.etharp_output
                0x0802accc      0x1e4 Build/etharp.o
                0x0802accc                etharp_output
 .text.etharp_query
                0x0802aeb0      0x254 Build/etharp.o
                0x0802aeb0                etharp_query
 .text.etharp_raw
                0x0802b104       0xf8 Build/etharp.o
 .text.etharp_request_dst
                0x0802b1fc       0x44 Build/etharp.o
 .text.etharp_request
                0x0802b240       0x24 Build/etharp.o
                0x0802b240                etharp_request
 .text.icmp_input
                0x0802b264      0x214 Build/icmp.o
                0x0802b264                icmp_input
 .text.icmp_dest_unreach
                0x0802b478       0x20 Build/icmp.o
                0x0802b478                icmp_dest_unreach
 .text.icmp_time_exceeded
                0x0802b498       0x20 Build/icmp.o
                0x0802b498                icmp_time_exceeded
 .text.icmp_send_response
                0x0802b4b8       0xc4 Build/icmp.o
 .text.igmp_init
                0x0802b57c       0x2c Build/igmp.o
                0x0802b57c                igmp_init
 .text.igmp_start
                0x0802b5a8       0x54 Build/igmp.o
                0x0802b5a8                igmp_start
 .text.igmp_report_groups
                0x0802b5fc       0x3a Build/igmp.o
                0x0802b5fc                igmp_report_groups
 .text.igmp_lookfor_group
                0x0802b636       0x3c Build/igmp.o
                0x0802b636                igmp_lookfor_group
 *fill*         0x0802b672        0x2 
 .text.igmp_lookup_group
                0x0802b674       0xb8 Build/igmp.o
 .text.igmp_remove_group
                0x0802b72c       0x50 Build/igmp.o
 .text.igmp_input
                0x0802b77c      0x13c Build/igmp.o
                0x0802b77c                igmp_input
 .text.igmp_joingroup
                0x0802b8b8       0xb4 Build/igmp.o
                0x0802b8b8                igmp_joingroup
 .text.igmp_joingroup_netif
                0x0802b96c       0xcc Build/igmp.o
                0x0802b96c                igmp_joingroup_netif
 .text.igmp_leavegroup
                0x0802ba38       0xb0 Build/igmp.o
                0x0802ba38                igmp_leavegroup
 .text.igmp_leavegroup_netif
                0x0802bae8       0xd0 Build/igmp.o
                0x0802bae8                igmp_leavegroup_netif
 .text.igmp_tmr
                0x0802bbb8       0x60 Build/igmp.o
                0x0802bbb8                igmp_tmr
 .text.igmp_timeout
                0x0802bc18       0x3c Build/igmp.o
 .text.igmp_start_timer
                0x0802bc54       0x44 Build/igmp.o
 .text.igmp_delaying_member
                0x0802bc98       0x48 Build/igmp.o
 .text.igmp_ip_output_if
                0x0802bce0       0x44 Build/igmp.o
 .text.igmp_send
                0x0802bd24       0xd8 Build/igmp.o
 .text.ip4_route
                0x0802bdfc       0xfc Build/ip4.o
                0x0802bdfc                ip4_route
 .text.ip4_input_accept
                0x0802bef8       0x54 Build/ip4.o
 .text.ip4_input
                0x0802bf4c      0x2f4 Build/ip4.o
                0x0802bf4c                ip4_input
 .text.ip4_output_if
                0x0802c240       0x3a Build/ip4.o
                0x0802c240                ip4_output_if
 .text.ip4_output_if_opt
                0x0802c27a       0x5c Build/ip4.o
                0x0802c27a                ip4_output_if_opt
 .text.ip4_output_if_src
                0x0802c2d6       0x3a Build/ip4.o
                0x0802c2d6                ip4_output_if_src
 .text.ip4_output_if_opt_src
                0x0802c310      0x1b4 Build/ip4.o
                0x0802c310                ip4_output_if_opt_src
 .text.ip4_addr_isbroadcast_u32
                0x0802c4c4       0x82 Build/ip4_addr.o
                0x0802c4c4                ip4_addr_isbroadcast_u32
 .text.ipaddr_addr
                0x0802c546       0x2a Build/ip4_addr.o
                0x0802c546                ipaddr_addr
 .text.ip4addr_aton
                0x0802c570      0x248 Build/ip4_addr.o
                0x0802c570                ip4addr_aton
 .text.ip_reass_tmr
                0x0802c7b8       0x58 Build/ip4_frag.o
                0x0802c7b8                ip_reass_tmr
 .text.ip_reass_free_complete_datagram
                0x0802c810      0x120 Build/ip4_frag.o
 .text.ip_reass_remove_oldest_datagram
                0x0802c930       0xc4 Build/ip4_frag.o
 .text.ip_reass_enqueue_new_datagram
                0x0802c9f4       0x74 Build/ip4_frag.o
 .text.ip_reass_dequeue_datagram
                0x0802ca68       0x4c Build/ip4_frag.o
 .text.ip_reass_chain_frag_into_datagram_and_validate
                0x0802cab4      0x2a4 Build/ip4_frag.o
 .text.ip4_reass
                0x0802cd58      0x30c Build/ip4_frag.o
                0x0802cd58                ip4_reass
 .text.ip_frag_alloc_pbuf_custom_ref
                0x0802d064       0x10 Build/ip4_frag.o
 .text.ip_frag_free_pbuf_custom_ref
                0x0802d074       0x28 Build/ip4_frag.o
 .text.ipfrag_free_pbuf_custom
                0x0802d09c       0x50 Build/ip4_frag.o
 .text.ip4_frag
                0x0802d0ec      0x26c Build/ip4_frag.o
                0x0802d0ec                ip4_frag
 .text.lwip_htons
                0x0802d358       0x2a Build/def.o
                0x0802d358                lwip_htons
 .text.lwip_htonl
                0x0802d382       0x32 Build/def.o
                0x0802d382                lwip_htonl
 .text.lwip_strnicmp
                0x0802d3b4       0x76 Build/def.o
                0x0802d3b4                lwip_strnicmp
 *fill*         0x0802d42a        0x2 
 .text.dns_init
                0x0802d42c       0x28 Build/dns.o
                0x0802d42c                dns_init
 .text.dns_setserver
                0x0802d454       0x48 Build/dns.o
                0x0802d454                dns_setserver
 .text.dns_tmr  0x0802d49c        0xc Build/dns.o
                0x0802d49c                dns_tmr
 .text.dns_lookup
                0x0802d4a8       0x84 Build/dns.o
 .text.dns_compare_name
                0x0802d52c      0x11c Build/dns.o
 .text.dns_skip_name
                0x0802d648       0x9a Build/dns.o
 *fill*         0x0802d6e2        0x2 
 .text.dns_send
                0x0802d6e4      0x1d0 Build/dns.o
 .text.dns_alloc_random_port
                0x0802d8b4       0x78 Build/dns.o
 .text.dns_alloc_pcb
                0x0802d92c       0xa4 Build/dns.o
 .text.dns_call_found
                0x0802d9d0      0x180 Build/dns.o
 .text.dns_create_txid
                0x0802db50       0x60 Build/dns.o
 .text.dns_backupserver_available
                0x0802dbb0       0x40 Build/dns.o
 .text.dns_check_entry
                0x0802dbf0      0x134 Build/dns.o
 .text.dns_check_entries
                0x0802dd24       0x2a Build/dns.o
 *fill*         0x0802dd4e        0x2 
 .text.dns_correct_response
                0x0802dd50       0x6c Build/dns.o
 .text.dns_recv
                0x0802ddbc      0x2a0 Build/dns.o
 .text.dns_enqueue
                0x0802e05c      0x26c Build/dns.o
 .text.dns_gethostbyname
                0x0802e2c8       0x28 Build/dns.o
                0x0802e2c8                dns_gethostbyname
 .text.dns_gethostbyname_addrtype
                0x0802e2f0       0x88 Build/dns.o
                0x0802e2f0                dns_gethostbyname_addrtype
 .text.lwip_standard_chksum
                0x0802e378       0xba Build/inet_chksum.o
                0x0802e378                lwip_standard_chksum
 .text.inet_chksum
                0x0802e432       0x24 Build/inet_chksum.o
                0x0802e432                inet_chksum
 .text.inet_chksum_pbuf
                0x0802e456       0x9a Build/inet_chksum.o
                0x0802e456                inet_chksum_pbuf
 .text.lwip_init
                0x0802e4f0       0x36 Build/init.o
                0x0802e4f0                lwip_init
 *fill*         0x0802e526        0x2 
 .text.ptr_to_mem
                0x0802e528       0x24 Build/mem.o
 .text.mem_to_ptr
                0x0802e54c       0x24 Build/mem.o
 .text.plug_holes
                0x0802e570      0x11c Build/mem.o
 .text.mem_init
                0x0802e68c       0x94 Build/mem.o
                0x0802e68c                mem_init
 .text.mem_link_valid
                0x0802e720       0x78 Build/mem.o
 .text.mem_free
                0x0802e798       0xf8 Build/mem.o
                0x0802e798                mem_free
 .text.mem_trim
                0x0802e890      0x1ec Build/mem.o
                0x0802e890                mem_trim
 .text.mem_malloc
                0x0802ea7c      0x1dc Build/mem.o
                0x0802ea7c                mem_malloc
 .text.memp_init_pool
                0x0802ec58       0x60 Build/memp.o
                0x0802ec58                memp_init_pool
 .text.memp_init
                0x0802ecb8       0x34 Build/memp.o
                0x0802ecb8                memp_init
 .text.do_memp_malloc_pool
                0x0802ecec       0x54 Build/memp.o
 .text.memp_malloc
                0x0802ed40       0x3c Build/memp.o
                0x0802ed40                memp_malloc
 .text.do_memp_free_pool
                0x0802ed7c       0x48 Build/memp.o
 .text.memp_free
                0x0802edc4       0x44 Build/memp.o
                0x0802edc4                memp_free
 .text.netif_init
                0x0802ee08        0xe Build/netif.o
                0x0802ee08                netif_init
 *fill*         0x0802ee16        0x2 
 .text.netif_add
                0x0802ee18      0x198 Build/netif.o
                0x0802ee18                netif_add
 .text.netif_do_ip_addr_changed
                0x0802efb0       0x22 Build/netif.o
 *fill*         0x0802efd2        0x2 
 .text.netif_do_set_ipaddr
                0x0802efd4       0x7c Build/netif.o
 .text.netif_do_set_netmask
                0x0802f050       0x3e Build/netif.o
 .text.netif_do_set_gw
                0x0802f08e       0x3e Build/netif.o
 .text.netif_set_addr
                0x0802f0cc       0x94 Build/netif.o
                0x0802f0cc                netif_set_addr
 .text.netif_set_default
                0x0802f160       0x20 Build/netif.o
                0x0802f160                netif_set_default
 .text.netif_set_up
                0x0802f180       0x48 Build/netif.o
                0x0802f180                netif_set_up
 .text.netif_issue_reports
                0x0802f1c8       0x84 Build/netif.o
 .text.netif_set_link_up
                0x0802f24c       0x50 Build/netif.o
                0x0802f24c                netif_set_link_up
 .text.netif_null_output_ip4
                0x0802f29c       0x1c Build/netif.o
 .text.netif_get_by_index
                0x0802f2b8       0x4c Build/netif.o
                0x0802f2b8                netif_get_by_index
 .text.pbuf_init_alloced_pbuf
                0x0802f304       0x54 Build/pbuf.o
 .text.pbuf_alloc
                0x0802f358      0x1c4 Build/pbuf.o
                0x0802f358                pbuf_alloc
 .text.pbuf_alloc_reference
                0x0802f51c       0x58 Build/pbuf.o
                0x0802f51c                pbuf_alloc_reference
 .text.pbuf_alloced_custom
                0x0802f574       0x68 Build/pbuf.o
                0x0802f574                pbuf_alloced_custom
 .text.pbuf_realloc
                0x0802f5dc       0xf0 Build/pbuf.o
                0x0802f5dc                pbuf_realloc
 .text.pbuf_add_header_impl
                0x0802f6cc       0xc0 Build/pbuf.o
 .text.pbuf_add_header
                0x0802f78c       0x1e Build/pbuf.o
                0x0802f78c                pbuf_add_header
 *fill*         0x0802f7aa        0x2 
 .text.pbuf_remove_header
                0x0802f7ac       0x8c Build/pbuf.o
                0x0802f7ac                pbuf_remove_header
 .text.pbuf_header_impl
                0x0802f838       0x42 Build/pbuf.o
 .text.pbuf_header_force
                0x0802f87a       0x24 Build/pbuf.o
                0x0802f87a                pbuf_header_force
 .text.pbuf_free_header
                0x0802f89e       0x66 Build/pbuf.o
                0x0802f89e                pbuf_free_header
 .text.pbuf_free
                0x0802f904       0xf4 Build/pbuf.o
                0x0802f904                pbuf_free
 .text.pbuf_clen
                0x0802f9f8       0x2e Build/pbuf.o
                0x0802f9f8                pbuf_clen
 *fill*         0x0802fa26        0x2 
 .text.pbuf_ref
                0x0802fa28       0x40 Build/pbuf.o
                0x0802fa28                pbuf_ref
 .text.pbuf_cat
                0x0802fa68       0x8c Build/pbuf.o
                0x0802fa68                pbuf_cat
 .text.pbuf_chain
                0x0802faf4       0x20 Build/pbuf.o
                0x0802faf4                pbuf_chain
 .text.pbuf_copy
                0x0802fb14      0x16c Build/pbuf.o
                0x0802fb14                pbuf_copy
 .text.pbuf_copy_partial
                0x0802fc80       0xcc Build/pbuf.o
                0x0802fc80                pbuf_copy_partial
 .text.pbuf_skip_const
                0x0802fd4c       0x52 Build/pbuf.o
 .text.pbuf_skip
                0x0802fd9e       0x26 Build/pbuf.o
                0x0802fd9e                pbuf_skip
 .text.pbuf_take
                0x0802fdc4       0xf4 Build/pbuf.o
                0x0802fdc4                pbuf_take
 .text.pbuf_take_at
                0x0802feb8       0xc4 Build/pbuf.o
                0x0802feb8                pbuf_take_at
 .text.pbuf_clone
                0x0802ff7c       0x54 Build/pbuf.o
                0x0802ff7c                pbuf_clone
 .text.pbuf_get_at
                0x0802ffd0       0x2e Build/pbuf.o
                0x0802ffd0                pbuf_get_at
 .text.pbuf_try_get_at
                0x0802fffe       0x44 Build/pbuf.o
                0x0802fffe                pbuf_try_get_at
 .text.pbuf_put_at
                0x08030042       0x44 Build/pbuf.o
                0x08030042                pbuf_put_at
 .text.pbuf_memcmp
                0x08030086       0xaa Build/pbuf.o
                0x08030086                pbuf_memcmp
 .text.pbuf_memfind
                0x08030130       0x6a Build/pbuf.o
                0x08030130                pbuf_memfind
 *fill*         0x0803019a        0x2 
 .text.tcp_init
                0x0803019c       0x24 Build/tcp.o
                0x0803019c                tcp_init
 .text.tcp_free
                0x080301c0       0x2c Build/tcp.o
                0x080301c0                tcp_free
 .text.tcp_free_listen
                0x080301ec       0x2c Build/tcp.o
 .text.tcp_tmr  0x08030218       0x2c Build/tcp.o
                0x08030218                tcp_tmr
 .text.tcp_remove_listener
                0x08030244       0x48 Build/tcp.o
 .text.tcp_listen_closed
                0x0803028c       0x5c Build/tcp.o
 .text.tcp_close_shutdown
                0x080302e8      0x1ac Build/tcp.o
 .text.tcp_close_shutdown_fin
                0x08030494       0xc4 Build/tcp.o
 .text.tcp_close
                0x08030558       0x48 Build/tcp.o
                0x08030558                tcp_close
 .text.tcp_shutdown
                0x080305a0       0xa8 Build/tcp.o
                0x080305a0                tcp_shutdown
 .text.tcp_abandon
                0x08030648      0x150 Build/tcp.o
                0x08030648                tcp_abandon
 .text.tcp_abort
                0x08030798       0x18 Build/tcp.o
                0x08030798                tcp_abort
 .text.tcp_update_rcv_ann_wnd
                0x080307b0       0x9c Build/tcp.o
                0x080307b0                tcp_update_rcv_ann_wnd
 .text.tcp_recved
                0x0803084c       0x88 Build/tcp.o
                0x0803084c                tcp_recved
 .text.tcp_new_port
                0x080308d4       0x8c Build/tcp.o
 .text.tcp_connect
                0x08030960      0x210 Build/tcp.o
                0x08030960                tcp_connect
 .text.tcp_slowtmr
                0x08030b70      0x5ec Build/tcp.o
                0x08030b70                tcp_slowtmr
 .text.tcp_fasttmr
                0x0803115c       0xc8 Build/tcp.o
                0x0803115c                tcp_fasttmr
 .text.tcp_process_refused_data
                0x08031224       0xe8 Build/tcp.o
                0x08031224                tcp_process_refused_data
 .text.tcp_segs_free
                0x0803130c       0x2a Build/tcp.o
                0x0803130c                tcp_segs_free
 .text.tcp_seg_free
                0x08031336       0x30 Build/tcp.o
                0x08031336                tcp_seg_free
 *fill*         0x08031366        0x2 
 .text.tcp_recv_null
                0x08031368       0x5c Build/tcp.o
                0x08031368                tcp_recv_null
 .text.tcp_kill_prio
                0x080313c4       0x9c Build/tcp.o
 .text.tcp_kill_state
                0x08031460       0x84 Build/tcp.o
 .text.tcp_kill_timewait
                0x080314e4       0x60 Build/tcp.o
 .text.tcp_handle_closepend
                0x08031544       0x4c Build/tcp.o
 .text.tcp_alloc
                0x08031590      0x108 Build/tcp.o
                0x08031590                tcp_alloc
 .text.tcp_new_ip_type
                0x08031698       0x1c Build/tcp.o
                0x08031698                tcp_new_ip_type
 .text.tcp_arg  0x080316b4       0x22 Build/tcp.o
                0x080316b4                tcp_arg
 *fill*         0x080316d6        0x2 
 .text.tcp_recv
                0x080316d8       0x34 Build/tcp.o
                0x080316d8                tcp_recv
 .text.tcp_sent
                0x0803170c       0x30 Build/tcp.o
                0x0803170c                tcp_sent
 .text.tcp_err  0x0803173c       0x34 Build/tcp.o
                0x0803173c                tcp_err
 .text.tcp_accept
                0x08031770       0x2e Build/tcp.o
                0x08031770                tcp_accept
 *fill*         0x0803179e        0x2 
 .text.tcp_poll
                0x080317a0       0x48 Build/tcp.o
                0x080317a0                tcp_poll
 .text.tcp_pcb_purge
                0x080317e8       0x84 Build/tcp.o
                0x080317e8                tcp_pcb_purge
 .text.tcp_pcb_remove
                0x0803186c       0xe4 Build/tcp.o
                0x0803186c                tcp_pcb_remove
 .text.tcp_next_iss
                0x08031950       0x3c Build/tcp.o
                0x08031950                tcp_next_iss
 .text.tcp_eff_send_mss_netif
                0x0803198c       0x64 Build/tcp.o
                0x0803198c                tcp_eff_send_mss_netif
 .text.tcp_netif_ip_addr_changed_pcblist
                0x080319f0       0x54 Build/tcp.o
 .text.tcp_netif_ip_addr_changed
                0x08031a44       0x7c Build/tcp.o
                0x08031a44                tcp_netif_ip_addr_changed
 .text.tcp_input
                0x08031ac0      0x7a4 Build/tcp_in.o
                0x08031ac0                tcp_input
 .text.tcp_input_delayed_close
                0x08032264       0x70 Build/tcp_in.o
 .text.tcp_listen_input
                0x080322d4      0x1ec Build/tcp_in.o
 .text.tcp_timewait_input
                0x080324c0       0xe4 Build/tcp_in.o
 .text.tcp_process
                0x080325a4      0x7a8 Build/tcp_in.o
 .text.tcp_free_acked_segments
                0x08032d4c       0xe0 Build/tcp_in.o
 .text.tcp_receive
                0x08032e2c      0x87c Build/tcp_in.o
 .text.tcp_get_next_optbyte
                0x080336a8       0x6c Build/tcp_in.o
 .text.tcp_parseopt
                0x08033714       0xdc Build/tcp_in.o
 .text.tcp_trigger_input_pcb_close
                0x080337f0       0x20 Build/tcp_in.o
                0x080337f0                tcp_trigger_input_pcb_close
 .text.tcp_route
                0x08033810       0x38 Build/tcp_out.o
 .text.tcp_create_segment
                0x08033848      0x128 Build/tcp_out.o
 .text.tcp_pbuf_prealloc
                0x08033970       0xd8 Build/tcp_out.o
 .text.tcp_write_checks
                0x08033a48       0xd4 Build/tcp_out.o
 .text.tcp_write
                0x08033b1c      0x6e4 Build/tcp_out.o
                0x08033b1c                tcp_write
 .text.tcp_split_unsent_seg
                0x08034200      0x268 Build/tcp_out.o
                0x08034200                tcp_split_unsent_seg
 .text.tcp_send_fin
                0x08034468       0x90 Build/tcp_out.o
                0x08034468                tcp_send_fin
 .text.tcp_enqueue_flags
                0x080344f8      0x1a4 Build/tcp_out.o
                0x080344f8                tcp_enqueue_flags
 .text.tcp_output
                0x0803469c      0x3cc Build/tcp_out.o
                0x0803469c                tcp_output
 .text.tcp_output_segment_busy
                0x08034a68       0x30 Build/tcp_out.o
 .text.tcp_output_segment
                0x08034a98      0x194 Build/tcp_out.o
 .text.tcp_rexmit_rto_prepare
                0x08034c2c       0xe4 Build/tcp_out.o
                0x08034c2c                tcp_rexmit_rto_prepare
 .text.tcp_rexmit_rto_commit
                0x08034d10       0x40 Build/tcp_out.o
                0x08034d10                tcp_rexmit_rto_commit
 .text.tcp_rexmit_rto
                0x08034d50       0x34 Build/tcp_out.o
                0x08034d50                tcp_rexmit_rto
 .text.tcp_rexmit
                0x08034d84       0xc8 Build/tcp_out.o
                0x08034d84                tcp_rexmit
 .text.tcp_rexmit_fast
                0x08034e4c       0xb4 Build/tcp_out.o
                0x08034e4c                tcp_rexmit_fast
 .text.tcp_output_alloc_header_common
                0x08034f00       0xd4 Build/tcp_out.o
 .text.tcp_output_alloc_header
                0x08034fd4       0x6c Build/tcp_out.o
 .text.tcp_output_fill_options
                0x08035040       0x68 Build/tcp_out.o
 .text.tcp_output_control_segment
                0x080350a8       0x84 Build/tcp_out.o
 .text.tcp_rst  0x0803512c       0x8c Build/tcp_out.o
                0x0803512c                tcp_rst
 .text.tcp_send_empty_ack
                0x080351b8       0xb4 Build/tcp_out.o
                0x080351b8                tcp_send_empty_ack
 .text.tcp_keepalive
                0x0803526c       0x70 Build/tcp_out.o
                0x0803526c                tcp_keepalive
 .text.tcp_zero_window_probe
                0x080352dc      0x144 Build/tcp_out.o
                0x080352dc                tcp_zero_window_probe
 .text.tcpip_tcp_timer
                0x08035420       0x48 Build/timeouts.o
 .text.tcp_timer_needed
                0x08035468       0x40 Build/timeouts.o
                0x08035468                tcp_timer_needed
 .text.sys_timeout_abs
                0x080354a8       0xd0 Build/timeouts.o
 .text.lwip_cyclic_timer
                0x08035578       0x64 Build/timeouts.o
 .text.sys_timeouts_init
                0x080355dc       0x44 Build/timeouts.o
                0x080355dc                sys_timeouts_init
 .text.sys_timeout
                0x08035620       0x3c Build/timeouts.o
                0x08035620                sys_timeout
 .text.sys_untimeout
                0x0803565c       0x74 Build/timeouts.o
                0x0803565c                sys_untimeout
 .text.sys_check_timeouts
                0x080356d0       0x74 Build/timeouts.o
                0x080356d0                sys_check_timeouts
 .text.sys_timeouts_sleeptime
                0x08035744       0x60 Build/timeouts.o
                0x08035744                sys_timeouts_sleeptime
 .text.udp_init
                0x080357a4       0x24 Build/udp.o
                0x080357a4                udp_init
 .text.udp_new_port
                0x080357c8       0x70 Build/udp.o
 .text.udp_input_local_match
                0x08035838       0xb4 Build/udp.o
 .text.udp_input
                0x080358ec      0x20c Build/udp.o
                0x080358ec                udp_input
 .text.udp_send
                0x08035af8       0x50 Build/udp.o
                0x08035af8                udp_send
 .text.udp_sendto
                0x08035b48       0xe8 Build/udp.o
                0x08035b48                udp_sendto
 .text.udp_sendto_if
                0x08035c30       0xc0 Build/udp.o
                0x08035c30                udp_sendto_if
 .text.udp_sendto_if_src
                0x08035cf0      0x1cc Build/udp.o
                0x08035cf0                udp_sendto_if_src
 .text.udp_bind
                0x08035ebc      0x100 Build/udp.o
                0x08035ebc                udp_bind
 .text.udp_connect
                0x08035fbc       0xc4 Build/udp.o
                0x08035fbc                udp_connect
 .text.udp_disconnect
                0x08036080       0x40 Build/udp.o
                0x08036080                udp_disconnect
 .text.udp_recv
                0x080360c0       0x30 Build/udp.o
                0x080360c0                udp_recv
 .text.udp_remove
                0x080360f0       0x74 Build/udp.o
                0x080360f0                udp_remove
 .text.udp_new  0x08036164       0x34 Build/udp.o
                0x08036164                udp_new
 .text.udp_new_ip_type
                0x08036198       0x1a Build/udp.o
                0x08036198                udp_new_ip_type
 *fill*         0x080361b2        0x2 
 .text.udp_netif_ip_addr_changed
                0x080361b4       0x60 Build/udp.o
                0x080361b4                udp_netif_ip_addr_changed
 .text.ethernet_input
                0x08036214      0x11c Build/ethernet.o
                0x08036214                ethernet_input
 .text.ethernet_output
                0x08036330       0x80 Build/ethernet.o
                0x08036330                ethernet_output
 .text.sntp_process
                0x080363b0       0x3c Build/sntp.o
 .text.sntp_initialize_request
                0x080363ec       0x20 Build/sntp.o
 .text.sntp_retry
                0x0803640c       0x4c Build/sntp.o
 .text.sntp_recv
                0x08036458      0x104 Build/sntp.o
 .text.sntp_send_request
                0x0803655c       0x8c Build/sntp.o
 .text.sntp_dns_found
                0x080365e8       0x34 Build/sntp.o
 .text.sntp_request
                0x0803661c       0x90 Build/sntp.o
 .text.sntp_init
                0x080366ac       0xc4 Build/sntp.o
                0x080366ac                sntp_init
 .text.sntp_setoperatingmode
                0x08036770       0x44 Build/sntp.o
                0x08036770                sntp_setoperatingmode
 .text.sntp_setservername
                0x080367b4       0x34 Build/sntp.o
                0x080367b4                sntp_setservername
 .text.close_handle
                0x080367e8       0x58 Build/tftp_server.o
 .text.send_error
                0x08036840       0x8c Build/tftp_server.o
 .text.send_ack
                0x080368cc       0x64 Build/tftp_server.o
 .text.resend_data
                0x08036930       0x64 Build/tftp_server.o
 .text.send_data
                0x08036994       0xb4 Build/tftp_server.o
 .text.recv     0x08036a48      0x390 Build/tftp_server.o
 .text.tftp_tmr
                0x08036dd8       0x74 Build/tftp_server.o
 .text.tftp_init
                0x08036e4c       0x84 Build/tftp_server.o
                0x08036e4c                tftp_init
 .text.disk_status
                0x08036ed0       0x54 Build/diskio.o
                0x08036ed0                disk_status
 .text.disk_initialize
                0x08036f24       0x54 Build/diskio.o
                0x08036f24                disk_initialize
 .text.disk_read
                0x08036f78       0x4c Build/diskio.o
                0x08036f78                disk_read
 .text.disk_write
                0x08036fc4       0x5c Build/diskio.o
                0x08036fc4                disk_write
 .text.disk_ioctl
                0x08037020       0x84 Build/diskio.o
                0x08037020                disk_ioctl
 .text.get_fattime
                0x080370a4       0x50 Build/diskio.o
                0x080370a4                get_fattime
 .text.mem_cpy  0x080370f4       0x3e Build/ff.o
 .text.mem_set  0x08037132       0x36 Build/ff.o
 .text.mem_cmp  0x08037168       0x4e Build/ff.o
 .text.chk_chr  0x080371b6       0x36 Build/ff.o
 .text.lock_fs  0x080371ec       0x1c Build/ff.o
 .text.unlock_fs
                0x08037208       0x3c Build/ff.o
 .text.sync_window
                0x08037244       0x88 Build/ff.o
 .text.move_window
                0x080372cc       0x5a Build/ff.o
 .text.sync_fs  0x08037326      0x148 Build/ff.o
 .text.clust2sect
                0x0803746e       0x3e Build/ff.o
                0x0803746e                clust2sect
 .text.get_fat  0x080374ac      0x1cc Build/ff.o
                0x080374ac                get_fat
 .text.put_fat  0x08037678      0x264 Build/ff.o
                0x08037678                put_fat
 .text.remove_chain
                0x080378dc       0xa6 Build/ff.o
 .text.create_chain
                0x08037982      0x126 Build/ff.o
 .text.dir_sdi  0x08037aa8      0x12c Build/ff.o
 .text.dir_next
                0x08037bd4      0x1dc Build/ff.o
 .text.dir_alloc
                0x08037db0       0x8c Build/ff.o
 .text.ld_clust
                0x08037e3c       0x5e Build/ff.o
 .text.st_clust
                0x08037e9a       0x4e Build/ff.o
 .text.cmp_lfn  0x08037ee8       0xfc Build/ff.o
 .text.pick_lfn
                0x08037fe4       0xe8 Build/ff.o
 .text.fit_lfn  0x080380cc       0xec Build/ff.o
 .text.gen_numname
                0x080381b8      0x148 Build/ff.o
 .text.sum_sfn  0x08038300       0x42 Build/ff.o
 .text.dir_find
                0x08038342      0x168 Build/ff.o
 .text.dir_read
                0x080384aa      0x134 Build/ff.o
 *fill*         0x080385de        0x2 
 .text.dir_register
                0x080385e0      0x200 Build/ff.o
 .text.dir_remove
                0x080387e0       0xa6 Build/ff.o
 .text.get_fileinfo
                0x08038886      0x1ac Build/ff.o
 *fill*         0x08038a32        0x2 
 .text.create_name
                0x08038a34      0x47c Build/ff.o
 .text.follow_path
                0x08038eb0      0x106 Build/ff.o
 *fill*         0x08038fb6        0x2 
 .text.get_ldnumber
                0x08038fb8       0x90 Build/ff.o
 .text.check_fs
                0x08039048       0xd0 Build/ff.o
 .text.find_volume
                0x08039118      0x5c8 Build/ff.o
 .text.validate
                0x080396e0       0x6a Build/ff.o
 *fill*         0x0803974a        0x2 
 .text.f_mount  0x0803974c       0xc0 Build/ff.o
                0x0803974c                f_mount
 .text.f_open   0x0803980c      0x42c Build/ff.o
                0x0803980c                f_open
 .text.f_read   0x08039c38      0x33e Build/ff.o
                0x08039c38                f_read
 .text.f_write  0x08039f76      0x3a6 Build/ff.o
                0x08039f76                f_write
 .text.f_sync   0x0803a31c      0x16a Build/ff.o
                0x0803a31c                f_sync
 .text.f_close  0x0803a486       0x46 Build/ff.o
                0x0803a486                f_close
 .text.f_opendir
                0x0803a4cc      0x16a Build/ff.o
                0x0803a4cc                f_opendir
 .text.f_closedir
                0x0803a636       0x36 Build/ff.o
                0x0803a636                f_closedir
 .text.f_readdir
                0x0803a66c      0x128 Build/ff.o
                0x0803a66c                f_readdir
 .text.f_getfree
                0x0803a794      0x194 Build/ff.o
                0x0803a794                f_getfree
 .text.f_unlink
                0x0803a928      0x1d2 Build/ff.o
                0x0803a928                f_unlink
 .text.f_mkdir  0x0803aafa      0x314 Build/ff.o
                0x0803aafa                f_mkdir
 *fill*         0x0803ae0e        0x2 
 .text.f_mkfs   0x0803ae10      0x9b4 Build/ff.o
                0x0803ae10                f_mkfs
 .text.ff_convert
                0x0803b7c4       0xbc Build/cc936.o
                0x0803b7c4                ff_convert
 .text.ff_wtoupper
                0x0803b880       0x9c Build/cc936.o
                0x0803b880                ff_wtoupper
 .text.ff_cre_syncobj
                0x0803b91c       0x32 Build/syscall.o
                0x0803b91c                ff_cre_syncobj
 .text.ff_del_syncobj
                0x0803b94e       0x1c Build/syscall.o
                0x0803b94e                ff_del_syncobj
 .text.ff_req_grant
                0x0803b96a       0x2e Build/syscall.o
                0x0803b96a                ff_req_grant
 .text.ff_rel_grant
                0x0803b998       0x1c Build/syscall.o
                0x0803b998                ff_rel_grant
 .text.shellInit
                0x0803b9b4       0xf4 Build/shell.o
                0x0803b9b4                shellInit
 .text.shellAdd
                0x0803baa8       0x4c Build/shell.o
 .text.shellGetCurrent
                0x0803baf4       0x64 Build/shell.o
                0x0803baf4                shellGetCurrent
 .text.shellWriteByte
                0x0803bb58       0x22 Build/shell.o
 .text.shellWriteString
                0x0803bb7a       0x4c Build/shell.o
                0x0803bb7a                shellWriteString
 *fill*         0x0803bbc6        0x2 
 .text.shellWriteCommandDesc
                0x0803bbc8       0x8c Build/shell.o
 .text.shellWritePrompt
                0x0803bc54       0x94 Build/shell.o
 .text.shellPrint
                0x0803bce8       0x8e Build/shell.o
                0x0803bce8                shellPrint
 .text.shellCheckPermission
                0x0803bd76       0x6c Build/shell.o
                0x0803bd76                shellCheckPermission
 .text.shellToHex
                0x0803bde2       0x66 Build/shell.o
                0x0803bde2                shellToHex
 .text.shellToDec
                0x0803be48       0xb0 Build/shell.o
                0x0803be48                shellToDec
 .text.shellStringCopy
                0x0803bef8       0x4a Build/shell.o
 .text.shellStringCompare
                0x0803bf42       0x5e Build/shell.o
 .text.shellGetCommandName
                0x0803bfa0       0x78 Build/shell.o
 .text.shellGetCommandDesc
                0x0803c018       0x54 Build/shell.o
 .text.shellListItem
                0x0803c06c      0x144 Build/shell.o
                0x0803c06c                shellListItem
 .text.shellListCommand
                0x0803c1b0       0x88 Build/shell.o
                0x0803c1b0                shellListCommand
 .text.shellListVar
                0x0803c238       0xa0 Build/shell.o
                0x0803c238                shellListVar
 .text.shellListUser
                0x0803c2d8       0xa0 Build/shell.o
                0x0803c2d8                shellListUser
 .text.shellListKey
                0x0803c378       0xa0 Build/shell.o
                0x0803c378                shellListKey
 .text.shellListAll
                0x0803c418       0x1c Build/shell.o
                0x0803c418                shellListAll
 .text.shellDeleteCommandLine
                0x0803c434       0x30 Build/shell.o
                0x0803c434                shellDeleteCommandLine
 .text.shellClearCommandLine
                0x0803c464       0x4a Build/shell.o
                0x0803c464                shellClearCommandLine
 *fill*         0x0803c4ae        0x2 
 .text.shellInsertByte
                0x0803c4b0      0x1a8 Build/shell.o
                0x0803c4b0                shellInsertByte
 .text.shellDeleteByte
                0x0803c658      0x186 Build/shell.o
                0x0803c658                shellDeleteByte
 *fill*         0x0803c7de        0x2 
 .text.shellSplit
                0x0803c7e0      0x1d8 Build/shell.o
                0x0803c7e0                shellSplit
 .text.shellParserParam
                0x0803c9b8       0x32 Build/shell.o
 .text.shellRemoveParamQuotes
                0x0803c9ea       0xaa Build/shell.o
 .text.shellSeekCommand
                0x0803ca94       0xb8 Build/shell.o
                0x0803ca94                shellSeekCommand
 .text.shellGetVarValue
                0x0803cb4c       0x94 Build/shell.o
                0x0803cb4c                shellGetVarValue
 .text.shellSetVarValue
                0x0803cbe0       0xf0 Build/shell.o
                0x0803cbe0                shellSetVarValue
 .text.shellShowVar
                0x0803ccd0       0xf0 Build/shell.o
 .text.shellSetVar
                0x0803cdc0       0x8c Build/shell.o
                0x0803cdc0                shellSetVar
 .text.shellRunCommand
                0x0803ce4c       0xf4 Build/shell.o
                0x0803ce4c                shellRunCommand
 .text.shellCheckPassword
                0x0803cf40       0x60 Build/shell.o
 .text.shellSetUser
                0x0803cfa0       0x84 Build/shell.o
                0x0803cfa0                shellSetUser
 .text.shellWriteReturnValue
                0x0803d024       0x16 Build/shell.o
 .text.shellHistoryAdd
                0x0803d03a       0xbc Build/shell.o
 *fill*         0x0803d0f6        0x2 
 .text.shellHistory
                0x0803d0f8      0x128 Build/shell.o
 .text.shellNormalInput
                0x0803d220       0x2c Build/shell.o
                0x0803d220                shellNormalInput
 .text.shellExec
                0x0803d24c       0xa8 Build/shell.o
                0x0803d24c                shellExec
 .text.shellUp  0x0803d2f4       0x18 Build/shell.o
                0x0803d2f4                shellUp
 .text.shellDown
                0x0803d30c       0x1a Build/shell.o
                0x0803d30c                shellDown
 .text.shellRight
                0x0803d326       0x38 Build/shell.o
                0x0803d326                shellRight
 .text.shellLeft
                0x0803d35e       0x2c Build/shell.o
                0x0803d35e                shellLeft
 *fill*         0x0803d38a        0x2 
 .text.shellTab
                0x0803d38c      0x210 Build/shell.o
                0x0803d38c                shellTab
 .text.shellBackspace
                0x0803d59c       0x18 Build/shell.o
                0x0803d59c                shellBackspace
 .text.shellDelete
                0x0803d5b4       0x1a Build/shell.o
                0x0803d5b4                shellDelete
 .text.shellEnter
                0x0803d5ce       0x1e Build/shell.o
                0x0803d5ce                shellEnter
 .text.shellWriteCommandHelp
                0x0803d5ec       0x7c Build/shell.o
 .text.shellHelp
                0x0803d668       0x42 Build/shell.o
                0x0803d668                shellHelp
 *fill*         0x0803d6aa        0x2 
 .text.shellHandler
                0x0803d6ac      0x19c Build/shell.o
                0x0803d6ac                shellHandler
 .text.shellTask
                0x0803d848       0x74 Build/shell.o
                0x0803d848                shellTask
 .text.shellUsers
                0x0803d8bc       0x20 Build/shell.o
                0x0803d8bc                shellUsers
 .text.shellCmds
                0x0803d8dc       0x20 Build/shell.o
                0x0803d8dc                shellCmds
 .text.shellVars
                0x0803d8fc       0x20 Build/shell.o
                0x0803d8fc                shellVars
 .text.shellKeys
                0x0803d91c       0x20 Build/shell.o
                0x0803d91c                shellKeys
 .text.shellClear
                0x0803d93c       0x2c Build/shell.o
                0x0803d93c                shellClear
 .text.shellExtNumType
                0x0803d968       0x94 Build/shell_ext.o
 .text.shellExtToNum
                0x0803d9fc       0x54 Build/shell_ext.o
 .text.shellExtParseChar
                0x0803da50       0xd0 Build/shell_ext.o
 .text.shellExtParseString
                0x0803db20       0x8c Build/shell_ext.o
 .text.shellExtParseNumber
                0x0803dbac      0x146 Build/shell_ext.o
 .text.shellExtParseVar
                0x0803dcf2       0x44 Build/shell_ext.o
 .text.shellExtParsePara
                0x0803dd36       0xb8 Build/shell_ext.o
                0x0803dd36                shellExtParsePara
 *fill*         0x0803ddee        0x2 
 .text.shellExtRun
                0x0803ddf0      0x448 Build/shell_ext.o
                0x0803ddf0                shellExtRun
 .text.userShellWrite
                0x0803e238       0x28 Build/shell_port.o
                0x0803e238                userShellWrite
 .text.userShellLock
                0x0803e260       0x24 Build/shell_port.o
                0x0803e260                userShellLock
 .text.userShellUnlock
                0x0803e284       0x20 Build/shell_port.o
                0x0803e284                userShellUnlock
 .text.userShellInit
                0x0803e2a4       0xf4 Build/shell_port.o
                0x0803e2a4                userShellInit
 .text.cm_backtrace_init
                0x0803e398       0xac Build/cm_backtrace.o
                0x0803e398                cm_backtrace_init
 .text.cm_backtrace_firmware_info
                0x0803e444       0x30 Build/cm_backtrace.o
                0x0803e444                cm_backtrace_firmware_info
 .text.get_cur_thread_stack_info
                0x0803e474       0x70 Build/cm_backtrace.o
 .text.get_cur_thread_name
                0x0803e4e4        0xe Build/cm_backtrace.o
 *fill*         0x0803e4f2        0x2 
 .text.dump_stack
                0x0803e4f4       0xec Build/cm_backtrace.o
 .text.disassembly_ins_is_bl_blx
                0x0803e5e0       0x50 Build/cm_backtrace.o
 .text.cm_backtrace_call_stack
                0x0803e630      0x1a0 Build/cm_backtrace.o
                0x0803e630                cm_backtrace_call_stack
 .text.print_call_stack
                0x0803e7d0       0xdc Build/cm_backtrace.o
 .text.cm_backtrace_assert
                0x0803e8ac       0xdc Build/cm_backtrace.o
                0x0803e8ac                cm_backtrace_assert
 .text.fault_diagnosis
                0x0803e988      0x3f0 Build/cm_backtrace.o
 .text.statck_del_fpu_regs
                0x0803ed78       0x40 Build/cm_backtrace.o
 .text.cm_backtrace_fault
                0x0803edb8      0x2f4 Build/cm_backtrace.o
                0x0803edb8                cm_backtrace_fault
 .text.elog_init
                0x0803f0ac       0x60 Build/elog.o
                0x0803f0ac                elog_init
 .text.elog_start
                0x0803f10c       0x54 Build/elog.o
                0x0803f10c                elog_start
 .text.elog_stop
                0x0803f160       0x58 Build/elog.o
                0x0803f160                elog_stop
 .text.elog_set_output_enabled
                0x0803f1b8       0x84 Build/elog.o
                0x0803f1b8                elog_set_output_enabled
 .text.elog_set_fmt
                0x0803f23c       0x80 Build/elog.o
                0x0803f23c                elog_set_fmt
 .text.elog_set_filter_lvl
                0x0803f2bc       0x78 Build/elog.o
                0x0803f2bc                elog_set_filter_lvl
 .text.elog_output_lock
                0x0803f334       0x2c Build/elog.o
                0x0803f334                elog_output_lock
 .text.elog_output_unlock
                0x0803f360       0x2c Build/elog.o
                0x0803f360                elog_output_unlock
 .text.elog_set_filter_tag_lvl_default
                0x0803f38c       0x68 Build/elog.o
 .text.elog_set_filter_tag_lvl
                0x0803f3f4      0x1f4 Build/elog.o
                0x0803f3f4                elog_set_filter_tag_lvl
 .text.elog_get_filter_tag_lvl
                0x0803f5e8       0xf0 Build/elog.o
                0x0803f5e8                elog_get_filter_tag_lvl
 .text.elog_output
                0x0803f6d8      0x50c Build/elog.o
                0x0803f6d8                elog_output
 .text.get_fmt_enabled
                0x0803fbe4       0x8c Build/elog.o
 .text.get_fmt_used_and_enabled_u32
                0x0803fc70       0x38 Build/elog.o
 .text.get_fmt_used_and_enabled_ptr
                0x0803fca8       0x38 Build/elog.o
 .text.elog_output_lock_enabled
                0x0803fce0       0x68 Build/elog.o
                0x0803fce0                elog_output_lock_enabled
 .text.elog_strcpy
                0x0803fd48       0xdc Build/elog_utils.o
                0x0803fd48                elog_strcpy
 .text.elog_port_init
                0x0803fe24       0x18 Build/elog_port.o
                0x0803fe24                elog_port_init
 .text.elog_port_output
                0x0803fe3c       0x20 Build/elog_port.o
                0x0803fe3c                elog_port_output
 .text.elog_port_output_lock
                0x0803fe5c        0xe Build/elog_port.o
                0x0803fe5c                elog_port_output_lock
 .text.elog_port_output_unlock
                0x0803fe6a        0xe Build/elog_port.o
                0x0803fe6a                elog_port_output_unlock
 .text.elog_port_get_time
                0x0803fe78       0x14 Build/elog_port.o
                0x0803fe78                elog_port_get_time
 .text.elog_port_get_p_info
                0x0803fe8c       0x14 Build/elog_port.o
                0x0803fe8c                elog_port_get_p_info
 .text.elog_port_get_t_info
                0x0803fea0       0x14 Build/elog_port.o
                0x0803fea0                elog_port_get_t_info
 .text.sfud_device_init
                0x0803feb4       0x68 Build/sfud.o
                0x0803feb4                sfud_device_init
 .text.sfud_init
                0x0803ff1c       0x88 Build/sfud.o
                0x0803ff1c                sfud_init
 .text.sfud_get_device
                0x0803ffa4       0x30 Build/sfud.o
                0x0803ffa4                sfud_get_device
 .text.sfud_get_device_num
                0x0803ffd4       0x10 Build/sfud.o
                0x0803ffd4                sfud_get_device_num
 .text.hardware_init
                0x0803ffe4      0x34c Build/sfud.o
 .text.software_init
                0x08040330       0x40 Build/sfud.o
 .text.sfud_read
                0x08040370      0x124 Build/sfud.o
                0x08040370                sfud_read
 .text.sfud_chip_erase
                0x08040494      0x118 Build/sfud.o
                0x08040494                sfud_chip_erase
 .text.sfud_erase
                0x080405ac      0x230 Build/sfud.o
                0x080405ac                sfud_erase
 .text.page256_or_1_byte_write
                0x080407dc      0x1e8 Build/sfud.o
 .text.aai_write
                0x080409c4      0x1fc Build/sfud.o
 .text.sfud_write
                0x08040bc0       0x5c Build/sfud.o
                0x08040bc0                sfud_write
 .text.reset    0x08040c1c       0xd0 Build/sfud.o
 .text.read_jedec_id
                0x08040cec       0xb0 Build/sfud.o
 .text.set_write_enabled
                0x08040d9c       0xd0 Build/sfud.o
 .text.set_4_byte_address_mode
                0x08040e6c       0xd4 Build/sfud.o
 .text.sfud_read_status
                0x08040f40       0x78 Build/sfud.o
                0x08040f40                sfud_read_status
 .text.wait_busy
                0x08040fb8       0xa8 Build/sfud.o
 .text.make_address_byte_array
                0x08041060       0xa0 Build/sfud.o
 .text.sfud_write_status
                0x08041100       0xb4 Build/sfud.o
                0x08041100                sfud_write_status
 .text.sfud_user_init
                0x080411b4       0x40 Build/sfud.o
                0x080411b4                sfud_user_init
 .text.sfud_read_sfdp
                0x080411f4       0x78 Build/sfud_sfdp.o
                0x080411f4                sfud_read_sfdp
 .text.read_sfdp_header
                0x0804126c       0xec Build/sfud_sfdp.o
 .text.read_basic_header
                0x08041358      0x128 Build/sfud_sfdp.o
 .text.read_basic_table
                0x08041480      0x4fc Build/sfud_sfdp.o
 .text.read_sfdp_data
                0x0804197c       0xd8 Build/sfud_sfdp.o
 .text.sfud_sfdp_get_suitable_eraser
                0x08041a54       0xc0 Build/sfud_sfdp.o
                0x08041a54                sfud_sfdp_get_suitable_eraser
 .text.rcc_configuration
                0x08041b14       0x30 Build/sfud_port.o
 .text.gpio_configuration
                0x08041b44       0x80 Build/sfud_port.o
 .text.spi_configuration
                0x08041bc4       0x6a Build/sfud_port.o
 *fill*         0x08041c2e        0x2 
 .text.spi_lock
                0x08041c30       0x24 Build/sfud_port.o
 .text.spi_unlock
                0x08041c54       0x24 Build/sfud_port.o
 .text.spi_write_read
                0x08041c78      0x18c Build/sfud_port.o
 .text.retry_delay_100us
                0x08041e04       0x24 Build/sfud_port.o
 .text.sfud_spi_port_init
                0x08041e28       0xac Build/sfud_port.o
                0x08041e28                sfud_spi_port_init
 .text.sfud_log_debug
                0x08041ed4       0x7c Build/sfud_port.o
                0x08041ed4                sfud_log_debug
 .text.sfud_log_info
                0x08041f50       0x74 Build/sfud_port.o
                0x08041f50                sfud_log_info
 .text.fal_init
                0x08041fc4       0x94 Build/fal.o
                0x08041fc4                fal_init
 .text.fal_flash_init
                0x08042058      0x10c Build/fal_flash.o
                0x08042058                fal_flash_init
 .text.fal_flash_device_find
                0x08042164       0x88 Build/fal_flash.o
                0x08042164                fal_flash_device_find
 .text.fal_show_part_table
                0x080421ec      0x16c Build/fal_partition.o
                0x080421ec                fal_show_part_table
 .text.check_and_update_part_cache
                0x08042358       0xe0 Build/fal_partition.o
 .text.fal_partition_init
                0x08042438       0x5c Build/fal_partition.o
                0x08042438                fal_partition_init
 .text.fal_partition_find
                0x08042494       0x7c Build/fal_partition.o
                0x08042494                fal_partition_find
 .text.flash_device_find_by_part
                0x08042510       0x78 Build/fal_partition.o
 .text.fal_partition_read
                0x08042588      0x108 Build/fal_partition.o
                0x08042588                fal_partition_read
 .text.fal_partition_write
                0x08042690      0x108 Build/fal_partition.o
                0x08042690                fal_partition_write
 .text.fal_partition_erase
                0x08042798       0xf0 Build/fal_partition.o
                0x08042798                fal_partition_erase
 .text.fal_partition_erase_all
                0x08042888       0x20 Build/fal_partition.o
                0x08042888                fal_partition_erase_all
 .text.init     0x080428a8       0x48 Build/fal_flash_sfud_port.o
 .text.read     0x080428f0       0x74 Build/fal_flash_sfud_port.o
 .text.write    0x08042964       0x80 Build/fal_flash_sfud_port.o
 .text.erase    0x080429e4       0x80 Build/fal_flash_sfud_port.o
 .text.stm32_get_sector
                0x08042a64      0x13c Build/fal_flash_stm32f4_port.o
 .text.stm32_get_sector_size
                0x08042ba0      0x278 Build/fal_flash_stm32f4_port.o
 .text.init     0x08042e18       0x10 Build/fal_flash_stm32f4_port.o
 .text.read     0x08042e28       0x4c Build/fal_flash_stm32f4_port.o
 .text.write    0x08042e74       0x72 Build/fal_flash_stm32f4_port.o
 .text.erase    0x08042ee6       0x6e Build/fal_flash_stm32f4_port.o
 .text.NVIC_SystemReset
                0x08042f54       0x30 Build/main.o
 .text.soft_reset
                0x08042f84       0x1e Build/main.o
                0x08042f84                soft_reset
 *fill*         0x08042fa2        0x2 
 .text.main     0x08042fa4       0x50 Build/main.o
                0x08042fa4                main
 .text.AppTaskCreate
                0x08042ff4       0x84 Build/main.o
 .text.BSP_Init
                0x08043078       0xe4 Build/main.o
 .text.APP_Init
                0x0804315c       0x44 Build/main.o
 .text.rtos_heap_size_test
                0x080431a0       0x28 Build/main.o
                0x080431a0                rtos_heap_size_test
 .text.rtos_list_test
                0x080431c8       0x50 Build/main.o
                0x080431c8                rtos_list_test
 .text.rtos_assert_test
                0x08043218       0x24 Build/main.o
                0x08043218                rtos_assert_test
 .text.log_test
                0x0804323c      0x140 Build/main.o
                0x0804323c                log_test
 .text.fal_test
                0x0804337c       0xb8 Build/main.o
 .text.fal_sample
                0x08043434       0xb0 Build/main.o
                0x08043434                fal_sample
 .text.fal_erase_download
                0x080434e4       0x80 Build/main.o
                0x080434e4                fal_erase_download
 .text.reboot   0x08043564        0xc Build/main.o
                0x08043564                reboot
 .text.NMI_Handler
                0x08043570        0xe Build/stm32f4xx_it.o
                0x08043570                NMI_Handler
 .text.MemManage_Handler
                0x0804357e        0x6 Build/stm32f4xx_it.o
                0x0804357e                MemManage_Handler
 .text.BusFault_Handler
                0x08043584        0x6 Build/stm32f4xx_it.o
                0x08043584                BusFault_Handler
 .text.UsageFault_Handler
                0x0804358a        0x6 Build/stm32f4xx_it.o
                0x0804358a                UsageFault_Handler
 .text.DebugMon_Handler
                0x08043590        0xe Build/stm32f4xx_it.o
                0x08043590                DebugMon_Handler
 *fill*         0x0804359e        0x2 
 .text.USART1_IRQHandler
                0x080435a0       0x64 Build/stm32f4xx_it.o
                0x080435a0                USART1_IRQHandler
 .text.SysTick_Handler
                0x08043604       0x16 Build/stm32f4xx_it.o
                0x08043604                SysTick_Handler
 *fill*         0x0804361a        0x2 
 .text.ETH_IRQHandler
                0x0804361c       0x60 Build/stm32f4xx_it.o
                0x0804361c                ETH_IRQHandler
 .text.Usart3_NVIC_Configuration
                0x0804367c       0x26 Build/bsp_usart3.o
 *fill*         0x080436a2        0x2 
 .text.Usart3_Config
                0x080436a4       0xac Build/bsp_usart3.o
                0x080436a4                Usart3_Config
 .text.USART3_SendData
                0x08043750       0x24 Build/bsp_usart3.o
                0x08043750                USART3_SendData